Archive member included to satisfy reference by file (symbol)

d:/programfiles/st/stm32cubeide_1.4.0/stm32cubeide/plugins/com.st.stm32cube.ide.mcu.externaltools.gnu-tools-for-stm32.10.3-2021.10.win32_1.0.0.202111181127/tools/bin/../lib/gcc/arm-none-eabi/10.3.1/../../../../arm-none-eabi/lib/thumb/v7-m/nofp\libc_nano.a(lib_a-atoi.o)
                              ./Core/JSON/Src/input_JSON.o (atoi)
d:/programfiles/st/stm32cubeide_1.4.0/stm32cubeide/plugins/com.st.stm32cube.ide.mcu.externaltools.gnu-tools-for-stm32.10.3-2021.10.win32_1.0.0.202111181127/tools/bin/../lib/gcc/arm-none-eabi/10.3.1/../../../../arm-none-eabi/lib/thumb/v7-m/nofp\libc_nano.a(lib_a-ctype_.o)
                              ./Core/JSON/Src/cJSON.o (_ctype_)
d:/programfiles/st/stm32cubeide_1.4.0/stm32cubeide/plugins/com.st.stm32cube.ide.mcu.externaltools.gnu-tools-for-stm32.10.3-2021.10.win32_1.0.0.202111181127/tools/bin/../lib/gcc/arm-none-eabi/10.3.1/../../../../arm-none-eabi/lib/thumb/v7-m/nofp\libc_nano.a(lib_a-errno.o)
                              ./Core/Src/syscalls.o (__errno)
d:/programfiles/st/stm32cubeide_1.4.0/stm32cubeide/plugins/com.st.stm32cube.ide.mcu.externaltools.gnu-tools-for-stm32.10.3-2021.10.win32_1.0.0.202111181127/tools/bin/../lib/gcc/arm-none-eabi/10.3.1/../../../../arm-none-eabi/lib/thumb/v7-m/nofp\libc_nano.a(lib_a-exit.o)
                              d:/programfiles/st/stm32cubeide_1.4.0/stm32cubeide/plugins/com.st.stm32cube.ide.mcu.externaltools.gnu-tools-for-stm32.10.3-2021.10.win32_1.0.0.202111181127/tools/bin/../lib/gcc/arm-none-eabi/10.3.1/../../../../arm-none-eabi/lib/thumb/v7-m/nofp/crt0.o (exit)
d:/programfiles/st/stm32cubeide_1.4.0/stm32cubeide/plugins/com.st.stm32cube.ide.mcu.externaltools.gnu-tools-for-stm32.10.3-2021.10.win32_1.0.0.202111181127/tools/bin/../lib/gcc/arm-none-eabi/10.3.1/../../../../arm-none-eabi/lib/thumb/v7-m/nofp\libc_nano.a(lib_a-impure.o)
                              d:/programfiles/st/stm32cubeide_1.4.0/stm32cubeide/plugins/com.st.stm32cube.ide.mcu.externaltools.gnu-tools-for-stm32.10.3-2021.10.win32_1.0.0.202111181127/tools/bin/../lib/gcc/arm-none-eabi/10.3.1/../../../../arm-none-eabi/lib/thumb/v7-m/nofp\libc_nano.a(lib_a-exit.o) (_global_impure_ptr)
d:/programfiles/st/stm32cubeide_1.4.0/stm32cubeide/plugins/com.st.stm32cube.ide.mcu.externaltools.gnu-tools-for-stm32.10.3-2021.10.win32_1.0.0.202111181127/tools/bin/../lib/gcc/arm-none-eabi/10.3.1/../../../../arm-none-eabi/lib/thumb/v7-m/nofp\libc_nano.a(lib_a-init.o)
                              d:/programfiles/st/stm32cubeide_1.4.0/stm32cubeide/plugins/com.st.stm32cube.ide.mcu.externaltools.gnu-tools-for-stm32.10.3-2021.10.win32_1.0.0.202111181127/tools/bin/../lib/gcc/arm-none-eabi/10.3.1/../../../../arm-none-eabi/lib/thumb/v7-m/nofp/crt0.o (__libc_init_array)
d:/programfiles/st/stm32cubeide_1.4.0/stm32cubeide/plugins/com.st.stm32cube.ide.mcu.externaltools.gnu-tools-for-stm32.10.3-2021.10.win32_1.0.0.202111181127/tools/bin/../lib/gcc/arm-none-eabi/10.3.1/../../../../arm-none-eabi/lib/thumb/v7-m/nofp\libc_nano.a(lib_a-malloc.o)
                              ./Core/JSON/Src/cJSON.o (malloc)
d:/programfiles/st/stm32cubeide_1.4.0/stm32cubeide/plugins/com.st.stm32cube.ide.mcu.externaltools.gnu-tools-for-stm32.10.3-2021.10.win32_1.0.0.202111181127/tools/bin/../lib/gcc/arm-none-eabi/10.3.1/../../../../arm-none-eabi/lib/thumb/v7-m/nofp\libc_nano.a(lib_a-memcpy-stub.o)
                              ./Core/JSON/Src/cJSON.o (memcpy)
d:/programfiles/st/stm32cubeide_1.4.0/stm32cubeide/plugins/com.st.stm32cube.ide.mcu.externaltools.gnu-tools-for-stm32.10.3-2021.10.win32_1.0.0.202111181127/tools/bin/../lib/gcc/arm-none-eabi/10.3.1/../../../../arm-none-eabi/lib/thumb/v7-m/nofp\libc_nano.a(lib_a-memset.o)
                              d:/programfiles/st/stm32cubeide_1.4.0/stm32cubeide/plugins/com.st.stm32cube.ide.mcu.externaltools.gnu-tools-for-stm32.10.3-2021.10.win32_1.0.0.202111181127/tools/bin/../lib/gcc/arm-none-eabi/10.3.1/../../../../arm-none-eabi/lib/thumb/v7-m/nofp/crt0.o (memset)
d:/programfiles/st/stm32cubeide_1.4.0/stm32cubeide/plugins/com.st.stm32cube.ide.mcu.externaltools.gnu-tools-for-stm32.10.3-2021.10.win32_1.0.0.202111181127/tools/bin/../lib/gcc/arm-none-eabi/10.3.1/../../../../arm-none-eabi/lib/thumb/v7-m/nofp\libc_nano.a(lib_a-nano-freer.o)
                              d:/programfiles/st/stm32cubeide_1.4.0/stm32cubeide/plugins/com.st.stm32cube.ide.mcu.externaltools.gnu-tools-for-stm32.10.3-2021.10.win32_1.0.0.202111181127/tools/bin/../lib/gcc/arm-none-eabi/10.3.1/../../../../arm-none-eabi/lib/thumb/v7-m/nofp\libc_nano.a(lib_a-malloc.o) (_free_r)
d:/programfiles/st/stm32cubeide_1.4.0/stm32cubeide/plugins/com.st.stm32cube.ide.mcu.externaltools.gnu-tools-for-stm32.10.3-2021.10.win32_1.0.0.202111181127/tools/bin/../lib/gcc/arm-none-eabi/10.3.1/../../../../arm-none-eabi/lib/thumb/v7-m/nofp\libc_nano.a(lib_a-nano-mallocr.o)
[...]
Memory Configuration

Name             Origin             Length             Attributes
RAM              0x0000000020000000 0x0000000000005000 xrw
FLASH            0x0000000008000000 0x0000000000020000 xr
*default*        0x0000000000000000 0xffffffffffffffff

Linker script and memory map

LOAD d:/programfiles/st/stm32cubeide_1.4.0/stm32cubeide/plugins/com.st.stm32cube.ide.mcu.externaltools.gnu-tools-for-stm32.10.3-2021.10.win32_1.0.0.202111181127/tools/bin/../lib/gcc/arm-none-eabi/10.3.1/thumb/v7-m/nofp/crti.o
LOAD d:/programfiles/st/stm32cubeide_1.4.0/stm32cubeide/plugins/com.st.stm32cube.ide.mcu.externaltools.gnu-tools-for-stm32.10.3-2021.10.win32_1.0.0.202111181127/tools/bin/../lib/gcc/arm-none-eabi/10.3.1/thumb/v7-m/nofp/crtbegin.o
LOAD d:/programfiles/st/stm32cubeide_1.4.0/stm32cubeide/plugins/com.st.stm32cube.ide.mcu.externaltools.gnu-tools-for-stm32.10.3-2021.10.win32_1.0.0.202111181127/tools/bin/../lib/gcc/arm-none-eabi/10.3.1/../../../../arm-none-eabi/lib/thumb/v7-m/nofp/crt0.o
LOAD ./Core/JSON/Src/cJSON.o
LOAD ./Core/JSON/Src/create_JSON.o
LOAD ./Core/JSON/Src/input_JSON.o
LOAD ./Core/Src/adc.o
LOAD ./Core/Src/com.o
LOAD ./Core/Src/dma.o
LOAD ./Core/Src/gpio.o
LOAD ./Core/Src/i2c.o
LOAD ./Core/Src/main.o
LOAD ./Core/Src/spi.o
LOAD ./Core/Src/stm32f1xx_hal_msp.o
LOAD ./Core/Src/stm32f1xx_it.o
LOAD ./Core/Src/syscalls.o
LOAD ./Core/Src/sysmem.o
LOAD ./Core/Src/system_stm32f1xx.o
LOAD ./Core/Src/tim.o
LOAD ./Core/Src/usart.o
LOAD ./Core/Src/usart_ring.o
LOAD ./Core/Startup/startup_stm32f103rbtx.o
LOAD ./Core/fatfs/Src/ccsbcs.o
LOAD ./Core/fatfs/Src/ff.o
LOAD ./Core/fatfs/Src/sd_cmd.o
LOAD ./Core/fatfs/Src/sd_main.o
LOAD ./Core/fatfs/Src/spi_sd.o
LOAD ./Core/led/Src/fonts.o
LOAD ./Core/led/Src/led.o
LOAD ./Core/led/Src/ssd1306.o
LOAD ./Core/periphery_io/Src/cmd.o
LOAD ./Core/periphery_io/Src/data_process.o
LOAD ./Drivers/STM32F1xx_HAL_Driver/Src/stm32f1xx_hal.o
LOAD ./Drivers/STM32F1xx_HAL_Driver/Src/stm32f1xx_hal_adc.o
LOAD ./Drivers/STM32F1xx_HAL_Driver/Src/stm32f1xx_hal_adc_ex.o
LOAD ./Drivers/STM32F1xx_HAL_Driver/Src/stm32f1xx_hal_cortex.o
LOAD ./Drivers/STM32F1xx_HAL_Driver/Src/stm32f1xx_hal_dma.o
LOAD ./Drivers/STM32F1xx_HAL_Driver/Src/stm32f1xx_hal_exti.o
LOAD ./Drivers/STM32F1xx_HAL_Driver/Src/stm32f1xx_hal_flash.o
LOAD ./Drivers/STM32F1xx_HAL_Driver/Src/stm32f1xx_hal_flash_ex.o
LOAD ./Drivers/STM32F1xx_HAL_Driver/Src/stm32f1xx_hal_gpio.o
LOAD ./Drivers/STM32F1xx_HAL_Driver/Src/stm32f1xx_hal_gpio_ex.o
LOAD ./Drivers/STM32F1xx_HAL_Driver/Src/stm32f1xx_hal_i2c.o
LOAD ./Drivers/STM32F1xx_HAL_Driver/Src/stm32f1xx_hal_pwr.o
LOAD ./Drivers/STM32F1xx_HAL_Driver/Src/stm32f1xx_hal_rcc.o
LOAD ./Drivers/STM32F1xx_HAL_Driver/Src/stm32f1xx_hal_rcc_ex.o
LOAD ./Drivers/STM32F1xx_HAL_Driver/Src/stm32f1xx_hal_spi.o
LOAD ./Drivers/STM32F1xx_HAL_Driver/Src/stm32f1xx_hal_tim.o
LOAD ./Drivers/STM32F1xx_HAL_Driver/Src/stm32f1xx_hal_tim_ex.o
LOAD ./Drivers/STM32F1xx_HAL_Driver/Src/stm32f1xx_hal_uart.o
START GROUP
LOAD d:/programfiles/st/stm32cubeide_1.4.0/stm32cubeide/plugins/com.st.stm32cube.ide.mcu.externaltools.gnu-tools-for-stm32.10.3-2021.10.win32_1.0.0.202111181127/tools/bin/../lib/gcc/arm-none-eabi/10.3.1/../../../../arm-none-eabi/lib/thumb/v7-m/nofp\libc_nano.a
LOAD d:/programfiles/st/stm32cubeide_1.4.0/stm32cubeide/plugins/com.st.stm32cube.ide.mcu.externaltools.gnu-tools-for-stm32.10.3-2021.10.win32_1.0.0.202111181127/tools/bin/../lib/gcc/arm-none-eabi/10.3.1/../../../../arm-none-eabi/lib/thumb/v7-m/nofp\libm.a
END GROUP
START GROUP
LOAD d:/programfiles/st/stm32cubeide_1.4.0/stm32cubeide/plugins/com.st.stm32cube.ide.mcu.externaltools.gnu-tools-for-stm32.10.3-2021.10.win32_1.0.0.202111181127/tools/bin/../lib/gcc/arm-none-eabi/10.3.1/thumb/v7-m/nofp\libgcc.a
LOAD d:/programfiles/st/stm32cubeide_1.4.0/stm32cubeide/plugins/com.st.stm32cube.ide.mcu.externaltools.gnu-tools-for-stm32.10.3-2021.10.win32_1.0.0.202111181127/tools/bin/../lib/gcc/arm-none-eabi/10.3.1/../../../../arm-none-eabi/lib/thumb/v7-m/nofp\libc_nano.a
END GROUP
START GROUP
LOAD d:/programfiles/st/stm32cubeide_1.4.0/stm32cubeide/plugins/com.st.stm32cube.ide.mcu.externaltools.gnu-tools-for-stm32.10.3-2021.10.win32_1.0.0.202111181127/tools/bin/../lib/gcc/arm-none-eabi/10.3.1/thumb/v7-m/nofp\libgcc.a
LOAD d:/programfiles/st/stm32cubeide_1.4.0/stm32cubeide/plugins/com.st.stm32cube.ide.mcu.externaltools.gnu-tools-for-stm32.10.3-2021.10.win32_1.0.0.202111181127/tools/bin/../lib/gcc/arm-none-eabi/10.3.1/../../../../arm-none-eabi/lib/thumb/v7-m/nofp\libc_nano.a
LOAD d:/programfiles/st/stm32cubeide_1.4.0/stm32cubeide/plugins/com.st.stm32cube.ide.mcu.externaltools.gnu-tools-for-stm32.10.3-2021.10.win32_1.0.0.202111181127/tools/bin/../lib/gcc/arm-none-eabi/10.3.1/../../../../arm-none-eabi/lib/thumb/v7-m/nofp\libnosys.a
END GROUP
START GROUP
LOAD d:/programfiles/st/stm32cubeide_1.4.0/stm32cubeide/plugins/com.st.stm32cube.ide.mcu.externaltools.gnu-tools-for-stm32.10.3-2021.10.win32_1.0.0.202111181127/tools/bin/../lib/gcc/arm-none-eabi/10.3.1/thumb/v7-m/nofp\libgcc.a
LOAD d:/programfiles/st/stm32cubeide_1.4.0/stm32cubeide/plugins/com.st.stm32cube.ide.mcu.externaltools.gnu-tools-for-stm32.10.3-2021.10.win32_1.0.0.202111181127/tools/bin/../lib/gcc/arm-none-eabi/10.3.1/../../../../arm-none-eabi/lib/thumb/v7-m/nofp\libc_nano.a
LOAD d:/programfiles/st/stm32cubeide_1.4.0/stm32cubeide/plugins/com.st.stm32cube.ide.mcu.externaltools.gnu-tools-for-stm32.10.3-2021.10.win32_1.0.0.202111181127/tools/bin/../lib/gcc/arm-none-eabi/10.3.1/../../../../arm-none-eabi/lib/thumb/v7-m/nofp\libnosys.a
END GROUP
LOAD d:/programfiles/st/stm32cubeide_1.4.0/stm32cubeide/plugins/com.st.stm32cube.ide.mcu.externaltools.gnu-tools-for-stm32.10.3-2021.10.win32_1.0.0.202111181127/tools/bin/../lib/gcc/arm-none-eabi/10.3.1/thumb/v7-m/nofp/crtend.o
LOAD d:/programfiles/st/stm32cubeide_1.4.0/stm32cubeide/plugins/com.st.stm32cube.ide.mcu.externaltools.gnu-tools-for-stm32.10.3-2021.10.win32_1.0.0.202111181127/tools/bin/../lib/gcc/arm-none-eabi/10.3.1/thumb/v7-m/nofp/crtn.o
                0x0000000020005000                _estack = (ORIGIN (RAM) + LENGTH (RAM))
                0x0000000000000200                _Min_Heap_Size = 0x200
                0x0000000000000400                _Min_Stack_Size = 0x400

.isr_vector     0x0000000008000000      0x10c
                0x0000000008000000                . = ALIGN (0x4)
 *(.isr_vector)
 .isr_vector    0x0000000008000000      0x10c ./Core/Startup/startup_stm32f103rbtx.o
                0x0000000008000000                g_pfnVectors
                0x000000000800010c                . = ALIGN (0x4)

.text           0x0000000008000110     0xf38c
                0x0000000008000110                . = ALIGN (0x4)
 *(.text)
 .text          0x0000000008000110       0x40 d:/programfiles/st/stm32cubeide_1.4.0/stm32cubeide/plugins/com.st.stm32cube.ide.mcu.externaltools.gnu-tools-for-stm32.10.3-2021.10.win32_1.0.0.202111181127/tools/bin/../lib/gcc/arm-none-eabi/10.3.1/thumb/v7-m/nofp/crtbegin.o
 .text          0x0000000008000150       0x14 d:/programfiles/st/stm32cubeide_1.4.0/stm32cubeide/plugins/com.st.stm32cube.ide.mcu.externaltools.gnu-tools-for-stm32.10.3-2021.10.win32_1.0.0.202111181127/tools/bin/../lib/gcc/arm-none-eabi/10.3.1/../../../../arm-none-eabi/lib/thumb/v7-m/nofp\libc_nano.a(lib_a-strcmp.o)
                0x0000000008000150                strcmp
 .text          0x0000000008000164       0x10 d:/programfiles/st/stm32cubeide_1.4.0/stm32cubeide/plugins/com.st.stm32cube.ide.mcu.externaltools.gnu-tools-for-stm32.10.3-2021.10.win32_1.0.0.202111181127/tools/bin/../lib/gcc/arm-none-eabi/10.3.1/../../../../arm-none-eabi/lib/thumb/v7-m/nofp\libc_nano.a(lib_a-strlen.o)
                0x0000000008000164                strlen
 .text          0x0000000008000174      0x378 d:/programfiles/st/stm32cubeide_1.4.0/stm32cubeide/plugins/com.st.stm32cube.ide.mcu.externaltools.gnu-tools-for-stm32.10.3-2021.10.win32_1.0.0.202111181127/tools/bin/../lib/gcc/arm-none-eabi/10.3.1/thumb/v7-m/nofp\libgcc.a(_arm_addsubdf3.o)
                0x0000000008000174                __aeabi_drsub
                0x000000000800017c                __aeabi_dsub
                0x000000000800017c                __subdf3
                0x0000000008000180                __aeabi_dadd
                0x0000000008000180                __adddf3
                0x00000000080003f8                __floatunsidf
                0x00000000080003f8                __aeabi_ui2d
                0x0000000008000418                __floatsidf
                0x0000000008000418                __aeabi_i2d
                0x000000000800043c                __aeabi_f2d
                0x000000000800043c                __extendsfdf2
                0x0000000008000480                __floatundidf
                0x0000000008000480                __aeabi_ul2d
                0x0000000008000490                __floatdidf
                0x0000000008000490                __aeabi_l2d
 .text          0x00000000080004ec      0x424 d:/programfiles/st/stm32cubeide_1.4.0/stm32cubeide/plugins/com.st.stm32cube.ide.mcu.externaltools.gnu-tools-for-stm32.10.3-2021.10.win32_1.0.0.202111181127/tools/bin/../lib/gcc/arm-none-eabi/10.3.1/thumb/v7-m/nofp\libgcc.a(_arm_muldivdf3.o)
                0x00000000080004ec                __aeabi_dmul
                0x00000000080004ec                __muldf3
                0x0000000008000740                __divdf3
                0x0000000008000740                __aeabi_ddiv
 .text          0x0000000008000910      0x110 d:/programfiles/st/stm32cubeide_1.4.0/stm32cubeide/plugins/com.st.stm32cube.ide.mcu.externaltools.gnu-tools-for-stm32.10.3-2021.10.win32_1.0.0.202111181127/tools/bin/../lib/gcc/arm-none-eabi/10.3.1/thumb/v7-m/nofp\libgcc.a(_arm_cmpdf2.o)
                0x0000000008000910                __gtdf2
                0x0000000008000910                __gedf2
                0x0000000008000918                __ltdf2
                0x0000000008000918                __ledf2
                0x0000000008000920                __nedf2
                0x0000000008000920                __eqdf2
                0x0000000008000920                __cmpdf2
                0x000000000800099c                __aeabi_cdrcmple
                0x00000000080009ac                __aeabi_cdcmpeq
                0x00000000080009ac                __aeabi_cdcmple
                0x00000000080009bc                __aeabi_dcmpeq
                0x00000000080009d0                __aeabi_dcmplt
                0x00000000080009e4                __aeabi_dcmple
                0x00000000080009f8                __aeabi_dcmpge
                0x0000000008000a0c                __aeabi_dcmpgt
 .text          0x0000000008000a20       0x2c d:/programfiles/st/stm32cubeide_1.4.0/stm32cubeide/plugins/com.st.stm32cube.ide.mcu.externaltools.gnu-tools-for-stm32.10.3-2021.10.win32_1.0.0.202111181127/tools/bin/../lib/gcc/arm-none-eabi/10.3.1/thumb/v7-m/nofp\libgcc.a(_arm_unorddf2.o)
                0x0000000008000a20                __unorddf2
                0x0000000008000a20                __aeabi_dcmpun
 .text          0x0000000008000a4c       0x50 d:/programfiles/st/stm32cubeide_1.4.0/stm32cubeide/plugins/com.st.stm32cube.ide.mcu.externaltools.gnu-tools-for-stm32.10.3-2021.10.win32_1.0.0.202111181127/tools/bin/../lib/gcc/arm-none-eabi/10.3.1/thumb/v7-m/nofp\libgcc.a(_arm_fixdfsi.o)
                0x0000000008000a4c                __aeabi_d2iz
                0x0000000008000a4c                __fixdfsi
 *(.text*)
 .text.cJSON_strcasecmp
                0x0000000008000a9c       0xdc ./Core/JSON/Src/cJSON.o
 .text.cJSON_New_Item
                0x0000000008000b78       0x30 ./Core/JSON/Src/cJSON.o
 .text.cJSON_Delete
                0x0000000008000ba8       0x90 ./Core/JSON/Src/cJSON.o
                0x0000000008000ba8                cJSON_Delete
 .text.parse_number
                0x0000000008000c38      0x21c ./Core/JSON/Src/cJSON.o
 .text.parse_hex4
                0x0000000008000e54      0x1cc ./Core/JSON/Src/cJSON.o
 .text.parse_string
                0x0000000008001020      0x300 ./Core/JSON/Src/cJSON.o
 .text.skip     0x0000000008001320       0x32 ./Core/JSON/Src/cJSON.o
 *fill*         0x0000000008001352        0x2 
 .text.cJSON_ParseWithOpts
                0x0000000008001354       0x88 ./Core/JSON/Src/cJSON.o
                0x0000000008001354                cJSON_ParseWithOpts
 .text.cJSON_Parse
                0x00000000080013dc       0x1c ./Core/JSON/Src/cJSON.o
                0x00000000080013dc                cJSON_Parse
 .text.parse_value
                0x00000000080013f8       0xf0 ./Core/JSON/Src/cJSON.o
 .text.parse_array
                0x00000000080014e8       0xec ./Core/JSON/Src/cJSON.o
 .text.parse_object
                0x00000000080015d4      0x17c ./Core/JSON/Src/cJSON.o
 .text.cJSON_GetObjectItem
                0x0000000008001750       0x3a ./Core/JSON/Src/cJSON.o
                0x0000000008001750                cJSON_GetObjectItem
 *fill*         0x000000000800178a        0x2 
 .text.json_input
                0x000000000800178c      0x300 ./Core/JSON/Src/input_JSON.o
                0x000000000800178c                json_input
 .text.MX_ADC1_Init
                0x0000000008001a8c       0xb4 ./Core/Src/adc.o
                0x0000000008001a8c                MX_ADC1_Init
 .text.HAL_ADC_MspInit
                0x0000000008001b40       0xd0 ./Core/Src/adc.o
                0x0000000008001b40                HAL_ADC_MspInit
 .text.clear_string
                0x0000000008001c10       0x7c ./Core/Src/com.o
                0x0000000008001c10                clear_string
 .text.USART_Tx
                0x0000000008001c8c       0x2c ./Core/Src/com.o
                0x0000000008001c8c                USART_Tx
 .text.SEND_str
                0x0000000008001cb8       0x38 ./Core/Src/com.o
                0x0000000008001cb8                SEND_str
 .text.DEBUG_main
                0x0000000008001cf0      0x144 ./Core/Src/com.o
                0x0000000008001cf0                DEBUG_main
 .text.MX_DMA_Init
                0x0000000008001e34       0x3c ./Core/Src/dma.o
                0x0000000008001e34                MX_DMA_Init
 .text.MX_GPIO_Init
                0x0000000008001e70      0x1a4 ./Core/Src/gpio.o
                0x0000000008001e70                MX_GPIO_Init
 .text.MX_I2C2_Init
                0x0000000008002014       0x5c ./Core/Src/i2c.o
                0x0000000008002014                MX_I2C2_Init
 .text.HAL_I2C_MspInit
                0x0000000008002070       0x80 ./Core/Src/i2c.o
                0x0000000008002070                HAL_I2C_MspInit
 .text.main     0x00000000080020f0      0x520 ./Core/Src/main.o
                0x00000000080020f0                main
 .text.SystemClock_Config
                0x0000000008002610       0xb6 ./Core/Src/main.o
                0x0000000008002610                SystemClock_Config
 *fill*         0x00000000080026c6        0x2 
 .text.HAL_GPIO_EXTI_Callback
                0x00000000080026c8      0x268 ./Core/Src/main.o
                0x00000000080026c8                HAL_GPIO_EXTI_Callback
 .text.HAL_ADC_ConvCpltCallback
                0x0000000008002930       0xc4 ./Core/Src/main.o
                0x0000000008002930                HAL_ADC_ConvCpltCallback
 .text.Error_Handler
                0x00000000080029f4        0xa ./Core/Src/main.o
                0x00000000080029f4                Error_Handler
 *fill*         0x00000000080029fe        0x2 
 .text.MX_SPI1_Init
                0x0000000008002a00       0x6c ./Core/Src/spi.o
                0x0000000008002a00                MX_SPI1_Init
 .text.HAL_SPI_MspInit
                0x0000000008002a6c       0x94 ./Core/Src/spi.o
                0x0000000008002a6c                HAL_SPI_MspInit
 .text.HAL_MspInit
                0x0000000008002b00       0x64 ./Core/Src/stm32f1xx_hal_msp.o
                0x0000000008002b00                HAL_MspInit
 .text.NMI_Handler
                0x0000000008002b64        0x6 ./Core/Src/stm32f1xx_it.o
                0x0000000008002b64                NMI_Handler
 .text.HardFault_Handler
                0x0000000008002b6a        0x6 ./Core/Src/stm32f1xx_it.o
                0x0000000008002b6a                HardFault_Handler
 .text.MemManage_Handler
                0x0000000008002b70        0x6 ./Core/Src/stm32f1xx_it.o
                0x0000000008002b70                MemManage_Handler
 .text.BusFault_Handler
                0x0000000008002b76        0x6 ./Core/Src/stm32f1xx_it.o
                0x0000000008002b76                BusFault_Handler
 .text.UsageFault_Handler
                0x0000000008002b7c        0x6 ./Core/Src/stm32f1xx_it.o
                0x0000000008002b7c                UsageFault_Handler
 .text.SVC_Handler
                0x0000000008002b82        0xc ./Core/Src/stm32f1xx_it.o
                0x0000000008002b82                SVC_Handler
 .text.DebugMon_Handler
                0x0000000008002b8e        0xc ./Core/Src/stm32f1xx_it.o
                0x0000000008002b8e                DebugMon_Handler
 .text.PendSV_Handler
                0x0000000008002b9a        0xc ./Core/Src/stm32f1xx_it.o
                0x0000000008002b9a                PendSV_Handler
 .text.SysTick_Handler
                0x0000000008002ba6        0xc ./Core/Src/stm32f1xx_it.o
                0x0000000008002ba6                SysTick_Handler
 .text.EXTI0_IRQHandler
                0x0000000008002bb2        0xe ./Core/Src/stm32f1xx_it.o
                0x0000000008002bb2                EXTI0_IRQHandler
 .text.EXTI1_IRQHandler
                0x0000000008002bc0        0xe ./Core/Src/stm32f1xx_it.o
                0x0000000008002bc0                EXTI1_IRQHandler
 .text.EXTI2_IRQHandler
                0x0000000008002bce        0xe ./Core/Src/stm32f1xx_it.o
                0x0000000008002bce                EXTI2_IRQHandler
 .text.DMA1_Channel1_IRQHandler
                0x0000000008002bdc       0x14 ./Core/Src/stm32f1xx_it.o
                0x0000000008002bdc                DMA1_Channel1_IRQHandler
 .text.USART1_IRQHandler
                0x0000000008002bf0       0x88 ./Core/Src/stm32f1xx_it.o
                0x0000000008002bf0                USART1_IRQHandler
 .text.EXTI15_10_IRQHandler
                0x0000000008002c78       0x30 ./Core/Src/stm32f1xx_it.o
                0x0000000008002c78                EXTI15_10_IRQHandler
 .text._getpid  0x0000000008002ca8        0xe ./Core/Src/syscalls.o
                0x0000000008002ca8                _getpid
 .text._kill    0x0000000008002cb6       0x20 ./Core/Src/syscalls.o
                0x0000000008002cb6                _kill
 .text._exit    0x0000000008002cd6       0x14 ./Core/Src/syscalls.o
                0x0000000008002cd6                _exit
 .text._read    0x0000000008002cea       0x3a ./Core/Src/syscalls.o
                0x0000000008002cea                _read
 .text._write   0x0000000008002d24       0x38 ./Core/Src/syscalls.o
                0x0000000008002d24                _write
 .text._close   0x0000000008002d5c       0x16 ./Core/Src/syscalls.o
                0x0000000008002d5c                _close
 .text._fstat   0x0000000008002d72       0x1e ./Core/Src/syscalls.o
                0x0000000008002d72                _fstat
 .text._isatty  0x0000000008002d90       0x14 ./Core/Src/syscalls.o
                0x0000000008002d90                _isatty
 .text._lseek   0x0000000008002da4       0x18 ./Core/Src/syscalls.o
                0x0000000008002da4                _lseek
 .text._sbrk    0x0000000008002dbc       0x6c ./Core/Src/sysmem.o
                0x0000000008002dbc                _sbrk
 .text.SystemInit
                0x0000000008002e28        0xc ./Core/Src/system_stm32f1xx.o
                0x0000000008002e28                SystemInit
 .text.MX_TIM1_Init
                0x0000000008002e34      0x13c ./Core/Src/tim.o
                0x0000000008002e34                MX_TIM1_Init
 .text.MX_TIM2_Init
                0x0000000008002f70      0x148 ./Core/Src/tim.o
                0x0000000008002f70                MX_TIM2_Init
 .text.MX_TIM3_Init
                0x00000000080030b8      0x134 ./Core/Src/tim.o
                0x00000000080030b8                MX_TIM3_Init
 .text.MX_TIM4_Init
                0x00000000080031ec      0x14c ./Core/Src/tim.o
                0x00000000080031ec                MX_TIM4_Init
 .text.HAL_TIM_Base_MspInit
                0x0000000008003338      0x19c ./Core/Src/tim.o
                0x0000000008003338                HAL_TIM_Base_MspInit
 .text.HAL_TIM_MspPostInit
                0x00000000080034d4      0x134 ./Core/Src/tim.o
                0x00000000080034d4                HAL_TIM_MspPostInit
 .text.MX_USART1_UART_Init
                0x0000000008003608       0x54 ./Core/Src/usart.o
                0x0000000008003608                MX_USART1_UART_Init
 .text.MX_USART3_UART_Init
                0x000000000800365c       0x54 ./Core/Src/usart.o
                0x000000000800365c                MX_USART3_UART_Init
 .text.HAL_UART_MspInit
                0x00000000080036b0      0x148 ./Core/Src/usart.o
                0x00000000080036b0                HAL_UART_MspInit
 .text.dbg_available
                0x00000000080037f8       0x44 ./Core/Src/usart_ring.o
                0x00000000080037f8                dbg_available
 .text.dbg_read
                0x000000000800383c       0x6c ./Core/Src/usart_ring.o
                0x000000000800383c                dbg_read
 .text.EN_Interrupt
                0x00000000080038a8       0x20 ./Core/Src/usart_ring.o
                0x00000000080038a8                EN_Interrupt
 .text.Reset_Handler
                0x00000000080038c8       0x48 ./Core/Startup/startup_stm32f103rbtx.o
                0x00000000080038c8                Reset_Handler
 .text.Default_Handler
                0x0000000008003910        0x2 ./Core/Startup/startup_stm32f103rbtx.o
                0x0000000008003910                RTC_Alarm_IRQHandler
                0x0000000008003910                TIM1_CC_IRQHandler
                0x0000000008003910                PVD_IRQHandler
                0x0000000008003910                EXTI3_IRQHandler
                0x0000000008003910                I2C2_EV_IRQHandler
                0x0000000008003910                ADC1_2_IRQHandler
                0x0000000008003910                SPI1_IRQHandler
                0x0000000008003910                TAMPER_IRQHandler
                0x0000000008003910                DMA1_Channel4_IRQHandler
                0x0000000008003910                USART3_IRQHandler
                0x0000000008003910                RTC_IRQHandler
                0x0000000008003910                DMA1_Channel7_IRQHandler
                0x0000000008003910                CAN1_RX1_IRQHandler
                0x0000000008003910                TIM4_IRQHandler
                0x0000000008003910                I2C1_EV_IRQHandler
                0x0000000008003910                DMA1_Channel6_IRQHandler
                0x0000000008003910                TIM3_IRQHandler
                0x0000000008003910                RCC_IRQHandler
                0x0000000008003910                TIM1_TRG_COM_IRQHandler
                0x0000000008003910                Default_Handler
                0x0000000008003910                EXTI9_5_IRQHandler
                0x0000000008003910                SPI2_IRQHandler
                0x0000000008003910                DMA1_Channel5_IRQHandler
                0x0000000008003910                EXTI4_IRQHandler
                0x0000000008003910                USB_LP_CAN1_RX0_IRQHandler
                0x0000000008003910                USB_HP_CAN1_TX_IRQHandler
                0x0000000008003910                DMA1_Channel3_IRQHandler
                0x0000000008003910                TIM1_UP_IRQHandler
                0x0000000008003910                WWDG_IRQHandler
                0x0000000008003910                TIM2_IRQHandler
                0x0000000008003910                TIM1_BRK_IRQHandler
                0x0000000008003910                USART2_IRQHandler
                0x0000000008003910                I2C2_ER_IRQHandler
                0x0000000008003910                DMA1_Channel2_IRQHandler
                0x0000000008003910                CAN1_SCE_IRQHandler
                0x0000000008003910                FLASH_IRQHandler
                0x0000000008003910                I2C1_ER_IRQHandler
                0x0000000008003910                USBWakeUp_IRQHandler
 *fill*         0x0000000008003912        0x2 
 .text.ff_convert
                0x0000000008003914       0x74 ./Core/fatfs/Src/ccsbcs.o
                0x0000000008003914                ff_convert
 .text.ff_wtoupper
                0x0000000008003988       0x5c ./Core/fatfs/Src/ccsbcs.o
                0x0000000008003988                ff_wtoupper
 .text.mem_cpy  0x00000000080039e4       0x5e ./Core/fatfs/Src/ff.o
 .text.mem_set  0x0000000008003a42       0x34 ./Core/fatfs/Src/ff.o
 .text.mem_cmp  0x0000000008003a76       0x4c ./Core/fatfs/Src/ff.o
 .text.chk_chr  0x0000000008003ac2       0x34 ./Core/fatfs/Src/ff.o
 .text.sync_window
                0x0000000008003af6       0x8c ./Core/fatfs/Src/ff.o
 .text.move_window
                0x0000000008003b82       0x50 ./Core/fatfs/Src/ff.o
 *fill*         0x0000000008003bd2        0x2 
 .text.sync_fs  0x0000000008003bd4       0xc0 ./Core/fatfs/Src/ff.o
 .text.clust2sect
                0x0000000008003c94       0x3c ./Core/fatfs/Src/ff.o
                0x0000000008003c94                clust2sect
 .text.get_fat  0x0000000008003cd0      0x132 ./Core/fatfs/Src/ff.o
                0x0000000008003cd0                get_fat
 .text.put_fat  0x0000000008003e02      0x1ac ./Core/fatfs/Src/ff.o
                0x0000000008003e02                put_fat
 .text.remove_chain
                0x0000000008003fae       0x9e ./Core/fatfs/Src/ff.o
 .text.create_chain
                0x000000000800404c      0x112 ./Core/fatfs/Src/ff.o
 .text.dir_sdi  0x000000000800415e      0x104 ./Core/fatfs/Src/ff.o
 .text.dir_next
                0x0000000008004262      0x1a4 ./Core/fatfs/Src/ff.o
 .text.dir_alloc
                0x0000000008004406       0x82 ./Core/fatfs/Src/ff.o
 .text.ld_clust
                0x0000000008004488       0x34 ./Core/fatfs/Src/ff.o
 .text.st_clust
                0x00000000080044bc       0x2a ./Core/fatfs/Src/ff.o
 *fill*         0x00000000080044e6        0x2 
 .text.cmp_lfn  0x00000000080044e8       0xc0 ./Core/fatfs/Src/ff.o
 .text.fit_lfn  0x00000000080045a8       0xc8 ./Core/fatfs/Src/ff.o
 .text.gen_numname
                0x0000000008004670       0xe4 ./Core/fatfs/Src/ff.o
                0x0000000008004670                gen_numname
 .text.sum_sfn  0x0000000008004754       0x40 ./Core/fatfs/Src/ff.o
 .text.dir_find
                0x0000000008004794      0x158 ./Core/fatfs/Src/ff.o
 .text.dir_register
                0x00000000080048ec      0x204 ./Core/fatfs/Src/ff.o
 .text.create_name
                0x0000000008004af0      0x3fc ./Core/fatfs/Src/ff.o
 .text.follow_path
                0x0000000008004eec      0x106 ./Core/fatfs/Src/ff.o
 *fill*         0x0000000008004ff2        0x2 
 .text.check_fs
                0x0000000008004ff4       0x70 ./Core/fatfs/Src/ff.o
 .text.chk_mounted
                0x0000000008005064      0x410 ./Core/fatfs/Src/ff.o
 .text.validate
                0x0000000008005474       0x5a ./Core/fatfs/Src/ff.o
 *fill*         0x00000000080054ce        0x2 
 .text.f_mount  0x00000000080054d0       0x54 ./Core/fatfs/Src/ff.o
                0x00000000080054d0                f_mount
 .text.f_open   0x0000000008005524      0x220 ./Core/fatfs/Src/ff.o
                0x0000000008005524                f_open
 .text.f_read   0x0000000008005744      0x2a0 ./Core/fatfs/Src/ff.o
                0x0000000008005744                f_read
 .text.f_write  0x00000000080059e4      0x302 ./Core/fatfs/Src/ff.o
                0x00000000080059e4                f_write
 .text.f_sync   0x0000000008005ce6       0xea ./Core/fatfs/Src/ff.o
                0x0000000008005ce6                f_sync
 .text.f_close  0x0000000008005dd0       0x28 ./Core/fatfs/Src/ff.o
                0x0000000008005dd0                f_close
 .text.my_init_card
                0x0000000008005df8        0xc ./Core/fatfs/Src/sd_cmd.o
                0x0000000008005df8                my_init_card
 .text.my_read_file
                0x0000000008005e04      0x13c ./Core/fatfs/Src/sd_cmd.o
                0x0000000008005e04                my_read_file
 .text.my_write_file_json
                0x0000000008005f40       0xb0 ./Core/fatfs/Src/sd_cmd.o
                0x0000000008005f40                my_write_file_json
 .text.Error    0x0000000008005ff0       0x18 ./Core/fatfs/Src/sd_main.o
 .text.SPIx_WriteRead
                0x0000000008006008       0x3c ./Core/fatfs/Src/sd_main.o
                0x0000000008006008                SPIx_WriteRead
 .text.SPI_SendByte
                0x0000000008006044       0x1a ./Core/fatfs/Src/sd_main.o
                0x0000000008006044                SPI_SendByte
 .text.SPI_ReceiveByte
                0x000000000800605e       0x1a ./Core/fatfs/Src/sd_main.o
                0x000000000800605e                SPI_ReceiveByte
 .text.SPI_Release
                0x0000000008006078        0xe ./Core/fatfs/Src/sd_main.o
                0x0000000008006078                SPI_Release
 *fill*         0x0000000008006086        0x2 
 .text.SD_cmd   0x0000000008006088       0xd4 ./Core/fatfs/Src/sd_main.o
 .text.sd_ini   0x000000000800615c      0x22c ./Core/fatfs/Src/sd_main.o
                0x000000000800615c                sd_ini
 .text.FCLK_SLOW
                0x0000000008006388       0x28 ./Core/fatfs/Src/spi_sd.o
 .text.FCLK_FAST
                0x00000000080063b0       0x2c ./Core/fatfs/Src/spi_sd.o
 .text.xmit_spi
                0x00000000080063dc       0x40 ./Core/fatfs/Src/spi_sd.o
 .text.rcvr_spi
                0x000000000800641c       0x10 ./Core/fatfs/Src/spi_sd.o
 .text.wait_ready
                0x000000000800642c       0x38 ./Core/fatfs/Src/spi_sd.o
 .text.deselect
                0x0000000008006464       0x1c ./Core/fatfs/Src/spi_sd.o
 .text.selecting
                0x0000000008006480       0x2c ./Core/fatfs/Src/spi_sd.o
 .text.power_status
                0x00000000080064ac       0x14 ./Core/fatfs/Src/spi_sd.o
 .text.power_on
                0x00000000080064c0       0x40 ./Core/fatfs/Src/spi_sd.o
 .text.power_off
                0x0000000008006500       0x18 ./Core/fatfs/Src/spi_sd.o
 .text.rcvr_datablock
                0x0000000008006518       0x94 ./Core/fatfs/Src/spi_sd.o
 .text.xmit_datablock
                0x00000000080065ac       0x82 ./Core/fatfs/Src/spi_sd.o
 .text.send_cmd
                0x000000000800662e       0xd4 ./Core/fatfs/Src/spi_sd.o
 *fill*         0x0000000008006702        0x2 
 .text.disk_initialize
                0x0000000008006704      0x1c0 ./Core/fatfs/Src/spi_sd.o
                0x0000000008006704                disk_initialize
 .text.disk_status
                0x00000000080068c4       0x28 ./Core/fatfs/Src/spi_sd.o
                0x00000000080068c4                disk_status
 .text.disk_read
                0x00000000080068ec       0xd0 ./Core/fatfs/Src/spi_sd.o
                0x00000000080068ec                disk_read
 .text.disk_write
                0x00000000080069bc      0x100 ./Core/fatfs/Src/spi_sd.o
                0x00000000080069bc                disk_write
 .text.disk_ioctl
                0x0000000008006abc      0x41c ./Core/fatfs/Src/spi_sd.o
                0x0000000008006abc                disk_ioctl
 .text.get_fattime
                0x0000000008006ed8       0x14 ./Core/fatfs/Src/spi_sd.o
                0x0000000008006ed8                get_fattime
 .text.Display_info
                0x0000000008006eec       0xbc ./Core/led/Src/led.o
                0x0000000008006eec                Display_info
 .text.ssd1306_WriteCommand
                0x0000000008006fa8       0x2e ./Core/led/Src/ssd1306.o
 *fill*         0x0000000008006fd6        0x2 
 .text.ssd1306_Init
                0x0000000008006fd8      0x240 ./Core/led/Src/ssd1306.o
                0x0000000008006fd8                ssd1306_Init
 .text.ssd1306_Fill
                0x0000000008007218       0x44 ./Core/led/Src/ssd1306.o
                0x0000000008007218                ssd1306_Fill
 .text.ssd1306_UpdateScreen
                0x000000000800725c       0x64 ./Core/led/Src/ssd1306.o
                0x000000000800725c                ssd1306_UpdateScreen
 .text.ssd1306_DrawPixel
                0x00000000080072c0       0xc0 ./Core/led/Src/ssd1306.o
                0x00000000080072c0                ssd1306_DrawPixel
 .text.ssd1306_WriteChar
                0x0000000008007380      0x100 ./Core/led/Src/ssd1306.o
                0x0000000008007380                ssd1306_WriteChar
 .text.ssd1306_WriteString
                0x0000000008007480       0x4c ./Core/led/Src/ssd1306.o
                0x0000000008007480                ssd1306_WriteString
 .text.ssd1306_SetCursor
                0x00000000080074cc       0x30 ./Core/led/Src/ssd1306.o
                0x00000000080074cc                ssd1306_SetCursor
 *fill*         0x00000000080074fc        0x4 
 .text.Conversion_ADC1
                0x0000000008007500      0x114 ./Core/periphery_io/Src/data_process.o
                0x0000000008007500                Conversion_ADC1
 .text.Сurrent_Сomparison
                0x0000000008007614      0x108 ./Core/periphery_io/Src/data_process.o
                0x0000000008007614                Сurrent_Сomparison
 .text.HAL_Init
                0x000000000800771c       0x2c ./Drivers/STM32F1xx_HAL_Driver/Src/stm32f1xx_hal.o
                0x000000000800771c                HAL_Init
 .text.HAL_InitTick
                0x0000000008007748       0x60 ./Drivers/STM32F1xx_HAL_Driver/Src/stm32f1xx_hal.o
                0x0000000008007748                HAL_InitTick
 .text.HAL_IncTick
                0x00000000080077a8       0x24 ./Drivers/STM32F1xx_HAL_Driver/Src/stm32f1xx_hal.o
                0x00000000080077a8                HAL_IncTick
 .text.HAL_GetTick
                0x00000000080077cc       0x14 ./Drivers/STM32F1xx_HAL_Driver/Src/stm32f1xx_hal.o
                0x00000000080077cc                HAL_GetTick
 .text.HAL_Delay
                0x00000000080077e0       0x48 ./Drivers/STM32F1xx_HAL_Driver/Src/stm32f1xx_hal.o
                0x00000000080077e0                HAL_Delay
 .text.HAL_ADC_Init
                0x0000000008007828      0x1b0 ./Drivers/STM32F1xx_HAL_Driver/Src/stm32f1xx_hal_adc.o
                0x0000000008007828                HAL_ADC_Init
 .text.HAL_ADC_Start_DMA
                0x00000000080079d8      0x1bc ./Drivers/STM32F1xx_HAL_Driver/Src/stm32f1xx_hal_adc.o
                0x00000000080079d8                HAL_ADC_Start_DMA
 .text.HAL_ADC_ConvHalfCpltCallback
                0x0000000008007b94       0x12 ./Drivers/STM32F1xx_HAL_Driver/Src/stm32f1xx_hal_adc.o
                0x0000000008007b94                HAL_ADC_ConvHalfCpltCallback
 .text.HAL_ADC_ErrorCallback
                0x0000000008007ba6       0x12 ./Drivers/STM32F1xx_HAL_Driver/Src/stm32f1xx_hal_adc.o
                0x0000000008007ba6                HAL_ADC_ErrorCallback
 .text.HAL_ADC_ConfigChannel
                0x0000000008007bb8      0x1f0 ./Drivers/STM32F1xx_HAL_Driver/Src/stm32f1xx_hal_adc.o
                0x0000000008007bb8                HAL_ADC_ConfigChannel
 .text.ADC_Enable
                0x0000000008007da8       0xb4 ./Drivers/STM32F1xx_HAL_Driver/Src/stm32f1xx_hal_adc.o
                0x0000000008007da8                ADC_Enable
 .text.ADC_ConversionStop_Disable
                0x0000000008007e5c       0x82 ./Drivers/STM32F1xx_HAL_Driver/Src/stm32f1xx_hal_adc.o
                0x0000000008007e5c                ADC_ConversionStop_Disable
 .text.ADC_DMAConvCplt
                0x0000000008007ede       0x7c ./Drivers/STM32F1xx_HAL_Driver/Src/stm32f1xx_hal_adc.o
                0x0000000008007ede                ADC_DMAConvCplt
 .text.ADC_DMAHalfConvCplt
                0x0000000008007f5a       0x1c ./Drivers/STM32F1xx_HAL_Driver/Src/stm32f1xx_hal_adc.o
                0x0000000008007f5a                ADC_DMAHalfConvCplt
 .text.ADC_DMAError
                0x0000000008007f76       0x34 ./Drivers/STM32F1xx_HAL_Driver/Src/stm32f1xx_hal_adc.o
                0x0000000008007f76                ADC_DMAError
 *fill*         0x0000000008007faa        0x2 
 .text.__NVIC_SetPriorityGrouping
                0x0000000008007fac       0x48 ./Drivers/STM32F1xx_HAL_Driver/Src/stm32f1xx_hal_cortex.o
 .text.__NVIC_GetPriorityGrouping
                0x0000000008007ff4       0x1c ./Drivers/STM32F1xx_HAL_Driver/Src/stm32f1xx_hal_cortex.o
 .text.__NVIC_EnableIRQ
                0x0000000008008010       0x38 ./Drivers/STM32F1xx_HAL_Driver/Src/stm32f1xx_hal_cortex.o
 .text.__NVIC_SetPriority
                0x0000000008008048       0x54 ./Drivers/STM32F1xx_HAL_Driver/Src/stm32f1xx_hal_cortex.o
 .text.NVIC_EncodePriority
                0x000000000800809c       0x64 ./Drivers/STM32F1xx_HAL_Driver/Src/stm32f1xx_hal_cortex.o
 .text.__NVIC_SystemReset
                0x0000000008008100       0x2c ./Drivers/STM32F1xx_HAL_Driver/Src/stm32f1xx_hal_cortex.o
 .text.SysTick_Config
                0x000000000800812c       0x44 ./Drivers/STM32F1xx_HAL_Driver/Src/stm32f1xx_hal_cortex.o
 .text.HAL_NVIC_SetPriorityGrouping
                0x0000000008008170       0x16 ./Drivers/STM32F1xx_HAL_Driver/Src/stm32f1xx_hal_cortex.o
                0x0000000008008170                HAL_NVIC_SetPriorityGrouping
 .text.HAL_NVIC_SetPriority
                0x0000000008008186       0x38 ./Drivers/STM32F1xx_HAL_Driver/Src/stm32f1xx_hal_cortex.o
                0x0000000008008186                HAL_NVIC_SetPriority
 .text.HAL_NVIC_EnableIRQ
                0x00000000080081be       0x1c ./Drivers/STM32F1xx_HAL_Driver/Src/stm32f1xx_hal_cortex.o
                0x00000000080081be                HAL_NVIC_EnableIRQ
 .text.HAL_NVIC_SystemReset
                0x00000000080081da        0x8 ./Drivers/STM32F1xx_HAL_Driver/Src/stm32f1xx_hal_cortex.o
                0x00000000080081da                HAL_NVIC_SystemReset
 .text.HAL_SYSTICK_Config
                0x00000000080081e2       0x18 ./Drivers/STM32F1xx_HAL_Driver/Src/stm32f1xx_hal_cortex.o
                0x00000000080081e2                HAL_SYSTICK_Config
 *fill*         0x00000000080081fa        0x2 
 .text.HAL_DMA_Init
                0x00000000080081fc       0xb4 ./Drivers/STM32F1xx_HAL_Driver/Src/stm32f1xx_hal_dma.o
                0x00000000080081fc                HAL_DMA_Init
 .text.HAL_DMA_Start_IT
                0x00000000080082b0       0xbe ./Drivers/STM32F1xx_HAL_Driver/Src/stm32f1xx_hal_dma.o
                0x00000000080082b0                HAL_DMA_Start_IT
 *fill*         0x000000000800836e        0x2 
 .text.HAL_DMA_IRQHandler
                0x0000000008008370      0x20c ./Drivers/STM32F1xx_HAL_Driver/Src/stm32f1xx_hal_dma.o
                0x0000000008008370                HAL_DMA_IRQHandler
 .text.DMA_SetConfig
                0x000000000800857c       0x5a ./Drivers/STM32F1xx_HAL_Driver/Src/stm32f1xx_hal_dma.o
 *fill*         0x00000000080085d6        0x2 
 .text.HAL_GPIO_Init
                0x00000000080085d8      0x308 ./Drivers/STM32F1xx_HAL_Driver/Src/stm32f1xx_hal_gpio.o
                0x00000000080085d8                HAL_GPIO_Init
 .text.HAL_GPIO_ReadPin
                0x00000000080088e0       0x2e ./Drivers/STM32F1xx_HAL_Driver/Src/stm32f1xx_hal_gpio.o
                0x00000000080088e0                HAL_GPIO_ReadPin
 .text.HAL_GPIO_WritePin
                0x000000000800890e       0x30 ./Drivers/STM32F1xx_HAL_Driver/Src/stm32f1xx_hal_gpio.o
                0x000000000800890e                HAL_GPIO_WritePin
 *fill*         0x000000000800893e        0x2 
 .text.HAL_GPIO_EXTI_IRQHandler
                0x0000000008008940       0x30 ./Drivers/STM32F1xx_HAL_Driver/Src/stm32f1xx_hal_gpio.o
                0x0000000008008940                HAL_GPIO_EXTI_IRQHandler
 .text.HAL_I2C_Init
                0x0000000008008970      0x288 ./Drivers/STM32F1xx_HAL_Driver/Src/stm32f1xx_hal_i2c.o
                0x0000000008008970                HAL_I2C_Init
 .text.HAL_I2C_Mem_Write
                0x0000000008008bf8      0x1f4 ./Drivers/STM32F1xx_HAL_Driver/Src/stm32f1xx_hal_i2c.o
                0x0000000008008bf8                HAL_I2C_Mem_Write
 .text.I2C_RequestMemoryWrite
                0x0000000008008dec      0x12c ./Drivers/STM32F1xx_HAL_Driver/Src/stm32f1xx_hal_i2c.o
 .text.I2C_WaitOnFlagUntilTimeout
                0x0000000008008f18       0xae ./Drivers/STM32F1xx_HAL_Driver/Src/stm32f1xx_hal_i2c.o
 .text.I2C_WaitOnMasterAddressFlagUntilTimeout
                0x0000000008008fc6       0xfe ./Drivers/STM32F1xx_HAL_Driver/Src/stm32f1xx_hal_i2c.o
 .text.I2C_WaitOnTXEFlagUntilTimeout
                0x00000000080090c4       0x82 ./Drivers/STM32F1xx_HAL_Driver/Src/stm32f1xx_hal_i2c.o
 .text.I2C_WaitOnBTFFlagUntilTimeout
                0x0000000008009146       0x82 ./Drivers/STM32F1xx_HAL_Driver/Src/stm32f1xx_hal_i2c.o
 .text.I2C_IsAcknowledgeFailed
                0x00000000080091c8       0x5c ./Drivers/STM32F1xx_HAL_Driver/Src/stm32f1xx_hal_i2c.o
 .text.HAL_RCC_OscConfig
                0x0000000008009224      0x504 ./Drivers/STM32F1xx_HAL_Driver/Src/stm32f1xx_hal_rcc.o
                0x0000000008009224                HAL_RCC_OscConfig
 .text.HAL_RCC_ClockConfig
                0x0000000008009728      0x1d4 ./Drivers/STM32F1xx_HAL_Driver/Src/stm32f1xx_hal_rcc.o
                0x0000000008009728                HAL_RCC_ClockConfig
 .text.HAL_RCC_GetSysClockFreq
                0x00000000080098fc       0xbc ./Drivers/STM32F1xx_HAL_Driver/Src/stm32f1xx_hal_rcc.o
                0x00000000080098fc                HAL_RCC_GetSysClockFreq
 .text.HAL_RCC_GetHCLKFreq
                0x00000000080099b8       0x14 ./Drivers/STM32F1xx_HAL_Driver/Src/stm32f1xx_hal_rcc.o
                0x00000000080099b8                HAL_RCC_GetHCLKFreq
 .text.HAL_RCC_GetPCLK1Freq
                0x00000000080099cc       0x28 ./Drivers/STM32F1xx_HAL_Driver/Src/stm32f1xx_hal_rcc.o
                0x00000000080099cc                HAL_RCC_GetPCLK1Freq
 .text.HAL_RCC_GetPCLK2Freq
                0x00000000080099f4       0x28 ./Drivers/STM32F1xx_HAL_Driver/Src/stm32f1xx_hal_rcc.o
                0x00000000080099f4                HAL_RCC_GetPCLK2Freq
 .text.RCC_Delay
                0x0000000008009a1c       0x3c ./Drivers/STM32F1xx_HAL_Driver/Src/stm32f1xx_hal_rcc.o
 .text.HAL_RCCEx_PeriphCLKConfig
                0x0000000008009a58      0x16c ./Drivers/STM32F1xx_HAL_Driver/Src/stm32f1xx_hal_rcc_ex.o
                0x0000000008009a58                HAL_RCCEx_PeriphCLKConfig
 .text.HAL_SPI_Init
                0x0000000008009bc4      0x108 ./Drivers/STM32F1xx_HAL_Driver/Src/stm32f1xx_hal_spi.o
                0x0000000008009bc4                HAL_SPI_Init
 .text.HAL_SPI_TransmitReceive
                0x0000000008009ccc      0x344 ./Drivers/STM32F1xx_HAL_Driver/Src/stm32f1xx_hal_spi.o
                0x0000000008009ccc                HAL_SPI_TransmitReceive
 .text.SPI_WaitFlagStateUntilTimeout
                0x000000000800a010      0x110 ./Drivers/STM32F1xx_HAL_Driver/Src/stm32f1xx_hal_spi.o
 .text.SPI_EndRxTxTransaction
                0x000000000800a120       0x3c ./Drivers/STM32F1xx_HAL_Driver/Src/stm32f1xx_hal_spi.o
 .text.HAL_TIM_Base_Init
                0x000000000800a15c       0x9e ./Drivers/STM32F1xx_HAL_Driver/Src/stm32f1xx_hal_tim.o
                0x000000000800a15c                HAL_TIM_Base_Init
 .text.HAL_TIM_OC_Init
                0x000000000800a1fa       0x9e ./Drivers/STM32F1xx_HAL_Driver/Src/stm32f1xx_hal_tim.o
                0x000000000800a1fa                HAL_TIM_OC_Init
 .text.HAL_TIM_OC_MspInit
                0x000000000800a298       0x12 ./Drivers/STM32F1xx_HAL_Driver/Src/stm32f1xx_hal_tim.o
                0x000000000800a298                HAL_TIM_OC_MspInit
 *fill*         0x000000000800a2aa        0x2 
 .text.HAL_TIM_OC_Start
                0x000000000800a2ac      0x144 ./Drivers/STM32F1xx_HAL_Driver/Src/stm32f1xx_hal_tim.o
                0x000000000800a2ac                HAL_TIM_OC_Start
 .text.HAL_TIM_PWM_Init
                0x000000000800a3f0       0x9e ./Drivers/STM32F1xx_HAL_Driver/Src/stm32f1xx_hal_tim.o
                0x000000000800a3f0                HAL_TIM_PWM_Init
 .text.HAL_TIM_PWM_MspInit
                0x000000000800a48e       0x12 ./Drivers/STM32F1xx_HAL_Driver/Src/stm32f1xx_hal_tim.o
                0x000000000800a48e                HAL_TIM_PWM_MspInit
 .text.HAL_TIM_PWM_Start
                0x000000000800a4a0      0x144 ./Drivers/STM32F1xx_HAL_Driver/Src/stm32f1xx_hal_tim.o
                0x000000000800a4a0                HAL_TIM_PWM_Start
 .text.HAL_TIM_PWM_Stop
                0x000000000800a5e4       0xc8 ./Drivers/STM32F1xx_HAL_Driver/Src/stm32f1xx_hal_tim.o
                0x000000000800a5e4                HAL_TIM_PWM_Stop
 .text.HAL_TIM_OnePulse_Init
                0x000000000800a6ac       0xa0 ./Drivers/STM32F1xx_HAL_Driver/Src/stm32f1xx_hal_tim.o
                0x000000000800a6ac                HAL_TIM_OnePulse_Init
 .text.HAL_TIM_OnePulse_MspInit
                0x000000000800a74c       0x12 ./Drivers/STM32F1xx_HAL_Driver/Src/stm32f1xx_hal_tim.o
                0x000000000800a74c                HAL_TIM_OnePulse_MspInit
 *fill*         0x000000000800a75e        0x2 
 .text.HAL_TIM_OC_ConfigChannel
                0x000000000800a760       0xb0 ./Drivers/STM32F1xx_HAL_Driver/Src/stm32f1xx_hal_tim.o
                0x000000000800a760                HAL_TIM_OC_ConfigChannel
 .text.HAL_TIM_PWM_ConfigChannel
                0x000000000800a810      0x17c ./Drivers/STM32F1xx_HAL_Driver/Src/stm32f1xx_hal_tim.o
                0x000000000800a810                HAL_TIM_PWM_ConfigChannel
 .text.HAL_TIM_ConfigClockSource
                0x000000000800a98c      0x188 ./Drivers/STM32F1xx_HAL_Driver/Src/stm32f1xx_hal_tim.o
                0x000000000800a98c                HAL_TIM_ConfigClockSource
 .text.HAL_TIM_SlaveConfigSynchro
                0x000000000800ab14       0x84 ./Drivers/STM32F1xx_HAL_Driver/Src/stm32f1xx_hal_tim.o
                0x000000000800ab14                HAL_TIM_SlaveConfigSynchro
 .text.TIM_Base_SetConfig
                0x000000000800ab98       0xc4 ./Drivers/STM32F1xx_HAL_Driver/Src/stm32f1xx_hal_tim.o
                0x000000000800ab98                TIM_Base_SetConfig
 .text.TIM_OC1_SetConfig
                0x000000000800ac5c       0xcc ./Drivers/STM32F1xx_HAL_Driver/Src/stm32f1xx_hal_tim.o
 .text.TIM_OC2_SetConfig
                0x000000000800ad28       0xd4 ./Drivers/STM32F1xx_HAL_Driver/Src/stm32f1xx_hal_tim.o
                0x000000000800ad28                TIM_OC2_SetConfig
 .text.TIM_OC3_SetConfig
                0x000000000800adfc       0xd4 ./Drivers/STM32F1xx_HAL_Driver/Src/stm32f1xx_hal_tim.o
 .text.TIM_OC4_SetConfig
                0x000000000800aed0       0x9c ./Drivers/STM32F1xx_HAL_Driver/Src/stm32f1xx_hal_tim.o
 .text.TIM_SlaveTimer_SetConfig
                0x000000000800af6c      0x11c ./Drivers/STM32F1xx_HAL_Driver/Src/stm32f1xx_hal_tim.o
 .text.TIM_TI1_ConfigInputStage
                0x000000000800b088       0x5c ./Drivers/STM32F1xx_HAL_Driver/Src/stm32f1xx_hal_tim.o
 .text.TIM_TI2_ConfigInputStage
                0x000000000800b0e4       0x5e ./Drivers/STM32F1xx_HAL_Driver/Src/stm32f1xx_hal_tim.o
 .text.TIM_ITRx_SetConfig
                0x000000000800b142       0x34 ./Drivers/STM32F1xx_HAL_Driver/Src/stm32f1xx_hal_tim.o
 .text.TIM_ETR_SetConfig
                0x000000000800b176       0x3e ./Drivers/STM32F1xx_HAL_Driver/Src/stm32f1xx_hal_tim.o
                0x000000000800b176                TIM_ETR_SetConfig
 .text.TIM_CCxChannelCmd
                0x000000000800b1b4       0x48 ./Drivers/STM32F1xx_HAL_Driver/Src/stm32f1xx_hal_tim.o
                0x000000000800b1b4                TIM_CCxChannelCmd
 .text.HAL_TIMEx_MasterConfigSynchronization
                0x000000000800b1fc       0xbc ./Drivers/STM32F1xx_HAL_Driver/Src/stm32f1xx_hal_tim_ex.o
                0x000000000800b1fc                HAL_TIMEx_MasterConfigSynchronization
 .text.HAL_TIMEx_ConfigBreakDeadTime
                0x000000000800b2b8       0xa2 ./Drivers/STM32F1xx_HAL_Driver/Src/stm32f1xx_hal_tim_ex.o
                0x000000000800b2b8                HAL_TIMEx_ConfigBreakDeadTime
 .text.HAL_UART_Init
                0x000000000800b35a       0x9a ./Drivers/STM32F1xx_HAL_Driver/Src/stm32f1xx_hal_uart.o
                0x000000000800b35a                HAL_UART_Init
 .text.HAL_UART_Transmit
                0x000000000800b3f4      0x124 ./Drivers/STM32F1xx_HAL_Driver/Src/stm32f1xx_hal_uart.o
                0x000000000800b3f4                HAL_UART_Transmit
 .text.UART_WaitOnFlagUntilTimeout
                0x000000000800b518       0x94 ./Drivers/STM32F1xx_HAL_Driver/Src/stm32f1xx_hal_uart.o
 .text.UART_SetConfig
                0x000000000800b5ac      0x11c ./Drivers/STM32F1xx_HAL_Driver/Src/stm32f1xx_hal_uart.o
 .text.atoi     0x000000000800b6c8        0x8 d:/programfiles/st/stm32cubeide_1.4.0/stm32cubeide/plugins/com.st.stm32cube.ide.mcu.externaltools.gnu-tools-for-stm32.10.3-2021.10.win32_1.0.0.202111181127/tools/bin/../lib/gcc/arm-none-eabi/10.3.1/../../../../arm-none-eabi/lib/thumb/v7-m/nofp\libc_nano.a(lib_a-atoi.o)
                0x000000000800b6c8                atoi
 .text.__errno  0x000000000800b6d0        0xc d:/programfiles/st/stm32cubeide_1.4.0/stm32cubeide/plugins/com.st.stm32cube.ide.mcu.externaltools.gnu-tools-for-stm32.10.3-2021.10.win32_1.0.0.202111181127/tools/bin/../lib/gcc/arm-none-eabi/10.3.1/../../../../arm-none-eabi/lib/thumb/v7-m/nofp\libc_nano.a(lib_a-errno.o)
                0x000000000800b6d0                __errno
 .text.__libc_init_array
                0x000000000800b6dc       0x48 d:/programfiles/st/stm32cubeide_1.4.0/stm32cubeide/plugins/com.st.stm32cube.ide.mcu.externaltools.gnu-tools-for-stm32.10.3-2021.10.win32_1.0.0.202111181127/tools/bin/../lib/gcc/arm-none-eabi/10.3.1/../../../../arm-none-eabi/lib/thumb/v7-m/nofp\libc_nano.a(lib_a-init.o)
                0x000000000800b6dc                __libc_init_array
 .text.malloc   0x000000000800b724       0x10 d:/programfiles/st/stm32cubeide_1.4.0/stm32cubeide/plugins/com.st.stm32cube.ide.mcu.externaltools.gnu-tools-for-stm32.10.3-2021.10.win32_1.0.0.202111181127/tools/bin/../lib/gcc/arm-none-eabi/10.3.1/../../../../arm-none-eabi/lib/thumb/v7-m/nofp\libc_nano.a(lib_a-malloc.o)
                0x000000000800b724                malloc
 .text.free     0x000000000800b734       0x10 d:/programfiles/st/stm32cubeide_1.4.0/stm32cubeide/plugins/com.st.stm32cube.ide.mcu.externaltools.gnu-tools-for-stm32.10.3-2021.10.win32_1.0.0.202111181127/tools/bin/../lib/gcc/arm-none-eabi/10.3.1/../../../../arm-none-eabi/lib/thumb/v7-m/nofp\libc_nano.a(lib_a-malloc.o)
                0x000000000800b734                free
 .text.memcpy   0x000000000800b744       0x1c d:/programfiles/st/stm32cubeide_1.4.0/stm32cubeide/plugins/com.st.stm32cube.ide.mcu.externaltools.gnu-tools-for-stm32.10.3-2021.10.win32_1.0.0.202111181127/tools/bin/../lib/gcc/arm-none-eabi/10.3.1/../../../../arm-none-eabi/lib/thumb/v7-m/nofp\libc_nano.a(lib_a-memcpy-stub.o)
                0x000000000800b744                memcpy
 .text.memset   0x000000000800b760       0x10 d:/programfiles/st/stm32cubeide_1.4.0/stm32cubeide/plugins/com.st.stm32cube.ide.mcu.externaltools.gnu-tools-for-stm32.10.3-2021.10.win32_1.0.0.202111181127/tools/bin/../lib/gcc/arm-none-eabi/10.3.1/../../../../arm-none-eabi/lib/thumb/v7-m/nofp\libc_nano.a(lib_a-memset.o)
                0x000000000800b760                memset
 .text._free_r  0x000000000800b770       0x90 d:/programfiles/st/stm32cubeide_1.4.0/stm32cubeide/plugins/com.st.stm32cube.ide.mcu.externaltools.gnu-tools-for-stm32.10.3-2021.10.win32_1.0.0.202111181127/tools/bin/../lib/gcc/arm-none-eabi/10.3.1/../../../../arm-none-eabi/lib/thumb/v7-m/nofp\libc_nano.a(lib_a-nano-freer.o)
                0x000000000800b770                _free_r
 .text.sbrk_aligned
                0x000000000800b800       0x40 d:/programfiles/st/stm32cubeide_1.4.0/stm32cubeide/plugins/com.st.stm32cube.ide.mcu.externaltools.gnu-tools-for-stm32.10.3-2021.10.win32_1.0.0.202111181127/tools/bin/../lib/gcc/arm-none-eabi/10.3.1/../../../../arm-none-eabi/lib/thumb/v7-m/nofp\libc_nano.a(lib_a-nano-mallocr.o)
 .text._malloc_r
                0x000000000800b840       0xe8 d:/programfiles/st/stm32cubeide_1.4.0/stm32cubeide/plugins/com.st.stm32cube.ide.mcu.externaltools.gnu-tools-for-stm32.10.3-2021.10.win32_1.0.0.202111181127/tools/bin/../lib/gcc/arm-none-eabi/10.3.1/../../../../arm-none-eabi/lib/thumb/v7-m/nofp\libc_nano.a(lib_a-nano-mallocr.o)
                0x000000000800b840                _malloc_r
 .text.__cvt    0x000000000800b928       0xbe d:/programfiles/st/stm32cubeide_1.4.0/stm32cubeide/plugins/com.st.stm32cube.ide.mcu.externaltools.gnu-tools-for-stm32.10.3-2021.10.win32_1.0.0.202111181127/tools/bin/../lib/gcc/arm-none-eabi/10.3.1/../../../../arm-none-eabi/lib/thumb/v7-m/nofp\libc_nano.a(lib_a-nano-vfprintf_float.o)
                0x000000000800b928                __cvt
 .text.__exponent
                0x000000000800b9e6       0x7c d:/programfiles/st/stm32cubeide_1.4.0/stm32cubeide/plugins/com.st.stm32cube.ide.mcu.externaltools.gnu-tools-for-stm32.10.3-2021.10.win32_1.0.0.202111181127/tools/bin/../lib/gcc/arm-none-eabi/10.3.1/../../../../arm-none-eabi/lib/thumb/v7-m/nofp\libc_nano.a(lib_a-nano-vfprintf_float.o)
                0x000000000800b9e6                __exponent
 *fill*         0x000000000800ba62        0x2 
 .text._printf_float
                0x000000000800ba64      0x458 d:/programfiles/st/stm32cubeide_1.4.0/stm32cubeide/plugins/com.st.stm32cube.ide.mcu.externaltools.gnu-tools-for-stm32.10.3-2021.10.win32_1.0.0.202111181127/tools/bin/../lib/gcc/arm-none-eabi/10.3.1/../../../../arm-none-eabi/lib/thumb/v7-m/nofp\libc_nano.a(lib_a-nano-vfprintf_float.o)
                0x000000000800ba64                _printf_float
 .text._printf_common
                0x000000000800bebc       0xde d:/programfiles/st/stm32cubeide_1.4.0/stm32cubeide/plugins/com.st.stm32cube.ide.mcu.externaltools.gnu-tools-for-stm32.10.3-2021.10.win32_1.0.0.202111181127/tools/bin/../lib/gcc/arm-none-eabi/10.3.1/../../../../arm-none-eabi/lib/thumb/v7-m/nofp\libc_nano.a(lib_a-nano-vfprintf_i.o)
                0x000000000800bebc                _printf_common
 *fill*         0x000000000800bf9a        0x2 
 .text._printf_i
                0x000000000800bf9c      0x24c d:/programfiles/st/stm32cubeide_1.4.0/stm32cubeide/plugins/com.st.stm32cube.ide.mcu.externaltools.gnu-tools-for-stm32.10.3-2021.10.win32_1.0.0.202111181127/tools/bin/../lib/gcc/arm-none-eabi/10.3.1/../../../../arm-none-eabi/lib/thumb/v7-m/nofp\libc_nano.a(lib_a-nano-vfprintf_i.o)
                0x000000000800bf9c                _printf_i
 .text._sbrk_r  0x000000000800c1e8       0x20 d:/programfiles/st/stm32cubeide_1.4.0/stm32cubeide/plugins/com.st.stm32cube.ide.mcu.externaltools.gnu-tools-for-stm32.10.3-2021.10.win32_1.0.0.202111181127/tools/bin/../lib/gcc/arm-none-eabi/10.3.1/../../../../arm-none-eabi/lib/thumb/v7-m/nofp\libc_nano.a(lib_a-sbrkr.o)
                0x000000000800c1e8                _sbrk_r
 .text.snprintf
                0x000000000800c208       0x68 d:/programfiles/st/stm32cubeide_1.4.0/stm32cubeide/plugins/com.st.stm32cube.ide.mcu.externaltools.gnu-tools-for-stm32.10.3-2021.10.win32_1.0.0.202111181127/tools/bin/../lib/gcc/arm-none-eabi/10.3.1/../../../../arm-none-eabi/lib/thumb/v7-m/nofp\libc_nano.a(lib_a-snprintf.o)
                0x000000000800c208                sniprintf
                0x000000000800c208                snprintf
 .text.sprintf  0x000000000800c270       0x40 d:/programfiles/st/stm32cubeide_1.4.0/stm32cubeide/plugins/com.st.stm32cube.ide.mcu.externaltools.gnu-tools-for-stm32.10.3-2021.10.win32_1.0.0.202111181127/tools/bin/../lib/gcc/arm-none-eabi/10.3.1/../../../../arm-none-eabi/lib/thumb/v7-m/nofp\libc_nano.a(lib_a-sprintf.o)
                0x000000000800c270                siprintf
                0x000000000800c270                sprintf
 .text.strncmp  0x000000000800c2b0       0x28 d:/programfiles/st/stm32cubeide_1.4.0/stm32cubeide/plugins/com.st.stm32cube.ide.mcu.externaltools.gnu-tools-for-stm32.10.3-2021.10.win32_1.0.0.202111181127/tools/bin/../lib/gcc/arm-none-eabi/10.3.1/../../../../arm-none-eabi/lib/thumb/v7-m/nofp\libc_nano.a(lib_a-strncmp.o)
                0x000000000800c2b0                strncmp
 .text.strstr   0x000000000800c2d8       0x2c d:/programfiles/st/stm32cubeide_1.4.0/stm32cubeide/plugins/com.st.stm32cube.ide.mcu.externaltools.gnu-tools-for-stm32.10.3-2021.10.win32_1.0.0.202111181127/tools/bin/../lib/gcc/arm-none-eabi/10.3.1/../../../../arm-none-eabi/lib/thumb/v7-m/nofp\libc_nano.a(lib_a-strstr.o)
                0x000000000800c2d8                strstr
 .text._strtol_l.constprop.0
                0x000000000800c304       0xf8 d:/programfiles/st/stm32cubeide_1.4.0/stm32cubeide/plugins/com.st.stm32cube.ide.mcu.externaltools.gnu-tools-for-stm32.10.3-2021.10.win32_1.0.0.202111181127/tools/bin/../lib/gcc/arm-none-eabi/10.3.1/../../../../arm-none-eabi/lib/thumb/v7-m/nofp\libc_nano.a(lib_a-strtol.o)
 .text.strtol   0x000000000800c3fc       0x14 d:/programfiles/st/stm32cubeide_1.4.0/stm32cubeide/plugins/com.st.stm32cube.ide.mcu.externaltools.gnu-tools-for-stm32.10.3-2021.10.win32_1.0.0.202111181127/tools/bin/../lib/gcc/arm-none-eabi/10.3.1/../../../../arm-none-eabi/lib/thumb/v7-m/nofp\libc_nano.a(lib_a-strtol.o)
                0x000000000800c3fc                strtol
 .text.quorem   0x000000000800c410      0x118 d:/programfiles/st/stm32cubeide_1.4.0/stm32cubeide/plugins/com.st.stm32cube.ide.mcu.externaltools.gnu-tools-for-stm32.10.3-2021.10.win32_1.0.0.202111181127/tools/bin/../lib/gcc/arm-none-eabi/10.3.1/../../../../arm-none-eabi/lib/thumb/v7-m/nofp\libc_nano.a(lib_a-dtoa.o)
 .text._dtoa_r  0x000000000800c528      0xbdc d:/programfiles/st/stm32cubeide_1.4.0/stm32cubeide/plugins/com.st.stm32cube.ide.mcu.externaltools.gnu-tools-for-stm32.10.3-2021.10.win32_1.0.0.202111181127/tools/bin/../lib/gcc/arm-none-eabi/10.3.1/../../../../arm-none-eabi/lib/thumb/v7-m/nofp\libc_nano.a(lib_a-dtoa.o)
                0x000000000800c528                _dtoa_r
 .text._localeconv_r
                0x000000000800d104        0x8 d:/programfiles/st/stm32cubeide_1.4.0/stm32cubeide/plugins/com.st.stm32cube.ide.mcu.externaltools.gnu-tools-for-stm32.10.3-2021.10.win32_1.0.0.202111181127/tools/bin/../lib/gcc/arm-none-eabi/10.3.1/../../../../arm-none-eabi/lib/thumb/v7-m/nofp\libc_nano.a(lib_a-localeconv.o)
                0x000000000800d104                _localeconv_r
 .text.memchr   0x000000000800d10c       0x1c d:/programfiles/st/stm32cubeide_1.4.0/stm32cubeide/plugins/com.st.stm32cube.ide.mcu.externaltools.gnu-tools-for-stm32.10.3-2021.10.win32_1.0.0.202111181127/tools/bin/../lib/gcc/arm-none-eabi/10.3.1/../../../../arm-none-eabi/lib/thumb/v7-m/nofp\libc_nano.a(lib_a-memchr-stub.o)
                0x000000000800d10c                memchr
 .text.__malloc_lock
                0x000000000800d128        0xc d:/programfiles/st/stm32cubeide_1.4.0/stm32cubeide/plugins/com.st.stm32cube.ide.mcu.externaltools.gnu-tools-for-stm32.10.3-2021.10.win32_1.0.0.202111181127/tools/bin/../lib/gcc/arm-none-eabi/10.3.1/../../../../arm-none-eabi/lib/thumb/v7-m/nofp\libc_nano.a(lib_a-mlock.o)
                0x000000000800d128                __malloc_lock
 .text.__malloc_unlock
                0x000000000800d134        0xc d:/programfiles/st/stm32cubeide_1.4.0/stm32cubeide/plugins/com.st.stm32cube.ide.mcu.externaltools.gnu-tools-for-stm32.10.3-2021.10.win32_1.0.0.202111181127/tools/bin/../lib/gcc/arm-none-eabi/10.3.1/../../../../arm-none-eabi/lib/thumb/v7-m/nofp\libc_nano.a(lib_a-mlock.o)
                0x000000000800d134                __malloc_unlock
 .text._Balloc  0x000000000800d140       0x80 d:/programfiles/st/stm32cubeide_1.4.0/stm32cubeide/plugins/com.st.stm32cube.ide.mcu.externaltools.gnu-tools-for-stm32.10.3-2021.10.win32_1.0.0.202111181127/tools/bin/../lib/gcc/arm-none-eabi/10.3.1/../../../../arm-none-eabi/lib/thumb/v7-m/nofp\libc_nano.a(lib_a-mprec.o)
                0x000000000800d140                _Balloc
 .text._Bfree   0x000000000800d1c0       0x44 d:/programfiles/st/stm32cubeide_1.4.0/stm32cubeide/plugins/com.st.stm32cube.ide.mcu.externaltools.gnu-tools-for-stm32.10.3-2021.10.win32_1.0.0.202111181127/tools/bin/../lib/gcc/arm-none-eabi/10.3.1/../../../../arm-none-eabi/lib/thumb/v7-m/nofp\libc_nano.a(lib_a-mprec.o)
                0x000000000800d1c0                _Bfree
 .text.__multadd
                0x000000000800d204       0x8c d:/programfiles/st/stm32cubeide_1.4.0/stm32cubeide/plugins/com.st.stm32cube.ide.mcu.externaltools.gnu-tools-for-stm32.10.3-2021.10.win32_1.0.0.202111181127/tools/bin/../lib/gcc/arm-none-eabi/10.3.1/../../../../arm-none-eabi/lib/thumb/v7-m/nofp\libc_nano.a(lib_a-mprec.o)
                0x000000000800d204                __multadd
 .text.__hi0bits
                0x000000000800d290       0x40 d:/programfiles/st/stm32cubeide_1.4.0/stm32cubeide/plugins/com.st.stm32cube.ide.mcu.externaltools.gnu-tools-for-stm32.10.3-2021.10.win32_1.0.0.202111181127/tools/bin/../lib/gcc/arm-none-eabi/10.3.1/../../../../arm-none-eabi/lib/thumb/v7-m/nofp\libc_nano.a(lib_a-mprec.o)
                0x000000000800d290                __hi0bits
 .text.__lo0bits
                0x000000000800d2d0       0x5a d:/programfiles/st/stm32cubeide_1.4.0/stm32cubeide/plugins/com.st.stm32cube.ide.mcu.externaltools.gnu-tools-for-stm32.10.3-2021.10.win32_1.0.0.202111181127/tools/bin/../lib/gcc/arm-none-eabi/10.3.1/../../../../arm-none-eabi/lib/thumb/v7-m/nofp\libc_nano.a(lib_a-mprec.o)
                0x000000000800d2d0                __lo0bits
 *fill*         0x000000000800d32a        0x2 
 .text.__i2b    0x000000000800d32c       0x2c d:/programfiles/st/stm32cubeide_1.4.0/stm32cubeide/plugins/com.st.stm32cube.ide.mcu.externaltools.gnu-tools-for-stm32.10.3-2021.10.win32_1.0.0.202111181127/tools/bin/../lib/gcc/arm-none-eabi/10.3.1/../../../../arm-none-eabi/lib/thumb/v7-m/nofp\libc_nano.a(lib_a-mprec.o)
                0x000000000800d32c                __i2b
 .text.__multiply
                0x000000000800d358      0x150 d:/programfiles/st/stm32cubeide_1.4.0/stm32cubeide/plugins/com.st.stm32cube.ide.mcu.externaltools.gnu-tools-for-stm32.10.3-2021.10.win32_1.0.0.202111181127/tools/bin/../lib/gcc/arm-none-eabi/10.3.1/../../../../arm-none-eabi/lib/thumb/v7-m/nofp\libc_nano.a(lib_a-mprec.o)
                0x000000000800d358                __multiply
 .text.__pow5mult
                0x000000000800d4a8       0xb4 d:/programfiles/st/stm32cubeide_1.4.0/stm32cubeide/plugins/com.st.stm32cube.ide.mcu.externaltools.gnu-tools-for-stm32.10.3-2021.10.win32_1.0.0.202111181127/tools/bin/../lib/gcc/arm-none-eabi/10.3.1/../../../../arm-none-eabi/lib/thumb/v7-m/nofp\libc_nano.a(lib_a-mprec.o)
                0x000000000800d4a8                __pow5mult
 .text.__lshift
                0x000000000800d55c       0xe0 d:/programfiles/st/stm32cubeide_1.4.0/stm32cubeide/plugins/com.st.stm32cube.ide.mcu.externaltools.gnu-tools-for-stm32.10.3-2021.10.win32_1.0.0.202111181127/tools/bin/../lib/gcc/arm-none-eabi/10.3.1/../../../../arm-none-eabi/lib/thumb/v7-m/nofp\libc_nano.a(lib_a-mprec.o)
                0x000000000800d55c                __lshift
 .text.__mcmp   0x000000000800d63c       0x36 d:/programfiles/st/stm32cubeide_1.4.0/stm32cubeide/plugins/com.st.stm32cube.ide.mcu.externaltools.gnu-tools-for-stm32.10.3-2021.10.win32_1.0.0.202111181127/tools/bin/../lib/gcc/arm-none-eabi/10.3.1/../../../../arm-none-eabi/lib/thumb/v7-m/nofp\libc_nano.a(lib_a-mprec.o)
                0x000000000800d63c                __mcmp
 *fill*         0x000000000800d672        0x2 
 .text.__mdiff  0x000000000800d674      0x118 d:/programfiles/st/stm32cubeide_1.4.0/stm32cubeide/plugins/com.st.stm32cube.ide.mcu.externaltools.gnu-tools-for-stm32.10.3-2021.10.win32_1.0.0.202111181127/tools/bin/../lib/gcc/arm-none-eabi/10.3.1/../../../../arm-none-eabi/lib/thumb/v7-m/nofp\libc_nano.a(lib_a-mprec.o)
                0x000000000800d674                __mdiff
 .text.__d2b    0x000000000800d78c       0xb8 d:/programfiles/st/stm32cubeide_1.4.0/stm32cubeide/plugins/com.st.stm32cube.ide.mcu.externaltools.gnu-tools-for-stm32.10.3-2021.10.win32_1.0.0.202111181127/tools/bin/../lib/gcc/arm-none-eabi/10.3.1/../../../../arm-none-eabi/lib/thumb/v7-m/nofp\libc_nano.a(lib_a-mprec.o)
                0x000000000800d78c                __d2b
 .text._calloc_r
                0x000000000800d844       0x28 d:/programfiles/st/stm32cubeide_1.4.0/stm32cubeide/plugins/com.st.stm32cube.ide.mcu.externaltools.gnu-tools-for-stm32.10.3-2021.10.win32_1.0.0.202111181127/tools/bin/../lib/gcc/arm-none-eabi/10.3.1/../../../../arm-none-eabi/lib/thumb/v7-m/nofp\libc_nano.a(lib_a-nano-callocr.o)
                0x000000000800d844                _calloc_r
 .text.__ssputs_r
                0x000000000800d86c       0xb6 d:/programfiles/st/stm32cubeide_1.4.0/stm32cubeide/plugins/com.st.stm32cube.ide.mcu.externaltools.gnu-tools-for-stm32.10.3-2021.10.win32_1.0.0.202111181127/tools/bin/../lib/gcc/arm-none-eabi/10.3.1/../../../../arm-none-eabi/lib/thumb/v7-m/nofp\libc_nano.a(lib_a-nano-svfprintf.o)
                0x000000000800d86c                __ssputs_r
 *fill*         0x000000000800d922        0x2 
 .text._svfprintf_r
                0x000000000800d924      0x200 d:/programfiles/st/stm32cubeide_1.4.0/stm32cubeide/plugins/com.st.stm32cube.ide.mcu.externaltools.gnu-tools-for-stm32.10.3-2021.10.win32_1.0.0.202111181127/tools/bin/../lib/gcc/arm-none-eabi/10.3.1/../../../../arm-none-eabi/lib/thumb/v7-m/nofp\libc_nano.a(lib_a-nano-svfprintf.o)
                0x000000000800d924                _svfiprintf_r
                0x000000000800d924                _svfprintf_r
 .text.__assert_func
                0x000000000800db24       0x3c d:/programfiles/st/stm32cubeide_1.4.0/stm32cubeide/plugins/com.st.stm32cube.ide.mcu.externaltools.gnu-tools-for-stm32.10.3-2021.10.win32_1.0.0.202111181127/tools/bin/../lib/gcc/arm-none-eabi/10.3.1/../../../../arm-none-eabi/lib/thumb/v7-m/nofp\libc_nano.a(lib_a-assert.o)
                0x000000000800db24                __assert_func
 .text.fprintf  0x000000000800db60       0x24 d:/programfiles/st/stm32cubeide_1.4.0/stm32cubeide/plugins/com.st.stm32cube.ide.mcu.externaltools.gnu-tools-for-stm32.10.3-2021.10.win32_1.0.0.202111181127/tools/bin/../lib/gcc/arm-none-eabi/10.3.1/../../../../arm-none-eabi/lib/thumb/v7-m/nofp\libc_nano.a(lib_a-fprintf.o)
                0x000000000800db60                fiprintf
                0x000000000800db60                fprintf
 .text.__retarget_lock_init_recursive
                0x000000000800db84        0x2 d:/programfiles/st/stm32cubeide_1.4.0/stm32cubeide/plugins/com.st.stm32cube.ide.mcu.externaltools.gnu-tools-for-stm32.10.3-2021.10.win32_1.0.0.202111181127/tools/bin/../lib/gcc/arm-none-eabi/10.3.1/../../../../arm-none-eabi/lib/thumb/v7-m/nofp\libc_nano.a(lib_a-lock.o)
                0x000000000800db84                __retarget_lock_init_recursive
 .text.__retarget_lock_acquire_recursive
                0x000000000800db86        0x2 d:/programfiles/st/stm32cubeide_1.4.0/stm32cubeide/plugins/com.st.stm32cube.ide.mcu.externaltools.gnu-tools-for-stm32.10.3-2021.10.win32_1.0.0.202111181127/tools/bin/../lib/gcc/arm-none-eabi/10.3.1/../../../../arm-none-eabi/lib/thumb/v7-m/nofp\libc_nano.a(lib_a-lock.o)
                0x000000000800db86                __retarget_lock_acquire_recursive
 .text.__retarget_lock_release_recursive
                0x000000000800db88        0x2 d:/programfiles/st/stm32cubeide_1.4.0/stm32cubeide/plugins/com.st.stm32cube.ide.mcu.externaltools.gnu-tools-for-stm32.10.3-2021.10.win32_1.0.0.202111181127/tools/bin/../lib/gcc/arm-none-eabi/10.3.1/../../../../arm-none-eabi/lib/thumb/v7-m/nofp\libc_nano.a(lib_a-lock.o)
                0x000000000800db88                __retarget_lock_release_recursive
 .text.__ascii_mbtowc
                0x000000000800db8a       0x24 d:/programfiles/st/stm32cubeide_1.4.0/stm32cubeide/plugins/com.st.stm32cube.ide.mcu.externaltools.gnu-tools-for-stm32.10.3-2021.10.win32_1.0.0.202111181127/tools/bin/../lib/gcc/arm-none-eabi/10.3.1/../../../../arm-none-eabi/lib/thumb/v7-m/nofp\libc_nano.a(lib_a-mbtowc_r.o)
                0x000000000800db8a                __ascii_mbtowc
 .text.memmove  0x000000000800dbae       0x34 d:/programfiles/st/stm32cubeide_1.4.0/stm32cubeide/plugins/com.st.stm32cube.ide.mcu.externaltools.gnu-tools-for-stm32.10.3-2021.10.win32_1.0.0.202111181127/tools/bin/../lib/gcc/arm-none-eabi/10.3.1/../../../../arm-none-eabi/lib/thumb/v7-m/nofp\libc_nano.a(lib_a-memmove.o)
                0x000000000800dbae                memmove
 .text._realloc_r
                0x000000000800dbe2       0x5e d:/programfiles/st/stm32cubeide_1.4.0/stm32cubeide/plugins/com.st.stm32cube.ide.mcu.externaltools.gnu-tools-for-stm32.10.3-2021.10.win32_1.0.0.202111181127/tools/bin/../lib/gcc/arm-none-eabi/10.3.1/../../../../arm-none-eabi/lib/thumb/v7-m/nofp\libc_nano.a(lib_a-nano-reallocr.o)
                0x000000000800dbe2                _realloc_r
 .text.__sfputc_r
                0x000000000800dc40       0x2a d:/programfiles/st/stm32cubeide_1.4.0/stm32cubeide/plugins/com.st.stm32cube.ide.mcu.externaltools.gnu-tools-for-stm32.10.3-2021.10.win32_1.0.0.202111181127/tools/bin/../lib/gcc/arm-none-eabi/10.3.1/../../../../arm-none-eabi/lib/thumb/v7-m/nofp\libc_nano.a(lib_a-nano-vfprintf.o)
 .text.__sfputs_r
                0x000000000800dc6a       0x24 d:/programfiles/st/stm32cubeide_1.4.0/stm32cubeide/plugins/com.st.stm32cube.ide.mcu.externaltools.gnu-tools-for-stm32.10.3-2021.10.win32_1.0.0.202111181127/tools/bin/../lib/gcc/arm-none-eabi/10.3.1/../../../../arm-none-eabi/lib/thumb/v7-m/nofp\libc_nano.a(lib_a-nano-vfprintf.o)
                0x000000000800dc6a                __sfputs_r
 *fill*         0x000000000800dc8e        0x2 
 .text._vfprintf_r
                0x000000000800dc90      0x260 d:/programfiles/st/stm32cubeide_1.4.0/stm32cubeide/plugins/com.st.stm32cube.ide.mcu.externaltools.gnu-tools-for-stm32.10.3-2021.10.win32_1.0.0.202111181127/tools/bin/../lib/gcc/arm-none-eabi/10.3.1/../../../../arm-none-eabi/lib/thumb/v7-m/nofp\libc_nano.a(lib_a-nano-vfprintf.o)
                0x000000000800dc90                _vfprintf_r
                0x000000000800dc90                _vfiprintf_r
 .text.__swbuf_r
                0x000000000800def0       0xa4 d:/programfiles/st/stm32cubeide_1.4.0/stm32cubeide/plugins/com.st.stm32cube.ide.mcu.externaltools.gnu-tools-for-stm32.10.3-2021.10.win32_1.0.0.202111181127/tools/bin/../lib/gcc/arm-none-eabi/10.3.1/../../../../arm-none-eabi/lib/thumb/v7-m/nofp\libc_nano.a(lib_a-wbuf.o)
                0x000000000800def0                __swbuf_r
 .text.__ascii_wctomb
                0x000000000800df94       0x1a d:/programfiles/st/stm32cubeide_1.4.0/stm32cubeide/plugins/com.st.stm32cube.ide.mcu.externaltools.gnu-tools-for-stm32.10.3-2021.10.win32_1.0.0.202111181127/tools/bin/../lib/gcc/arm-none-eabi/10.3.1/../../../../arm-none-eabi/lib/thumb/v7-m/nofp\libc_nano.a(lib_a-wctomb_r.o)
                0x000000000800df94                __ascii_wctomb
 *fill*         0x000000000800dfae        0x2 
 .text.__swsetup_r
                0x000000000800dfb0       0xdc d:/programfiles/st/stm32cubeide_1.4.0/stm32cubeide/plugins/com.st.stm32cube.ide.mcu.externaltools.gnu-tools-for-stm32.10.3-2021.10.win32_1.0.0.202111181127/tools/bin/../lib/gcc/arm-none-eabi/10.3.1/../../../../arm-none-eabi/lib/thumb/v7-m/nofp\libc_nano.a(lib_a-wsetup.o)
                0x000000000800dfb0                __swsetup_r
 .text.abort    0x000000000800e08c        0xe d:/programfiles/st/stm32cubeide_1.4.0/stm32cubeide/plugins/com.st.stm32cube.ide.mcu.externaltools.gnu-tools-for-stm32.10.3-2021.10.win32_1.0.0.202111181127/tools/bin/../lib/gcc/arm-none-eabi/10.3.1/../../../../arm-none-eabi/lib/thumb/v7-m/nofp\libc_nano.a(lib_a-abort.o)
                0x000000000800e08c                abort
 *fill*         0x000000000800e09a        0x2 
 .text.__sflush_r
                0x000000000800e09c      0x104 d:/programfiles/st/stm32cubeide_1.4.0/stm32cubeide/plugins/com.st.stm32cube.ide.mcu.externaltools.gnu-tools-for-stm32.10.3-2021.10.win32_1.0.0.202111181127/tools/bin/../lib/gcc/arm-none-eabi/10.3.1/../../../../arm-none-eabi/lib/thumb/v7-m/nofp\libc_nano.a(lib_a-fflush.o)
                0x000000000800e09c                __sflush_r
 .text._fflush_r
                0x000000000800e1a0       0x78 d:/programfiles/st/stm32cubeide_1.4.0/stm32cubeide/plugins/com.st.stm32cube.ide.mcu.externaltools.gnu-tools-for-stm32.10.3-2021.10.win32_1.0.0.202111181127/tools/bin/../lib/gcc/arm-none-eabi/10.3.1/../../../../arm-none-eabi/lib/thumb/v7-m/nofp\libc_nano.a(lib_a-fflush.o)
                0x000000000800e1a0                _fflush_r
 .text.std      0x000000000800e218       0x48 d:/programfiles/st/stm32cubeide_1.4.0/stm32cubeide/plugins/com.st.stm32cube.ide.mcu.externaltools.gnu-tools-for-stm32.10.3-2021.10.win32_1.0.0.202111181127/tools/bin/../lib/gcc/arm-none-eabi/10.3.1/../../../../arm-none-eabi/lib/thumb/v7-m/nofp\libc_nano.a(lib_a-findfp.o)
 .text._cleanup_r
                0x000000000800e260        0xc d:/programfiles/st/stm32cubeide_1.4.0/stm32cubeide/plugins/com.st.stm32cube.ide.mcu.externaltools.gnu-tools-for-stm32.10.3-2021.10.win32_1.0.0.202111181127/tools/bin/../lib/gcc/arm-none-eabi/10.3.1/../../../../arm-none-eabi/lib/thumb/v7-m/nofp\libc_nano.a(lib_a-findfp.o)
                0x000000000800e260                _cleanup_r
 .text.__sfmoreglue
                0x000000000800e26c       0x2c d:/programfiles/st/stm32cubeide_1.4.0/stm32cubeide/plugins/com.st.stm32cube.ide.mcu.externaltools.gnu-tools-for-stm32.10.3-2021.10.win32_1.0.0.202111181127/tools/bin/../lib/gcc/arm-none-eabi/10.3.1/../../../../arm-none-eabi/lib/thumb/v7-m/nofp\libc_nano.a(lib_a-findfp.o)
                0x000000000800e26c                __sfmoreglue
 .text.__sfp_lock_acquire
                0x000000000800e298        0xc d:/programfiles/st/stm32cubeide_1.4.0/stm32cubeide/plugins/com.st.stm32cube.ide.mcu.externaltools.gnu-tools-for-stm32.10.3-2021.10.win32_1.0.0.202111181127/tools/bin/../lib/gcc/arm-none-eabi/10.3.1/../../../../arm-none-eabi/lib/thumb/v7-m/nofp\libc_nano.a(lib_a-findfp.o)
                0x000000000800e298                __sfp_lock_acquire
 .text.__sfp_lock_release
                0x000000000800e2a4        0xc d:/programfiles/st/stm32cubeide_1.4.0/stm32cubeide/plugins/com.st.stm32cube.ide.mcu.externaltools.gnu-tools-for-stm32.10.3-2021.10.win32_1.0.0.202111181127/tools/bin/../lib/gcc/arm-none-eabi/10.3.1/../../../../arm-none-eabi/lib/thumb/v7-m/nofp\libc_nano.a(lib_a-findfp.o)
                0x000000000800e2a4                __sfp_lock_release
 .text.__sinit_lock_acquire
                0x000000000800e2b0        0xc d:/programfiles/st/stm32cubeide_1.4.0/stm32cubeide/plugins/com.st.stm32cube.ide.mcu.externaltools.gnu-tools-for-stm32.10.3-2021.10.win32_1.0.0.202111181127/tools/bin/../lib/gcc/arm-none-eabi/10.3.1/../../../../arm-none-eabi/lib/thumb/v7-m/nofp\libc_nano.a(lib_a-findfp.o)
                0x000000000800e2b0                __sinit_lock_acquire
 .text.__sinit_lock_release
                0x000000000800e2bc        0xc d:/programfiles/st/stm32cubeide_1.4.0/stm32cubeide/plugins/com.st.stm32cube.ide.mcu.externaltools.gnu-tools-for-stm32.10.3-2021.10.win32_1.0.0.202111181127/tools/bin/../lib/gcc/arm-none-eabi/10.3.1/../../../../arm-none-eabi/lib/thumb/v7-m/nofp\libc_nano.a(lib_a-findfp.o)
                0x000000000800e2bc                __sinit_lock_release
 .text.__sinit  0x000000000800e2c8       0x70 d:/programfiles/st/stm32cubeide_1.4.0/stm32cubeide/plugins/com.st.stm32cube.ide.mcu.externaltools.gnu-tools-for-stm32.10.3-2021.10.win32_1.0.0.202111181127/tools/bin/../lib/gcc/arm-none-eabi/10.3.1/../../../../arm-none-eabi/lib/thumb/v7-m/nofp\libc_nano.a(lib_a-findfp.o)
                0x000000000800e2c8                __sinit
 .text.__sfp    0x000000000800e338       0x8c d:/programfiles/st/stm32cubeide_1.4.0/stm32cubeide/plugins/com.st.stm32cube.ide.mcu.externaltools.gnu-tools-for-stm32.10.3-2021.10.win32_1.0.0.202111181127/tools/bin/../lib/gcc/arm-none-eabi/10.3.1/../../../../arm-none-eabi/lib/thumb/v7-m/nofp\libc_nano.a(lib_a-findfp.o)
                0x000000000800e338                __sfp
 .text._fwalk_reent
                0x000000000800e3c4       0x3e d:/programfiles/st/stm32cubeide_1.4.0/stm32cubeide/plugins/com.st.stm32cube.ide.mcu.externaltools.gnu-tools-for-stm32.10.3-2021.10.win32_1.0.0.202111181127/tools/bin/../lib/gcc/arm-none-eabi/10.3.1/../../../../arm-none-eabi/lib/thumb/v7-m/nofp\libc_nano.a(lib_a-fwalk.o)
                0x000000000800e3c4                _fwalk_reent
 .text.__swhatbuf_r
                0x000000000800e402       0x4a d:/programfiles/st/stm32cubeide_1.4.0/stm32cubeide/plugins/com.st.stm32cube.ide.mcu.externaltools.gnu-tools-for-stm32.10.3-2021.10.win32_1.0.0.202111181127/tools/bin/../lib/gcc/arm-none-eabi/10.3.1/../../../../arm-none-eabi/lib/thumb/v7-m/nofp\libc_nano.a(lib_a-makebuf.o)
                0x000000000800e402                __swhatbuf_r
 .text.__smakebuf_r
                0x000000000800e44c       0x80 d:/programfiles/st/stm32cubeide_1.4.0/stm32cubeide/plugins/com.st.stm32cube.ide.mcu.externaltools.gnu-tools-for-stm32.10.3-2021.10.win32_1.0.0.202111181127/tools/bin/../lib/gcc/arm-none-eabi/10.3.1/../../../../arm-none-eabi/lib/thumb/v7-m/nofp\libc_nano.a(lib_a-makebuf.o)
                0x000000000800e44c                __smakebuf_r
 .text._malloc_usable_size_r
                0x000000000800e4cc       0x10 d:/programfiles/st/stm32cubeide_1.4.0/stm32cubeide/plugins/com.st.stm32cube.ide.mcu.externaltools.gnu-tools-for-stm32.10.3-2021.10.win32_1.0.0.202111181127/tools/bin/../lib/gcc/arm-none-eabi/10.3.1/../../../../arm-none-eabi/lib/thumb/v7-m/nofp\libc_nano.a(lib_a-nano-msizer.o)
                0x000000000800e4cc                _malloc_usable_size_r
 .text._raise_r
                0x000000000800e4dc       0x50 d:/programfiles/st/stm32cubeide_1.4.0/stm32cubeide/plugins/com.st.stm32cube.ide.mcu.externaltools.gnu-tools-for-stm32.10.3-2021.10.win32_1.0.0.202111181127/tools/bin/../lib/gcc/arm-none-eabi/10.3.1/../../../../arm-none-eabi/lib/thumb/v7-m/nofp\libc_nano.a(lib_a-signal.o)
                0x000000000800e4dc                _raise_r
 .text.raise    0x000000000800e52c       0x10 d:/programfiles/st/stm32cubeide_1.4.0/stm32cubeide/plugins/com.st.stm32cube.ide.mcu.externaltools.gnu-tools-for-stm32.10.3-2021.10.win32_1.0.0.202111181127/tools/bin/../lib/gcc/arm-none-eabi/10.3.1/../../../../arm-none-eabi/lib/thumb/v7-m/nofp\libc_nano.a(lib_a-signal.o)
                0x000000000800e52c                raise
 .text._kill_r  0x000000000800e53c       0x24 d:/programfiles/st/stm32cubeide_1.4.0/stm32cubeide/plugins/com.st.stm32cube.ide.mcu.externaltools.gnu-tools-for-stm32.10.3-2021.10.win32_1.0.0.202111181127/tools/bin/../lib/gcc/arm-none-eabi/10.3.1/../../../../arm-none-eabi/lib/thumb/v7-m/nofp\libc_nano.a(lib_a-signalr.o)
                0x000000000800e53c                _kill_r
 .text._getpid_r
                0x000000000800e560        0x4 d:/programfiles/st/stm32cubeide_1.4.0/stm32cubeide/plugins/com.st.stm32cube.ide.mcu.externaltools.gnu-tools-for-stm32.10.3-2021.10.win32_1.0.0.202111181127/tools/bin/../lib/gcc/arm-none-eabi/10.3.1/../../../../arm-none-eabi/lib/thumb/v7-m/nofp\libc_nano.a(lib_a-signalr.o)
                0x000000000800e560                _getpid_r
 .text.__sread  0x000000000800e564       0x22 d:/programfiles/st/stm32cubeide_1.4.0/stm32cubeide/plugins/com.st.stm32cube.ide.mcu.externaltools.gnu-tools-for-stm32.10.3-2021.10.win32_1.0.0.202111181127/tools/bin/../lib/gcc/arm-none-eabi/10.3.1/../../../../arm-none-eabi/lib/thumb/v7-m/nofp\libc_nano.a(lib_a-stdio.o)
                0x000000000800e564                __sread
 .text.__swrite
                0x000000000800e586       0x38 d:/programfiles/st/stm32cubeide_1.4.0/stm32cubeide/plugins/com.st.stm32cube.ide.mcu.externaltools.gnu-tools-for-stm32.10.3-2021.10.win32_1.0.0.202111181127/tools/bin/../lib/gcc/arm-none-eabi/10.3.1/../../../../arm-none-eabi/lib/thumb/v7-m/nofp\libc_nano.a(lib_a-stdio.o)
                0x000000000800e586                __swrite
 .text.__sseek  0x000000000800e5be       0x24 d:/programfiles/st/stm32cubeide_1.4.0/stm32cubeide/plugins/com.st.stm32cube.ide.mcu.externaltools.gnu-tools-for-stm32.10.3-2021.10.win32_1.0.0.202111181127/tools/bin/../lib/gcc/arm-none-eabi/10.3.1/../../../../arm-none-eabi/lib/thumb/v7-m/nofp\libc_nano.a(lib_a-stdio.o)
                0x000000000800e5be                __sseek
 .text.__sclose
                0x000000000800e5e2        0x8 d:/programfiles/st/stm32cubeide_1.4.0/stm32cubeide/plugins/com.st.stm32cube.ide.mcu.externaltools.gnu-tools-for-stm32.10.3-2021.10.win32_1.0.0.202111181127/tools/bin/../lib/gcc/arm-none-eabi/10.3.1/../../../../arm-none-eabi/lib/thumb/v7-m/nofp\libc_nano.a(lib_a-stdio.o)
                0x000000000800e5e2                __sclose
 *fill*         0x000000000800e5ea        0x2 
 .text._write_r
                0x000000000800e5ec       0x24 d:/programfiles/st/stm32cubeide_1.4.0/stm32cubeide/plugins/com.st.stm32cube.ide.mcu.externaltools.gnu-tools-for-stm32.10.3-2021.10.win32_1.0.0.202111181127/tools/bin/../lib/gcc/arm-none-eabi/10.3.1/../../../../arm-none-eabi/lib/thumb/v7-m/nofp\libc_nano.a(lib_a-writer.o)
                0x000000000800e5ec                _write_r
 .text._close_r
                0x000000000800e610       0x20 d:/programfiles/st/stm32cubeide_1.4.0/stm32cubeide/plugins/com.st.stm32cube.ide.mcu.externaltools.gnu-tools-for-stm32.10.3-2021.10.win32_1.0.0.202111181127/tools/bin/../lib/gcc/arm-none-eabi/10.3.1/../../../../arm-none-eabi/lib/thumb/v7-m/nofp\libc_nano.a(lib_a-closer.o)
                0x000000000800e610                _close_r
 .text._fstat_r
                0x000000000800e630       0x24 d:/programfiles/st/stm32cubeide_1.4.0/stm32cubeide/plugins/com.st.stm32cube.ide.mcu.externaltools.gnu-tools-for-stm32.10.3-2021.10.win32_1.0.0.202111181127/tools/bin/../lib/gcc/arm-none-eabi/10.3.1/../../../../arm-none-eabi/lib/thumb/v7-m/nofp\libc_nano.a(lib_a-fstatr.o)
                0x000000000800e630                _fstat_r
 .text._isatty_r
                0x000000000800e654       0x20 d:/programfiles/st/stm32cubeide_1.4.0/stm32cubeide/plugins/com.st.stm32cube.ide.mcu.externaltools.gnu-tools-for-stm32.10.3-2021.10.win32_1.0.0.202111181127/tools/bin/../lib/gcc/arm-none-eabi/10.3.1/../../../../arm-none-eabi/lib/thumb/v7-m/nofp\libc_nano.a(lib_a-isattyr.o)
                0x000000000800e654                _isatty_r
 .text._lseek_r
                0x000000000800e674       0x24 d:/programfiles/st/stm32cubeide_1.4.0/stm32cubeide/plugins/com.st.stm32cube.ide.mcu.externaltools.gnu-tools-for-stm32.10.3-2021.10.win32_1.0.0.202111181127/tools/bin/../lib/gcc/arm-none-eabi/10.3.1/../../../../arm-none-eabi/lib/thumb/v7-m/nofp\libc_nano.a(lib_a-lseekr.o)
                0x000000000800e674                _lseek_r
 .text._read_r  0x000000000800e698       0x24 d:/programfiles/st/stm32cubeide_1.4.0/stm32cubeide/plugins/com.st.stm32cube.ide.mcu.externaltools.gnu-tools-for-stm32.10.3-2021.10.win32_1.0.0.202111181127/tools/bin/../lib/gcc/arm-none-eabi/10.3.1/../../../../arm-none-eabi/lib/thumb/v7-m/nofp\libc_nano.a(lib_a-readr.o)
                0x000000000800e698                _read_r
 .text.pow      0x000000000800e6bc       0xd0 d:/programfiles/st/stm32cubeide_1.4.0/stm32cubeide/plugins/com.st.stm32cube.ide.mcu.externaltools.gnu-tools-for-stm32.10.3-2021.10.win32_1.0.0.202111181127/tools/bin/../lib/gcc/arm-none-eabi/10.3.1/../../../../arm-none-eabi/lib/thumb/v7-m/nofp\libm.a(lib_a-w_pow.o)
                0x000000000800e6bc                pow
 *fill*         0x000000000800e78c        0x4 
 .text.__ieee754_pow
                0x000000000800e790      0xa2c d:/programfiles/st/stm32cubeide_1.4.0/stm32cubeide/plugins/com.st.stm32cube.ide.mcu.externaltools.gnu-tools-for-stm32.10.3-2021.10.win32_1.0.0.202111181127/tools/bin/../lib/gcc/arm-none-eabi/10.3.1/../../../../arm-none-eabi/lib/thumb/v7-m/nofp\libm.a(lib_a-e_pow.o)
                0x000000000800e790                __ieee754_pow
 .text.__ieee754_sqrt
                0x000000000800f1bc      0x160 d:/programfiles/st/stm32cubeide_1.4.0/stm32cubeide/plugins/com.st.stm32cube.ide.mcu.externaltools.gnu-tools-for-stm32.10.3-2021.10.win32_1.0.0.202111181127/tools/bin/../lib/gcc/arm-none-eabi/10.3.1/../../../../arm-none-eabi/lib/thumb/v7-m/nofp\libm.a(lib_a-e_sqrt.o)
                0x000000000800f1bc                __ieee754_sqrt
 .text.with_errno
                0x000000000800f31c       0x14 d:/programfiles/st/stm32cubeide_1.4.0/stm32cubeide/plugins/com.st.stm32cube.ide.mcu.externaltools.gnu-tools-for-stm32.10.3-2021.10.win32_1.0.0.202111181127/tools/bin/../lib/gcc/arm-none-eabi/10.3.1/../../../../arm-none-eabi/lib/thumb/v7-m/nofp\libm.a(lib_a-math_err.o)
 .text.xflow    0x000000000800f330       0x30 d:/programfiles/st/stm32cubeide_1.4.0/stm32cubeide/plugins/com.st.stm32cube.ide.mcu.externaltools.gnu-tools-for-stm32.10.3-2021.10.win32_1.0.0.202111181127/tools/bin/../lib/gcc/arm-none-eabi/10.3.1/../../../../arm-none-eabi/lib/thumb/v7-m/nofp\libm.a(lib_a-math_err.o)
 .text.__math_uflow
                0x000000000800f360        0xa d:/programfiles/st/stm32cubeide_1.4.0/stm32cubeide/plugins/com.st.stm32cube.ide.mcu.externaltools.gnu-tools-for-stm32.10.3-2021.10.win32_1.0.0.202111181127/tools/bin/../lib/gcc/arm-none-eabi/10.3.1/../../../../arm-none-eabi/lib/thumb/v7-m/nofp\libm.a(lib_a-math_err.o)
                0x000000000800f360                __math_uflow
 .text.__math_oflow
                0x000000000800f36a        0xa d:/programfiles/st/stm32cubeide_1.4.0/stm32cubeide/plugins/com.st.stm32cube.ide.mcu.externaltools.gnu-tools-for-stm32.10.3-2021.10.win32_1.0.0.202111181127/tools/bin/../lib/gcc/arm-none-eabi/10.3.1/../../../../arm-none-eabi/lib/thumb/v7-m/nofp\libm.a(lib_a-math_err.o)
                0x000000000800f36a                __math_oflow
 .text.fabs     0x000000000800f374        0x6 d:/programfiles/st/stm32cubeide_1.4.0/stm32cubeide/plugins/com.st.stm32cube.ide.mcu.externaltools.gnu-tools-for-stm32.10.3-2021.10.win32_1.0.0.202111181127/tools/bin/../lib/gcc/arm-none-eabi/10.3.1/../../../../arm-none-eabi/lib/thumb/v7-m/nofp\libm.a(lib_a-s_fabs.o)
                0x000000000800f374                fabs
 .text.finite   0x000000000800f37a        0xc d:/programfiles/st/stm32cubeide_1.4.0/stm32cubeide/plugins/com.st.stm32cube.ide.mcu.externaltools.gnu-tools-for-stm32.10.3-2021.10.win32_1.0.0.202111181127/tools/bin/../lib/gcc/arm-none-eabi/10.3.1/../../../../arm-none-eabi/lib/thumb/v7-m/nofp\libm.a(lib_a-s_finite.o)
                0x000000000800f37a                finite
 *fill*         0x000000000800f386        0x2 
 .text.scalbn   0x000000000800f388       0xfc d:/programfiles/st/stm32cubeide_1.4.0/stm32cubeide/plugins/com.st.stm32cube.ide.mcu.externaltools.gnu-tools-for-stm32.10.3-2021.10.win32_1.0.0.202111181127/tools/bin/../lib/gcc/arm-none-eabi/10.3.1/../../../../arm-none-eabi/lib/thumb/v7-m/nofp\libm.a(lib_a-s_scalbn.o)
                0x000000000800f388                scalbn
 *(.glue_7)
 .glue_7        0x000000000800f484        0x0 linker stubs
 *(.glue_7t)
 .glue_7t       0x000000000800f484        0x0 linker stubs
 *(.eh_frame)
 .eh_frame      0x000000000800f484        0x0 d:/programfiles/st/stm32cubeide_1.4.0/stm32cubeide/plugins/com.st.stm32cube.ide.mcu.externaltools.gnu-tools-for-stm32.10.3-2021.10.win32_1.0.0.202111181127/tools/bin/../lib/gcc/arm-none-eabi/10.3.1/thumb/v7-m/nofp/crtbegin.o
 *(.init)
 .init          0x000000000800f484        0x4 d:/programfiles/st/stm32cubeide_1.4.0/stm32cubeide/plugins/com.st.stm32cube.ide.mcu.externaltools.gnu-tools-for-stm32.10.3-2021.10.win32_1.0.0.202111181127/tools/bin/../lib/gcc/arm-none-eabi/10.3.1/thumb/v7-m/nofp/crti.o
                0x000000000800f484                _init
 .init          0x000000000800f488        0x8 d:/programfiles/st/stm32cubeide_1.4.0/stm32cubeide/plugins/com.st.stm32cube.ide.mcu.externaltools.gnu-tools-for-stm32.10.3-2021.10.win32_1.0.0.202111181127/tools/bin/../lib/gcc/arm-none-eabi/10.3.1/thumb/v7-m/nofp/crtn.o
 *(.fini)
 .fini          0x000000000800f490        0x4 d:/programfiles/st/stm32cubeide_1.4.0/stm32cubeide/plugins/com.st.stm32cube.ide.mcu.externaltools.gnu-tools-for-stm32.10.3-2021.10.win32_1.0.0.202111181127/tools/bin/../lib/gcc/arm-none-eabi/10.3.1/thumb/v7-m/nofp/crti.o
                0x000000000800f490                _fini
 .fini          0x000000000800f494        0x8 d:/programfiles/st/stm32cubeide_1.4.0/stm32cubeide/plugins/com.st.stm32cube.ide.mcu.externaltools.gnu-tools-for-stm32.10.3-2021.10.win32_1.0.0.202111181127/tools/bin/../lib/gcc/arm-none-eabi/10.3.1/thumb/v7-m/nofp/crtn.o
                0x000000000800f49c                . = ALIGN (0x4)
                0x000000000800f49c                _etext = .

.vfp11_veneer   0x000000000800f49c        0x0
 .vfp11_veneer  0x000000000800f49c        0x0 linker stubs

.v4_bx          0x000000000800f49c        0x0
 .v4_bx         0x000000000800f49c        0x0 linker stubs

.iplt           0x000000000800f49c        0x0
 .iplt          0x000000000800f49c        0x0 d:/programfiles/st/stm32cubeide_1.4.0/stm32cubeide/plugins/com.st.stm32cube.ide.mcu.externaltools.gnu-tools-for-stm32.10.3-2021.10.win32_1.0.0.202111181127/tools/bin/../lib/gcc/arm-none-eabi/10.3.1/thumb/v7-m/nofp/crtbegin.o

.rodata         0x000000000800f4a0     0x1b48
                0x000000000800f4a0                . = ALIGN (0x4)
 *(.rodata)
 .rodata        0x000000000800f4a0       0x47 ./Core/JSON/Src/cJSON.o
 *fill*         0x000000000800f4e7        0x1 
 .rodata        0x000000000800f4e8       0xa2 ./Core/JSON/Src/input_JSON.o
 *fill*         0x000000000800f58a        0x2 
 .rodata        0x000000000800f58c      0x160 ./Core/Src/com.o
 .rodata        0x000000000800f6ec       0xcd ./Core/Src/main.o
 *fill*         0x000000000800f7b9        0x3 
 .rodata        0x000000000800f7bc       0x48 ./Core/fatfs/Src/ff.o
 .rodata        0x000000000800f804       0xb0 ./Core/fatfs/Src/sd_cmd.o
 .rodata        0x000000000800f8b4       0x36 ./Core/fatfs/Src/sd_main.o
 *fill*         0x000000000800f8ea        0x2 
 .rodata        0x000000000800f8ec        0xe ./Core/led/Src/led.o
 *fill*         0x000000000800f8fa        0x2 
 .rodata        0x000000000800f8fc       0x10 ./Drivers/STM32F1xx_HAL_Driver/Src/stm32f1xx_hal_rcc.o
 *(.rodata*)
 .rodata.firstByteMark
                0x000000000800f90c        0x7 ./Core/JSON/Src/cJSON.o
 *fill*         0x000000000800f913        0x1 
 .rodata.AHBPrescTable
                0x000000000800f914       0x10 ./Core/Src/system_stm32f1xx.o
                0x000000000800f914                AHBPrescTable
 .rodata.APBPrescTable
                0x000000000800f924        0x8 ./Core/Src/system_stm32f1xx.o
                0x000000000800f924                APBPrescTable
 .rodata.Tbl    0x000000000800f92c      0x100 ./Core/fatfs/Src/ccsbcs.o
 .rodata.tbl_lower.1
                0x000000000800fa2c      0x1e0 ./Core/fatfs/Src/ccsbcs.o
 .rodata.tbl_upper.0
                0x000000000800fc0c      0x1e0 ./Core/fatfs/Src/ccsbcs.o
 .rodata.ExCvt  0x000000000800fdec       0x80 ./Core/fatfs/Src/ff.o
 .rodata.LfnOfs
                0x000000000800fe6c        0xd ./Core/fatfs/Src/ff.o
 *fill*         0x000000000800fe79        0x3 
 .rodata.Font11x18
                0x000000000800fe7c      0xd5c ./Core/led/Src/fonts.o
 .rodata._ctype_
                0x0000000008010bd8      0x101 d:/programfiles/st/stm32cubeide_1.4.0/stm32cubeide/plugins/com.st.stm32cube.ide.mcu.externaltools.gnu-tools-for-stm32.10.3-2021.10.win32_1.0.0.202111181127/tools/bin/../lib/gcc/arm-none-eabi/10.3.1/../../../../arm-none-eabi/lib/thumb/v7-m/nofp\libc_nano.a(lib_a-ctype_.o)
                0x0000000008010bd8                _ctype_
 *fill*         0x0000000008010cd9        0x3 
 .rodata._global_impure_ptr
                0x0000000008010cdc        0x4 d:/programfiles/st/stm32cubeide_1.4.0/stm32cubeide/plugins/com.st.stm32cube.ide.mcu.externaltools.gnu-tools-for-stm32.10.3-2021.10.win32_1.0.0.202111181127/tools/bin/../lib/gcc/arm-none-eabi/10.3.1/../../../../arm-none-eabi/lib/thumb/v7-m/nofp\libc_nano.a(lib_a-impure.o)
                0x0000000008010cdc                _global_impure_ptr
 .rodata._printf_float.str1.1
                0x0000000008010ce0       0x12 d:/programfiles/st/stm32cubeide_1.4.0/stm32cubeide/plugins/com.st.stm32cube.ide.mcu.externaltools.gnu-tools-for-stm32.10.3-2021.10.win32_1.0.0.202111181127/tools/bin/../lib/gcc/arm-none-eabi/10.3.1/../../../../arm-none-eabi/lib/thumb/v7-m/nofp\libc_nano.a(lib_a-nano-vfprintf_float.o)
 .rodata._printf_i.str1.1
                0x0000000008010cf2       0x22 d:/programfiles/st/stm32cubeide_1.4.0/stm32cubeide/plugins/com.st.stm32cube.ide.mcu.externaltools.gnu-tools-for-stm32.10.3-2021.10.win32_1.0.0.202111181127/tools/bin/../lib/gcc/arm-none-eabi/10.3.1/../../../../arm-none-eabi/lib/thumb/v7-m/nofp\libc_nano.a(lib_a-nano-vfprintf_i.o)
 .rodata._dtoa_r.str1.1
                0x0000000008010d14       0x90 d:/programfiles/st/stm32cubeide_1.4.0/stm32cubeide/plugins/com.st.stm32cube.ide.mcu.externaltools.gnu-tools-for-stm32.10.3-2021.10.win32_1.0.0.202111181127/tools/bin/../lib/gcc/arm-none-eabi/10.3.1/../../../../arm-none-eabi/lib/thumb/v7-m/nofp\libc_nano.a(lib_a-dtoa.o)
                                         0x92 (size before relaxing)
 .rodata._Balloc.str1.1
                0x0000000008010da4       0x5c d:/programfiles/st/stm32cubeide_1.4.0/stm32cubeide/plugins/com.st.stm32cube.ide.mcu.externaltools.gnu-tools-for-stm32.10.3-2021.10.win32_1.0.0.202111181127/tools/bin/../lib/gcc/arm-none-eabi/10.3.1/../../../../arm-none-eabi/lib/thumb/v7-m/nofp\libc_nano.a(lib_a-mprec.o)
                                         0x73 (size before relaxing)
 .rodata.__multadd.str1.1
                0x0000000008010e00       0x11 d:/programfiles/st/stm32cubeide_1.4.0/stm32cubeide/plugins/com.st.stm32cube.ide.mcu.externaltools.gnu-tools-for-stm32.10.3-2021.10.win32_1.0.0.202111181127/tools/bin/../lib/gcc/arm-none-eabi/10.3.1/../../../../arm-none-eabi/lib/thumb/v7-m/nofp\libc_nano.a(lib_a-mprec.o)
 .rodata.__mprec_bigtens