Archive member included to satisfy reference by file (symbol)

d:/programfiles/st/stm32cubeide_1.4.0/stm32cubeide/plugins/com.st.stm32cube.ide.mcu.externaltools.gnu-tools-for-stm32.10.3-2021.10.win32_1.0.0.202111181127/tools/bin/../lib/gcc/arm-none-eabi/10.3.1/../../../../arm-none-eabi/lib/thumb/v7-m/nofp\libc_nano.a(lib_a-atoi.o)
                              ./Core/JSON/Src/input_JSON.o (atoi)
d:/programfiles/st/stm32cubeide_1.4.0/stm32cubeide/plugins/com.st.stm32cube.ide.mcu.externaltools.gnu-tools-for-stm32.10.3-2021.10.win32_1.0.0.202111181127/tools/bin/../lib/gcc/arm-none-eabi/10.3.1/../../../../arm-none-eabi/lib/thumb/v7-m/nofp\libc_nano.a(lib_a-ctype_.o)
                              ./Core/JSON/Src/cJSON.o (_ctype_)
d:/programfiles/st/stm32cubeide_1.4.0/stm32cubeide/plugins/com.st.stm32cube.ide.mcu.externaltools.gnu-tools-for-stm32.10.3-2021.10.win32_1.0.0.202111181127/tools/bin/../lib/gcc/arm-none-eabi/10.3.1/../../../../arm-none-eabi/lib/thumb/v7-m/nofp\libc_nano.a(lib_a-errno.o)
                              ./Core/Src/syscalls.o (__errno)
d:/programfiles/st/stm32cubeide_1.4.0/stm32cubeide/plugins/com.st.stm32cube.ide.mcu.externaltools.gnu-tools-for-stm32.10.3-2021.10.win32_1.0.0.202111181127/tools/bin/../lib/gcc/arm-none-eabi/10.3.1/../../../../arm-none-eabi/lib/thumb/v7-m/nofp\libc_nano.a(lib_a-exit.o)
                              d:/programfiles/st/stm32cubeide_1.4.0/stm32cubeide/plugins/com.st.stm32cube.ide.mcu.externaltools.gnu-tools-for-stm32.10.3-2021.10.win32_1.0.0.202111181127/tools/bin/../lib/gcc/arm-none-eabi/10.3.1/../../../../arm-none-eabi/lib/thumb/v7-m/nofp/crt0.o (exit)
d:/programfiles/st/stm32cubeide_1.4.0/stm32cubeide/plugins/com.st.stm32cube.ide.mcu.externaltools.gnu-tools-for-stm32.10.3-2021.10.win32_1.0.0.202111181127/tools/bin/../lib/gcc/arm-none-eabi/10.3.1/../../../../arm-none-eabi/lib/thumb/v7-m/nofp\libc_nano.a(lib_a-impure.o)
                              d:/programfiles/st/stm32cubeide_1.4.0/stm32cubeide/plugins/com.st.stm32cube.ide.mcu.externaltools.gnu-tools-for-stm32.10.3-2021.10.win32_1.0.0.202111181127/tools/bin/../lib/gcc/arm-none-eabi/10.3.1/../../../../arm-none-eabi/lib/thumb/v7-m/nofp\libc_nano.a(lib_a-exit.o) (_global_impure_ptr)
d:/programfiles/st/stm32cubeide_1.4.0/stm32cubeide/plugins/com.st.stm32cube.ide.mcu.externaltools.gnu-tools-for-stm32.10.3-2021.10.win32_1.0.0.202111181127/tools/bin/../lib/gcc/arm-none-eabi/10.3.1/../../../../arm-none-eabi/lib/thumb/v7-m/nofp\libc_nano.a(lib_a-init.o)
                              d:/programfiles/st/stm32cubeide_1.4.0/stm32cubeide/plugins/com.st.stm32cube.ide.mcu.externaltools.gnu-tools-for-stm32.10.3-2021.10.win32_1.0.0.202111181127/tools/bin/../lib/gcc/arm-none-eabi/10.3.1/../../../../arm-none-eabi/lib/thumb/v7-m/nofp/crt0.o (__libc_init_array)
d:/programfiles/st/stm32cubeide_1.4.0/stm32cubeide/plugins/com.st.stm32cube.ide.mcu.externaltools.gnu-tools-for-stm32.10.3-2021.10.win32_1.0.0.202111181127/tools/bin/../lib/gcc/arm-none-eabi/10.3.1/../../../../arm-none-eabi/lib/thumb/v7-m/nofp\libc_nano.a(lib_a-malloc.o)
                              ./Core/JSON/Src/cJSON.o (malloc)
d:/programfiles/st/stm32cubeide_1.4.0/stm32cubeide/plugins/com.st.stm32cube.ide.mcu.externaltools.gnu-tools-for-stm32.10.3-2021.10.win32_1.0.0.202111181127/tools/bin/../lib/gcc/arm-none-eabi/10.3.1/../../../../arm-none-eabi/lib/thumb/v7-m/nofp\libc_nano.a(lib_a-memcpy-stub.o)
                              ./Core/JSON/Src/cJSON.o (memcpy)
d:/programfiles/st/stm32cubeide_1.4.0/stm32cubeide/plugins/com.st.stm32cube.ide.mcu.externaltools.gnu-tools-for-stm32.10.3-2021.10.win32_1.0.0.202111181127/tools/bin/../lib/gcc/arm-none-eabi/10.3.1/../../../../arm-none-eabi/lib/thumb/v7-m/nofp\libc_nano.a(lib_a-memset.o)
                              d:/programfiles/st/stm32cubeide_1.4.0/stm32cubeide/plugins/com.st.stm32cube.ide.mcu.externaltools.gnu-tools-for-stm32.10.3-2021.10.win32_1.0.0.202111181127/tools/bin/../lib/gcc/arm-none-eabi/10.3.1/../../../../arm-none-eabi/lib/thumb/v7-m/nofp/crt0.o (memset)
d:/programfiles/st/stm32cubeide_1.4.0/stm32cubeide/plugins/com.st.stm32cube.ide.mcu.externaltools.gnu-tools-for-stm32.10.3-2021.10.win32_1.0.0.202111181127/tools/bin/../lib/gcc/arm-none-eabi/10.3.1/../../../../arm-none-eabi/lib/thumb/v7-m/nofp\libc_nano.a(lib_a-nano-freer.o)
                              d:/programfiles/st/stm32cubeide_1.4.0/stm32cubeide/plugins/com.st.stm32cube.ide.mcu.externaltools.gnu-tools-for-stm32.10.3-2021.10.win32_1.0.0.202111181127/tools/bin/../lib/gcc/arm-none-eabi/10.3.1/../../../../arm-none-eabi/lib/thumb/v7-m/nofp\libc_nano.a(lib_a-malloc.o) (_free_r)
d:/programfiles/st/stm32cubeide_1.4.0/stm32cubeide/plugins/com.st.stm32cube.ide.mcu.externaltools.gnu-tools-for-stm32.10.3-2021.10.win32_1.0.0.202111181127/tools/bin/../lib/gcc/arm-none-eabi/10.3.1/../../../../arm-none-eabi/lib/thumb/v7-m/nofp\libc_nano.a(lib_a-nano-mallocr.o)
[...]
Memory Configuration

Name             Origin             Length             Attributes
RAM              0x0000000020000000 0x0000000000005000 xrw
FLASH            0x0000000008000000 0x0000000000020000 xr
*default*        0x0000000000000000 0xffffffffffffffff

Linker script and memory map

LOAD d:/programfiles/st/stm32cubeide_1.4.0/stm32cubeide/plugins/com.st.stm32cube.ide.mcu.externaltools.gnu-tools-for-stm32.10.3-2021.10.win32_1.0.0.202111181127/tools/bin/../lib/gcc/arm-none-eabi/10.3.1/thumb/v7-m/nofp/crti.o
LOAD d:/programfiles/st/stm32cubeide_1.4.0/stm32cubeide/plugins/com.st.stm32cube.ide.mcu.externaltools.gnu-tools-for-stm32.10.3-2021.10.win32_1.0.0.202111181127/tools/bin/../lib/gcc/arm-none-eabi/10.3.1/thumb/v7-m/nofp/crtbegin.o
LOAD d:/programfiles/st/stm32cubeide_1.4.0/stm32cubeide/plugins/com.st.stm32cube.ide.mcu.externaltools.gnu-tools-for-stm32.10.3-2021.10.win32_1.0.0.202111181127/tools/bin/../lib/gcc/arm-none-eabi/10.3.1/../../../../arm-none-eabi/lib/thumb/v7-m/nofp/crt0.o
LOAD ./Core/JSON/Src/cJSON.o
LOAD ./Core/JSON/Src/create_JSON.o
LOAD ./Core/JSON/Src/input_JSON.o
LOAD ./Core/Src/adc.o
LOAD ./Core/Src/com.o
LOAD ./Core/Src/dma.o
LOAD ./Core/Src/gpio.o
LOAD ./Core/Src/i2c.o
LOAD ./Core/Src/main.o
LOAD ./Core/Src/spi.o
LOAD ./Core/Src/stm32f1xx_hal_msp.o
LOAD ./Core/Src/stm32f1xx_it.o
LOAD ./Core/Src/syscalls.o
LOAD ./Core/Src/sysmem.o
LOAD ./Core/Src/system_stm32f1xx.o
LOAD ./Core/Src/tim.o
LOAD ./Core/Src/usart.o
LOAD ./Core/Src/usart_ring.o
LOAD ./Core/Startup/startup_stm32f103rbtx.o
LOAD ./Core/fatfs/Src/ccsbcs.o
LOAD ./Core/fatfs/Src/ff.o
LOAD ./Core/fatfs/Src/sd_cmd.o
LOAD ./Core/fatfs/Src/sd_main.o
LOAD ./Core/fatfs/Src/spi_sd.o
LOAD ./Core/led/Src/fonts.o
LOAD ./Core/led/Src/led.o
LOAD ./Core/led/Src/ssd1306.o
LOAD ./Core/periphery_io/Src/data_process.o
LOAD ./Drivers/STM32F1xx_HAL_Driver/Src/stm32f1xx_hal.o
LOAD ./Drivers/STM32F1xx_HAL_Driver/Src/stm32f1xx_hal_adc.o
LOAD ./Drivers/STM32F1xx_HAL_Driver/Src/stm32f1xx_hal_adc_ex.o
LOAD ./Drivers/STM32F1xx_HAL_Driver/Src/stm32f1xx_hal_cortex.o
LOAD ./Drivers/STM32F1xx_HAL_Driver/Src/stm32f1xx_hal_dma.o
LOAD ./Drivers/STM32F1xx_HAL_Driver/Src/stm32f1xx_hal_exti.o
LOAD ./Drivers/STM32F1xx_HAL_Driver/Src/stm32f1xx_hal_flash.o
LOAD ./Drivers/STM32F1xx_HAL_Driver/Src/stm32f1xx_hal_flash_ex.o
LOAD ./Drivers/STM32F1xx_HAL_Driver/Src/stm32f1xx_hal_gpio.o
LOAD ./Drivers/STM32F1xx_HAL_Driver/Src/stm32f1xx_hal_gpio_ex.o
LOAD ./Drivers/STM32F1xx_HAL_Driver/Src/stm32f1xx_hal_i2c.o
LOAD ./Drivers/STM32F1xx_HAL_Driver/Src/stm32f1xx_hal_pwr.o
LOAD ./Drivers/STM32F1xx_HAL_Driver/Src/stm32f1xx_hal_rcc.o
LOAD ./Drivers/STM32F1xx_HAL_Driver/Src/stm32f1xx_hal_rcc_ex.o
LOAD ./Drivers/STM32F1xx_HAL_Driver/Src/stm32f1xx_hal_spi.o
LOAD ./Drivers/STM32F1xx_HAL_Driver/Src/stm32f1xx_hal_tim.o
LOAD ./Drivers/STM32F1xx_HAL_Driver/Src/stm32f1xx_hal_tim_ex.o
LOAD ./Drivers/STM32F1xx_HAL_Driver/Src/stm32f1xx_hal_uart.o
START GROUP
LOAD d:/programfiles/st/stm32cubeide_1.4.0/stm32cubeide/plugins/com.st.stm32cube.ide.mcu.externaltools.gnu-tools-for-stm32.10.3-2021.10.win32_1.0.0.202111181127/tools/bin/../lib/gcc/arm-none-eabi/10.3.1/../../../../arm-none-eabi/lib/thumb/v7-m/nofp\libc_nano.a
LOAD d:/programfiles/st/stm32cubeide_1.4.0/stm32cubeide/plugins/com.st.stm32cube.ide.mcu.externaltools.gnu-tools-for-stm32.10.3-2021.10.win32_1.0.0.202111181127/tools/bin/../lib/gcc/arm-none-eabi/10.3.1/../../../../arm-none-eabi/lib/thumb/v7-m/nofp\libm.a
END GROUP
START GROUP
LOAD d:/programfiles/st/stm32cubeide_1.4.0/stm32cubeide/plugins/com.st.stm32cube.ide.mcu.externaltools.gnu-tools-for-stm32.10.3-2021.10.win32_1.0.0.202111181127/tools/bin/../lib/gcc/arm-none-eabi/10.3.1/thumb/v7-m/nofp\libgcc.a
LOAD d:/programfiles/st/stm32cubeide_1.4.0/stm32cubeide/plugins/com.st.stm32cube.ide.mcu.externaltools.gnu-tools-for-stm32.10.3-2021.10.win32_1.0.0.202111181127/tools/bin/../lib/gcc/arm-none-eabi/10.3.1/../../../../arm-none-eabi/lib/thumb/v7-m/nofp\libc_nano.a
END GROUP
START GROUP
LOAD d:/programfiles/st/stm32cubeide_1.4.0/stm32cubeide/plugins/com.st.stm32cube.ide.mcu.externaltools.gnu-tools-for-stm32.10.3-2021.10.win32_1.0.0.202111181127/tools/bin/../lib/gcc/arm-none-eabi/10.3.1/thumb/v7-m/nofp\libgcc.a
LOAD d:/programfiles/st/stm32cubeide_1.4.0/stm32cubeide/plugins/com.st.stm32cube.ide.mcu.externaltools.gnu-tools-for-stm32.10.3-2021.10.win32_1.0.0.202111181127/tools/bin/../lib/gcc/arm-none-eabi/10.3.1/../../../../arm-none-eabi/lib/thumb/v7-m/nofp\libc_nano.a
LOAD d:/programfiles/st/stm32cubeide_1.4.0/stm32cubeide/plugins/com.st.stm32cube.ide.mcu.externaltools.gnu-tools-for-stm32.10.3-2021.10.win32_1.0.0.202111181127/tools/bin/../lib/gcc/arm-none-eabi/10.3.1/../../../../arm-none-eabi/lib/thumb/v7-m/nofp\libnosys.a
END GROUP
START GROUP
LOAD d:/programfiles/st/stm32cubeide_1.4.0/stm32cubeide/plugins/com.st.stm32cube.ide.mcu.externaltools.gnu-tools-for-stm32.10.3-2021.10.win32_1.0.0.202111181127/tools/bin/../lib/gcc/arm-none-eabi/10.3.1/thumb/v7-m/nofp\libgcc.a
LOAD d:/programfiles/st/stm32cubeide_1.4.0/stm32cubeide/plugins/com.st.stm32cube.ide.mcu.externaltools.gnu-tools-for-stm32.10.3-2021.10.win32_1.0.0.202111181127/tools/bin/../lib/gcc/arm-none-eabi/10.3.1/../../../../arm-none-eabi/lib/thumb/v7-m/nofp\libc_nano.a
LOAD d:/programfiles/st/stm32cubeide_1.4.0/stm32cubeide/plugins/com.st.stm32cube.ide.mcu.externaltools.gnu-tools-for-stm32.10.3-2021.10.win32_1.0.0.202111181127/tools/bin/../lib/gcc/arm-none-eabi/10.3.1/../../../../arm-none-eabi/lib/thumb/v7-m/nofp\libnosys.a
END GROUP
LOAD d:/programfiles/st/stm32cubeide_1.4.0/stm32cubeide/plugins/com.st.stm32cube.ide.mcu.externaltools.gnu-tools-for-stm32.10.3-2021.10.win32_1.0.0.202111181127/tools/bin/../lib/gcc/arm-none-eabi/10.3.1/thumb/v7-m/nofp/crtend.o
LOAD d:/programfiles/st/stm32cubeide_1.4.0/stm32cubeide/plugins/com.st.stm32cube.ide.mcu.externaltools.gnu-tools-for-stm32.10.3-2021.10.win32_1.0.0.202111181127/tools/bin/../lib/gcc/arm-none-eabi/10.3.1/thumb/v7-m/nofp/crtn.o
                0x0000000020005000                _estack = (ORIGIN (RAM) + LENGTH (RAM))
                0x0000000000000200                _Min_Heap_Size = 0x200
                0x0000000000000400                _Min_Stack_Size = 0x400

.isr_vector     0x0000000008000000      0x10c
                0x0000000008000000                . = ALIGN (0x4)
 *(.isr_vector)
 .isr_vector    0x0000000008000000      0x10c ./Core/Startup/startup_stm32f103rbtx.o
                0x0000000008000000                g_pfnVectors
                0x000000000800010c                . = ALIGN (0x4)

.text           0x0000000008000110    0x102ac
                0x0000000008000110                . = ALIGN (0x4)
 *(.text)
 .text          0x0000000008000110       0x40 d:/programfiles/st/stm32cubeide_1.4.0/stm32cubeide/plugins/com.st.stm32cube.ide.mcu.externaltools.gnu-tools-for-stm32.10.3-2021.10.win32_1.0.0.202111181127/tools/bin/../lib/gcc/arm-none-eabi/10.3.1/thumb/v7-m/nofp/crtbegin.o
 .text          0x0000000008000150       0x14 d:/programfiles/st/stm32cubeide_1.4.0/stm32cubeide/plugins/com.st.stm32cube.ide.mcu.externaltools.gnu-tools-for-stm32.10.3-2021.10.win32_1.0.0.202111181127/tools/bin/../lib/gcc/arm-none-eabi/10.3.1/../../../../arm-none-eabi/lib/thumb/v7-m/nofp\libc_nano.a(lib_a-strcmp.o)
                0x0000000008000150                strcmp
 .text          0x0000000008000164       0x10 d:/programfiles/st/stm32cubeide_1.4.0/stm32cubeide/plugins/com.st.stm32cube.ide.mcu.externaltools.gnu-tools-for-stm32.10.3-2021.10.win32_1.0.0.202111181127/tools/bin/../lib/gcc/arm-none-eabi/10.3.1/../../../../arm-none-eabi/lib/thumb/v7-m/nofp\libc_nano.a(lib_a-strlen.o)
                0x0000000008000164                strlen
 .text          0x0000000008000174      0x378 d:/programfiles/st/stm32cubeide_1.4.0/stm32cubeide/plugins/com.st.stm32cube.ide.mcu.externaltools.gnu-tools-for-stm32.10.3-2021.10.win32_1.0.0.202111181127/tools/bin/../lib/gcc/arm-none-eabi/10.3.1/thumb/v7-m/nofp\libgcc.a(_arm_addsubdf3.o)
                0x0000000008000174                __aeabi_drsub
                0x000000000800017c                __aeabi_dsub
                0x000000000800017c                __subdf3
                0x0000000008000180                __aeabi_dadd
                0x0000000008000180                __adddf3
                0x00000000080003f8                __floatunsidf
                0x00000000080003f8                __aeabi_ui2d
                0x0000000008000418                __floatsidf
                0x0000000008000418                __aeabi_i2d
                0x000000000800043c                __aeabi_f2d
                0x000000000800043c                __extendsfdf2
                0x0000000008000480                __floatundidf
                0x0000000008000480                __aeabi_ul2d
                0x0000000008000490                __floatdidf
                0x0000000008000490                __aeabi_l2d
 .text          0x00000000080004ec      0x424 d:/programfiles/st/stm32cubeide_1.4.0/stm32cubeide/plugins/com.st.stm32cube.ide.mcu.externaltools.gnu-tools-for-stm32.10.3-2021.10.win32_1.0.0.202111181127/tools/bin/../lib/gcc/arm-none-eabi/10.3.1/thumb/v7-m/nofp\libgcc.a(_arm_muldivdf3.o)
                0x00000000080004ec                __aeabi_dmul
                0x00000000080004ec                __muldf3
                0x0000000008000740                __divdf3
                0x0000000008000740                __aeabi_ddiv
 .text          0x0000000008000910      0x110 d:/programfiles/st/stm32cubeide_1.4.0/stm32cubeide/plugins/com.st.stm32cube.ide.mcu.externaltools.gnu-tools-for-stm32.10.3-2021.10.win32_1.0.0.202111181127/tools/bin/../lib/gcc/arm-none-eabi/10.3.1/thumb/v7-m/nofp\libgcc.a(_arm_cmpdf2.o)
                0x0000000008000910                __gtdf2
                0x0000000008000910                __gedf2
                0x0000000008000918                __ltdf2
                0x0000000008000918                __ledf2
                0x0000000008000920                __nedf2
                0x0000000008000920                __eqdf2
                0x0000000008000920                __cmpdf2
                0x000000000800099c                __aeabi_cdrcmple
                0x00000000080009ac                __aeabi_cdcmpeq
                0x00000000080009ac                __aeabi_cdcmple
                0x00000000080009bc                __aeabi_dcmpeq
                0x00000000080009d0                __aeabi_dcmplt
                0x00000000080009e4                __aeabi_dcmple
                0x00000000080009f8                __aeabi_dcmpge
                0x0000000008000a0c                __aeabi_dcmpgt
 .text          0x0000000008000a20       0x2c d:/programfiles/st/stm32cubeide_1.4.0/stm32cubeide/plugins/com.st.stm32cube.ide.mcu.externaltools.gnu-tools-for-stm32.10.3-2021.10.win32_1.0.0.202111181127/tools/bin/../lib/gcc/arm-none-eabi/10.3.1/thumb/v7-m/nofp\libgcc.a(_arm_unorddf2.o)
                0x0000000008000a20                __unorddf2
                0x0000000008000a20                __aeabi_dcmpun
 .text          0x0000000008000a4c       0x50 d:/programfiles/st/stm32cubeide_1.4.0/stm32cubeide/plugins/com.st.stm32cube.ide.mcu.externaltools.gnu-tools-for-stm32.10.3-2021.10.win32_1.0.0.202111181127/tools/bin/../lib/gcc/arm-none-eabi/10.3.1/thumb/v7-m/nofp\libgcc.a(_arm_fixdfsi.o)
                0x0000000008000a4c                __aeabi_d2iz
                0x0000000008000a4c                __fixdfsi
 *(.text*)
 .text.cJSON_strcasecmp
                0x0000000008000a9c       0xdc ./Core/JSON/Src/cJSON.o
 .text.cJSON_strdup
                0x0000000008000b78       0x40 ./Core/JSON/Src/cJSON.o
 .text.cJSON_New_Item
                0x0000000008000bb8       0x30 ./Core/JSON/Src/cJSON.o
 .text.cJSON_Delete
                0x0000000008000be8       0x90 ./Core/JSON/Src/cJSON.o
                0x0000000008000be8                cJSON_Delete
 .text.parse_number
                0x0000000008000c78      0x21c ./Core/JSON/Src/cJSON.o
 .text.pow2gt   0x0000000008000e94       0x4e ./Core/JSON/Src/cJSON.o
 *fill*         0x0000000008000ee2        0x2 
 .text.ensure   0x0000000008000ee4       0xbc ./Core/JSON/Src/cJSON.o
 .text.update   0x0000000008000fa0       0x3e ./Core/JSON/Src/cJSON.o
 *fill*         0x0000000008000fde        0x2 
 .text.print_number
                0x0000000008000fe0      0x210 ./Core/JSON/Src/cJSON.o
 .text.parse_hex4
                0x00000000080011f0      0x1cc ./Core/JSON/Src/cJSON.o
 .text.parse_string
                0x00000000080013bc      0x300 ./Core/JSON/Src/cJSON.o
 .text.print_string_ptr
                0x00000000080016bc      0x2e8 ./Core/JSON/Src/cJSON.o
 .text.print_string
                0x00000000080019a4       0x20 ./Core/JSON/Src/cJSON.o
 .text.skip     0x00000000080019c4       0x32 ./Core/JSON/Src/cJSON.o
 *fill*         0x00000000080019f6        0x2 
 .text.cJSON_ParseWithOpts
                0x00000000080019f8       0x88 ./Core/JSON/Src/cJSON.o
                0x00000000080019f8                cJSON_ParseWithOpts
 .text.cJSON_Parse
                0x0000000008001a80       0x1c ./Core/JSON/Src/cJSON.o
                0x0000000008001a80                cJSON_Parse
 .text.cJSON_Print
                0x0000000008001a9c       0x1e ./Core/JSON/Src/cJSON.o
                0x0000000008001a9c                cJSON_Print
 *fill*         0x0000000008001aba        0x2 
 .text.parse_value
                0x0000000008001abc       0xf0 ./Core/JSON/Src/cJSON.o
 .text.print_value
                0x0000000008001bac      0x188 ./Core/JSON/Src/cJSON.o
 .text.parse_array
                0x0000000008001d34       0xec ./Core/JSON/Src/cJSON.o
 .text.print_array
                0x0000000008001e20      0x31c ./Core/JSON/Src/cJSON.o
 .text.parse_object
                0x000000000800213c      0x17c ./Core/JSON/Src/cJSON.o
 .text.print_object
                0x00000000080022b8      0x5e8 ./Core/JSON/Src/cJSON.o
 .text.cJSON_GetObjectItem
                0x00000000080028a0       0x3a ./Core/JSON/Src/cJSON.o
                0x00000000080028a0                cJSON_GetObjectItem
 .text.suffix_object
                0x00000000080028da       0x20 ./Core/JSON/Src/cJSON.o
 .text.cJSON_AddItemToArray
                0x00000000080028fa       0x4a ./Core/JSON/Src/cJSON.o
                0x00000000080028fa                cJSON_AddItemToArray
 .text.cJSON_AddItemToObject
                0x0000000008002944       0x48 ./Core/JSON/Src/cJSON.o
                0x0000000008002944                cJSON_AddItemToObject
 .text.cJSON_CreateString
                0x000000000800298c       0x30 ./Core/JSON/Src/cJSON.o
                0x000000000800298c                cJSON_CreateString
 .text.cJSON_CreateObject
                0x00000000080029bc       0x22 ./Core/JSON/Src/cJSON.o
                0x00000000080029bc                cJSON_CreateObject
 *fill*         0x00000000080029de        0x2 
 .text.test_create_json
                0x00000000080029e0      0x120 ./Core/JSON/Src/create_JSON.o
                0x00000000080029e0                test_create_json
 .text.json_input
                0x0000000008002b00      0x300 ./Core/JSON/Src/input_JSON.o
                0x0000000008002b00                json_input
 .text.MX_ADC1_Init
                0x0000000008002e00       0xb4 ./Core/Src/adc.o
                0x0000000008002e00                MX_ADC1_Init
 .text.HAL_ADC_MspInit
                0x0000000008002eb4       0xd0 ./Core/Src/adc.o
                0x0000000008002eb4                HAL_ADC_MspInit
 .text.clear_string
                0x0000000008002f84       0x7c ./Core/Src/com.o
                0x0000000008002f84                clear_string
 .text.USART_Tx
                0x0000000008003000       0x2c ./Core/Src/com.o
                0x0000000008003000                USART_Tx
 .text.SEND_str
                0x000000000800302c       0x38 ./Core/Src/com.o
                0x000000000800302c                SEND_str
 .text.DEBUG_main
                0x0000000008003064      0x118 ./Core/Src/com.o
                0x0000000008003064                DEBUG_main
 .text.MX_DMA_Init
                0x000000000800317c       0x3c ./Core/Src/dma.o
                0x000000000800317c                MX_DMA_Init
 .text.MX_GPIO_Init
                0x00000000080031b8      0x1b4 ./Core/Src/gpio.o
                0x00000000080031b8                MX_GPIO_Init
 .text.MX_I2C2_Init
                0x000000000800336c       0x5c ./Core/Src/i2c.o
                0x000000000800336c                MX_I2C2_Init
 .text.HAL_I2C_MspInit
                0x00000000080033c8       0x80 ./Core/Src/i2c.o
                0x00000000080033c8                HAL_I2C_MspInit
 .text.main     0x0000000008003448       0x94 ./Core/Src/main.o
                0x0000000008003448                main
 .text.SystemClock_Config
                0x00000000080034dc       0xb6 ./Core/Src/main.o
                0x00000000080034dc                SystemClock_Config
 *fill*         0x0000000008003592        0x2 
 .text.HAL_GPIO_EXTI_Callback
                0x0000000008003594       0x98 ./Core/Src/main.o
                0x0000000008003594                HAL_GPIO_EXTI_Callback
 .text.HAL_ADC_ConvCpltCallback
                0x000000000800362c       0xc4 ./Core/Src/main.o
                0x000000000800362c                HAL_ADC_ConvCpltCallback
 .text.Error_Handler
                0x00000000080036f0        0xa ./Core/Src/main.o
                0x00000000080036f0                Error_Handler
 *fill*         0x00000000080036fa        0x2 
 .text.MX_SPI1_Init
                0x00000000080036fc       0x6c ./Core/Src/spi.o
                0x00000000080036fc                MX_SPI1_Init
 .text.HAL_SPI_MspInit
                0x0000000008003768       0x94 ./Core/Src/spi.o
                0x0000000008003768                HAL_SPI_MspInit
 .text.HAL_MspInit
                0x00000000080037fc       0x64 ./Core/Src/stm32f1xx_hal_msp.o
                0x00000000080037fc                HAL_MspInit
 .text.NMI_Handler
                0x0000000008003860        0x6 ./Core/Src/stm32f1xx_it.o
                0x0000000008003860                NMI_Handler
 .text.HardFault_Handler
                0x0000000008003866        0x6 ./Core/Src/stm32f1xx_it.o
                0x0000000008003866                HardFault_Handler
 .text.MemManage_Handler
                0x000000000800386c        0x6 ./Core/Src/stm32f1xx_it.o
                0x000000000800386c                MemManage_Handler
 .text.BusFault_Handler
                0x0000000008003872        0x6 ./Core/Src/stm32f1xx_it.o
                0x0000000008003872                BusFault_Handler
 .text.UsageFault_Handler
                0x0000000008003878        0x6 ./Core/Src/stm32f1xx_it.o
                0x0000000008003878                UsageFault_Handler
 .text.SVC_Handler
                0x000000000800387e        0xc ./Core/Src/stm32f1xx_it.o
                0x000000000800387e                SVC_Handler
 .text.DebugMon_Handler
                0x000000000800388a        0xc ./Core/Src/stm32f1xx_it.o
                0x000000000800388a                DebugMon_Handler
 .text.PendSV_Handler
                0x0000000008003896        0xc ./Core/Src/stm32f1xx_it.o
                0x0000000008003896                PendSV_Handler
 .text.SysTick_Handler
                0x00000000080038a2        0xc ./Core/Src/stm32f1xx_it.o
                0x00000000080038a2                SysTick_Handler
 .text.EXTI0_IRQHandler
                0x00000000080038ae        0xe ./Core/Src/stm32f1xx_it.o
                0x00000000080038ae                EXTI0_IRQHandler
 .text.EXTI1_IRQHandler
                0x00000000080038bc        0xe ./Core/Src/stm32f1xx_it.o
                0x00000000080038bc                EXTI1_IRQHandler
 .text.EXTI2_IRQHandler
                0x00000000080038ca        0xe ./Core/Src/stm32f1xx_it.o
                0x00000000080038ca                EXTI2_IRQHandler
 .text.DMA1_Channel1_IRQHandler
                0x00000000080038d8       0x14 ./Core/Src/stm32f1xx_it.o
                0x00000000080038d8                DMA1_Channel1_IRQHandler
 .text.USART1_IRQHandler
                0x00000000080038ec       0x88 ./Core/Src/stm32f1xx_it.o
                0x00000000080038ec                USART1_IRQHandler
 .text._getpid  0x0000000008003974        0xe ./Core/Src/syscalls.o
                0x0000000008003974                _getpid
 .text._kill    0x0000000008003982       0x20 ./Core/Src/syscalls.o
                0x0000000008003982                _kill
 .text._exit    0x00000000080039a2       0x14 ./Core/Src/syscalls.o
                0x00000000080039a2                _exit
 .text._read    0x00000000080039b6       0x3a ./Core/Src/syscalls.o
                0x00000000080039b6                _read
 .text._write   0x00000000080039f0       0x38 ./Core/Src/syscalls.o
                0x00000000080039f0                _write
 .text._close   0x0000000008003a28       0x16 ./Core/Src/syscalls.o
                0x0000000008003a28                _close
 .text._fstat   0x0000000008003a3e       0x1e ./Core/Src/syscalls.o
                0x0000000008003a3e                _fstat
 .text._isatty  0x0000000008003a5c       0x14 ./Core/Src/syscalls.o
                0x0000000008003a5c                _isatty
 .text._lseek   0x0000000008003a70       0x18 ./Core/Src/syscalls.o
                0x0000000008003a70                _lseek
 .text._sbrk    0x0000000008003a88       0x6c ./Core/Src/sysmem.o
                0x0000000008003a88                _sbrk
 .text.SystemInit
                0x0000000008003af4        0xc ./Core/Src/system_stm32f1xx.o
                0x0000000008003af4                SystemInit
 .text.MX_TIM1_Init
                0x0000000008003b00      0x13c ./Core/Src/tim.o
                0x0000000008003b00                MX_TIM1_Init
 .text.MX_TIM2_Init
                0x0000000008003c3c      0x148 ./Core/Src/tim.o
                0x0000000008003c3c                MX_TIM2_Init
 .text.MX_TIM3_Init
                0x0000000008003d84      0x134 ./Core/Src/tim.o
                0x0000000008003d84                MX_TIM3_Init
 .text.MX_TIM4_Init
                0x0000000008003eb8      0x14c ./Core/Src/tim.o
                0x0000000008003eb8                MX_TIM4_Init
 .text.HAL_TIM_Base_MspInit
                0x0000000008004004      0x19c ./Core/Src/tim.o
                0x0000000008004004                HAL_TIM_Base_MspInit
 .text.HAL_TIM_MspPostInit
                0x00000000080041a0      0x134 ./Core/Src/tim.o
                0x00000000080041a0                HAL_TIM_MspPostInit
 .text.MX_USART1_UART_Init
                0x00000000080042d4       0x54 ./Core/Src/usart.o
                0x00000000080042d4                MX_USART1_UART_Init
 .text.MX_USART3_UART_Init
                0x0000000008004328       0x54 ./Core/Src/usart.o
                0x0000000008004328                MX_USART3_UART_Init
 .text.HAL_UART_MspInit
                0x000000000800437c      0x148 ./Core/Src/usart.o
                0x000000000800437c                HAL_UART_MspInit
 .text.dbg_available
                0x00000000080044c4       0x44 ./Core/Src/usart_ring.o
                0x00000000080044c4                dbg_available
 .text.dbg_read
                0x0000000008004508       0x6c ./Core/Src/usart_ring.o
                0x0000000008004508                dbg_read
 .text.EN_Interrupt
                0x0000000008004574       0x20 ./Core/Src/usart_ring.o
                0x0000000008004574                EN_Interrupt
 .text.Reset_Handler
                0x0000000008004594       0x48 ./Core/Startup/startup_stm32f103rbtx.o
                0x0000000008004594                Reset_Handler
 .text.Default_Handler
                0x00000000080045dc        0x2 ./Core/Startup/startup_stm32f103rbtx.o
                0x00000000080045dc                RTC_Alarm_IRQHandler
                0x00000000080045dc                TIM1_CC_IRQHandler
                0x00000000080045dc                PVD_IRQHandler
                0x00000000080045dc                EXTI3_IRQHandler
                0x00000000080045dc                I2C2_EV_IRQHandler
                0x00000000080045dc                ADC1_2_IRQHandler
                0x00000000080045dc                SPI1_IRQHandler
                0x00000000080045dc                TAMPER_IRQHandler
                0x00000000080045dc                DMA1_Channel4_IRQHandler
                0x00000000080045dc                USART3_IRQHandler
                0x00000000080045dc                RTC_IRQHandler
                0x00000000080045dc                DMA1_Channel7_IRQHandler
                0x00000000080045dc                CAN1_RX1_IRQHandler
                0x00000000080045dc                TIM4_IRQHandler
                0x00000000080045dc                I2C1_EV_IRQHandler
                0x00000000080045dc                DMA1_Channel6_IRQHandler
                0x00000000080045dc                TIM3_IRQHandler
                0x00000000080045dc                RCC_IRQHandler
                0x00000000080045dc                TIM1_TRG_COM_IRQHandler
                0x00000000080045dc                Default_Handler
                0x00000000080045dc                EXTI15_10_IRQHandler
                0x00000000080045dc                EXTI9_5_IRQHandler
                0x00000000080045dc                SPI2_IRQHandler
                0x00000000080045dc                DMA1_Channel5_IRQHandler
                0x00000000080045dc                EXTI4_IRQHandler
                0x00000000080045dc                USB_LP_CAN1_RX0_IRQHandler
                0x00000000080045dc                USB_HP_CAN1_TX_IRQHandler
                0x00000000080045dc                DMA1_Channel3_IRQHandler
                0x00000000080045dc                TIM1_UP_IRQHandler
                0x00000000080045dc                WWDG_IRQHandler
                0x00000000080045dc                TIM2_IRQHandler
                0x00000000080045dc                TIM1_BRK_IRQHandler
                0x00000000080045dc                USART2_IRQHandler
                0x00000000080045dc                I2C2_ER_IRQHandler
                0x00000000080045dc                DMA1_Channel2_IRQHandler
                0x00000000080045dc                CAN1_SCE_IRQHandler
                0x00000000080045dc                FLASH_IRQHandler
                0x00000000080045dc                I2C1_ER_IRQHandler
                0x00000000080045dc                USBWakeUp_IRQHandler
 *fill*         0x00000000080045de        0x2 
 .text.ff_convert
                0x00000000080045e0       0x74 ./Core/fatfs/Src/ccsbcs.o
                0x00000000080045e0                ff_convert
 .text.ff_wtoupper
                0x0000000008004654       0x5c ./Core/fatfs/Src/ccsbcs.o
                0x0000000008004654                ff_wtoupper
 .text.mem_cpy  0x00000000080046b0       0x5e ./Core/fatfs/Src/ff.o
 .text.mem_set  0x000000000800470e       0x34 ./Core/fatfs/Src/ff.o
 .text.mem_cmp  0x0000000008004742       0x4c ./Core/fatfs/Src/ff.o
 .text.chk_chr  0x000000000800478e       0x34 ./Core/fatfs/Src/ff.o
 .text.sync_window
                0x00000000080047c2       0x8c ./Core/fatfs/Src/ff.o
 .text.move_window
                0x000000000800484e       0x50 ./Core/fatfs/Src/ff.o
 *fill*         0x000000000800489e        0x2 
 .text.sync_fs  0x00000000080048a0       0xc0 ./Core/fatfs/Src/ff.o
 .text.clust2sect
                0x0000000008004960       0x3c ./Core/fatfs/Src/ff.o
                0x0000000008004960                clust2sect
 .text.get_fat  0x000000000800499c      0x132 ./Core/fatfs/Src/ff.o
                0x000000000800499c                get_fat
 .text.put_fat  0x0000000008004ace      0x1ac ./Core/fatfs/Src/ff.o
                0x0000000008004ace                put_fat
 .text.remove_chain
                0x0000000008004c7a       0x9e ./Core/fatfs/Src/ff.o
 .text.create_chain
                0x0000000008004d18      0x112 ./Core/fatfs/Src/ff.o
 .text.dir_sdi  0x0000000008004e2a      0x104 ./Core/fatfs/Src/ff.o
 .text.dir_next
                0x0000000008004f2e      0x1a4 ./Core/fatfs/Src/ff.o
 .text.dir_alloc
                0x00000000080050d2       0x82 ./Core/fatfs/Src/ff.o
 .text.ld_clust
                0x0000000008005154       0x34 ./Core/fatfs/Src/ff.o
 .text.st_clust
                0x0000000008005188       0x2a ./Core/fatfs/Src/ff.o
 *fill*         0x00000000080051b2        0x2 
 .text.cmp_lfn  0x00000000080051b4       0xc0 ./Core/fatfs/Src/ff.o
 .text.fit_lfn  0x0000000008005274       0xc8 ./Core/fatfs/Src/ff.o
 .text.gen_numname
                0x000000000800533c       0xe4 ./Core/fatfs/Src/ff.o
                0x000000000800533c                gen_numname
 .text.sum_sfn  0x0000000008005420       0x40 ./Core/fatfs/Src/ff.o
 .text.dir_find
                0x0000000008005460      0x158 ./Core/fatfs/Src/ff.o
 .text.dir_register
                0x00000000080055b8      0x204 ./Core/fatfs/Src/ff.o
 .text.create_name
                0x00000000080057bc      0x3fc ./Core/fatfs/Src/ff.o
 .text.follow_path
                0x0000000008005bb8      0x106 ./Core/fatfs/Src/ff.o
 *fill*         0x0000000008005cbe        0x2 
 .text.check_fs
                0x0000000008005cc0       0x70 ./Core/fatfs/Src/ff.o
 .text.chk_mounted
                0x0000000008005d30      0x410 ./Core/fatfs/Src/ff.o
 .text.validate
                0x0000000008006140       0x5a ./Core/fatfs/Src/ff.o
 *fill*         0x000000000800619a        0x2 
 .text.f_mount  0x000000000800619c       0x54 ./Core/fatfs/Src/ff.o
                0x000000000800619c                f_mount
 .text.f_open   0x00000000080061f0      0x220 ./Core/fatfs/Src/ff.o
                0x00000000080061f0                f_open
 .text.f_read   0x0000000008006410      0x2a0 ./Core/fatfs/Src/ff.o
                0x0000000008006410                f_read
 .text.f_write  0x00000000080066b0      0x302 ./Core/fatfs/Src/ff.o
                0x00000000080066b0                f_write
 .text.f_sync   0x00000000080069b2       0xea ./Core/fatfs/Src/ff.o
                0x00000000080069b2                f_sync
 .text.f_close  0x0000000008006a9c       0x28 ./Core/fatfs/Src/ff.o
                0x0000000008006a9c                f_close
 .text.my_init_card
                0x0000000008006ac4        0xc ./Core/fatfs/Src/sd_cmd.o
                0x0000000008006ac4                my_init_card
 .text.my_read_file
                0x0000000008006ad0      0x13c ./Core/fatfs/Src/sd_cmd.o
                0x0000000008006ad0                my_read_file
 .text.my_write_file_json
                0x0000000008006c0c       0xb0 ./Core/fatfs/Src/sd_cmd.o
                0x0000000008006c0c                my_write_file_json
 .text.Error    0x0000000008006cbc       0x18 ./Core/fatfs/Src/sd_main.o
 .text.SPIx_WriteRead
                0x0000000008006cd4       0x3c ./Core/fatfs/Src/sd_main.o
                0x0000000008006cd4                SPIx_WriteRead
 .text.SPI_SendByte
                0x0000000008006d10       0x1a ./Core/fatfs/Src/sd_main.o
                0x0000000008006d10                SPI_SendByte
 .text.SPI_ReceiveByte
                0x0000000008006d2a       0x1a ./Core/fatfs/Src/sd_main.o
                0x0000000008006d2a                SPI_ReceiveByte
 .text.SPI_Release
                0x0000000008006d44        0xe ./Core/fatfs/Src/sd_main.o
                0x0000000008006d44                SPI_Release
 *fill*         0x0000000008006d52        0x2 
 .text.SD_cmd   0x0000000008006d54       0xd4 ./Core/fatfs/Src/sd_main.o
 .text.sd_ini   0x0000000008006e28      0x22c ./Core/fatfs/Src/sd_main.o
                0x0000000008006e28                sd_ini
 .text.FCLK_SLOW
                0x0000000008007054       0x28 ./Core/fatfs/Src/spi_sd.o
 .text.FCLK_FAST
                0x000000000800707c       0x2c ./Core/fatfs/Src/spi_sd.o
 .text.xmit_spi
                0x00000000080070a8       0x40 ./Core/fatfs/Src/spi_sd.o
 .text.rcvr_spi
                0x00000000080070e8       0x10 ./Core/fatfs/Src/spi_sd.o
 .text.wait_ready
                0x00000000080070f8       0x38 ./Core/fatfs/Src/spi_sd.o
 .text.deselect
                0x0000000008007130       0x1c ./Core/fatfs/Src/spi_sd.o
 .text.selecting
                0x000000000800714c       0x2c ./Core/fatfs/Src/spi_sd.o
 .text.power_status
                0x0000000008007178       0x14 ./Core/fatfs/Src/spi_sd.o
 .text.power_on
                0x000000000800718c       0x40 ./Core/fatfs/Src/spi_sd.o
 .text.power_off
                0x00000000080071cc       0x18 ./Core/fatfs/Src/spi_sd.o
 .text.rcvr_datablock
                0x00000000080071e4       0x94 ./Core/fatfs/Src/spi_sd.o
 .text.xmit_datablock
                0x0000000008007278       0x82 ./Core/fatfs/Src/spi_sd.o
 .text.send_cmd
                0x00000000080072fa       0xd4 ./Core/fatfs/Src/spi_sd.o
 *fill*         0x00000000080073ce        0x2 
 .text.disk_initialize
                0x00000000080073d0      0x1c0 ./Core/fatfs/Src/spi_sd.o
                0x00000000080073d0                disk_initialize
 .text.disk_status
                0x0000000008007590       0x28 ./Core/fatfs/Src/spi_sd.o
                0x0000000008007590                disk_status
 .text.disk_read
                0x00000000080075b8       0xd0 ./Core/fatfs/Src/spi_sd.o
                0x00000000080075b8                disk_read
 .text.disk_write
                0x0000000008007688      0x100 ./Core/fatfs/Src/spi_sd.o
                0x0000000008007688                disk_write
 .text.disk_ioctl
                0x0000000008007788      0x41c ./Core/fatfs/Src/spi_sd.o
                0x0000000008007788                disk_ioctl
 .text.get_fattime
                0x0000000008007ba4       0x14 ./Core/fatfs/Src/spi_sd.o
                0x0000000008007ba4                get_fattime
 .text.display_info
                0x0000000008007bb8      0x420 ./Core/led/Src/led.o
                0x0000000008007bb8                display_info
 .text.ssd1306_WriteCommand
                0x0000000008007fd8       0x2e ./Core/led/Src/ssd1306.o
 *fill*         0x0000000008008006        0x2 
 .text.ssd1306_Init
                0x0000000008008008      0x240 ./Core/led/Src/ssd1306.o
                0x0000000008008008                ssd1306_Init
 .text.ssd1306_Fill
                0x0000000008008248       0x44 ./Core/led/Src/ssd1306.o
                0x0000000008008248                ssd1306_Fill
 .text.ssd1306_UpdateScreen
                0x000000000800828c       0x64 ./Core/led/Src/ssd1306.o
                0x000000000800828c                ssd1306_UpdateScreen
 .text.ssd1306_DrawPixel
                0x00000000080082f0       0xc0 ./Core/led/Src/ssd1306.o
                0x00000000080082f0                ssd1306_DrawPixel
 .text.ssd1306_WriteChar
                0x00000000080083b0      0x100 ./Core/led/Src/ssd1306.o
                0x00000000080083b0                ssd1306_WriteChar
 .text.ssd1306_WriteString
                0x00000000080084b0       0x4c ./Core/led/Src/ssd1306.o
                0x00000000080084b0                ssd1306_WriteString
 .text.ssd1306_SetCursor
                0x00000000080084fc       0x30 ./Core/led/Src/ssd1306.o
                0x00000000080084fc                ssd1306_SetCursor
 *fill*         0x000000000800852c        0x4 
 .text.Conversion_ADC1
                0x0000000008008530      0x114 ./Core/periphery_io/Src/data_process.o
                0x0000000008008530                Conversion_ADC1
 .text.Сurrent_Сomparison
                0x0000000008008644      0x108 ./Core/periphery_io/Src/data_process.o
                0x0000000008008644                Сurrent_Сomparison
 .text.HAL_Init
                0x000000000800874c       0x2c ./Drivers/STM32F1xx_HAL_Driver/Src/stm32f1xx_hal.o
                0x000000000800874c                HAL_Init
 .text.HAL_InitTick
                0x0000000008008778       0x60 ./Drivers/STM32F1xx_HAL_Driver/Src/stm32f1xx_hal.o
                0x0000000008008778                HAL_InitTick
 .text.HAL_IncTick
                0x00000000080087d8       0x24 ./Drivers/STM32F1xx_HAL_Driver/Src/stm32f1xx_hal.o
                0x00000000080087d8                HAL_IncTick
 .text.HAL_GetTick
                0x00000000080087fc       0x14 ./Drivers/STM32F1xx_HAL_Driver/Src/stm32f1xx_hal.o
                0x00000000080087fc                HAL_GetTick
 .text.HAL_Delay
                0x0000000008008810       0x48 ./Drivers/STM32F1xx_HAL_Driver/Src/stm32f1xx_hal.o
                0x0000000008008810                HAL_Delay
 .text.HAL_ADC_Init
                0x0000000008008858      0x1b0 ./Drivers/STM32F1xx_HAL_Driver/Src/stm32f1xx_hal_adc.o
                0x0000000008008858                HAL_ADC_Init
 .text.HAL_ADC_Start_DMA
                0x0000000008008a08      0x1bc ./Drivers/STM32F1xx_HAL_Driver/Src/stm32f1xx_hal_adc.o
                0x0000000008008a08                HAL_ADC_Start_DMA
 .text.HAL_ADC_ConvHalfCpltCallback
                0x0000000008008bc4       0x12 ./Drivers/STM32F1xx_HAL_Driver/Src/stm32f1xx_hal_adc.o
                0x0000000008008bc4                HAL_ADC_ConvHalfCpltCallback
 .text.HAL_ADC_ErrorCallback
                0x0000000008008bd6       0x12 ./Drivers/STM32F1xx_HAL_Driver/Src/stm32f1xx_hal_adc.o
                0x0000000008008bd6                HAL_ADC_ErrorCallback
 .text.HAL_ADC_ConfigChannel
                0x0000000008008be8      0x1f0 ./Drivers/STM32F1xx_HAL_Driver/Src/stm32f1xx_hal_adc.o
                0x0000000008008be8                HAL_ADC_ConfigChannel
 .text.ADC_Enable
                0x0000000008008dd8       0xb4 ./Drivers/STM32F1xx_HAL_Driver/Src/stm32f1xx_hal_adc.o
                0x0000000008008dd8                ADC_Enable
 .text.ADC_ConversionStop_Disable
                0x0000000008008e8c       0x82 ./Drivers/STM32F1xx_HAL_Driver/Src/stm32f1xx_hal_adc.o
                0x0000000008008e8c                ADC_ConversionStop_Disable
 .text.ADC_DMAConvCplt
                0x0000000008008f0e       0x7c ./Drivers/STM32F1xx_HAL_Driver/Src/stm32f1xx_hal_adc.o
                0x0000000008008f0e                ADC_DMAConvCplt
 .text.ADC_DMAHalfConvCplt
                0x0000000008008f8a       0x1c ./Drivers/STM32F1xx_HAL_Driver/Src/stm32f1xx_hal_adc.o
                0x0000000008008f8a                ADC_DMAHalfConvCplt
 .text.ADC_DMAError
                0x0000000008008fa6       0x34 ./Drivers/STM32F1xx_HAL_Driver/Src/stm32f1xx_hal_adc.o
                0x0000000008008fa6                ADC_DMAError
 *fill*         0x0000000008008fda        0x2 
 .text.__NVIC_SetPriorityGrouping
                0x0000000008008fdc       0x48 ./Drivers/STM32F1xx_HAL_Driver/Src/stm32f1xx_hal_cortex.o
 .text.__NVIC_GetPriorityGrouping
                0x0000000008009024       0x1c ./Drivers/STM32F1xx_HAL_Driver/Src/stm32f1xx_hal_cortex.o
 .text.__NVIC_EnableIRQ
                0x0000000008009040       0x38 ./Drivers/STM32F1xx_HAL_Driver/Src/stm32f1xx_hal_cortex.o
 .text.__NVIC_SetPriority
                0x0000000008009078       0x54 ./Drivers/STM32F1xx_HAL_Driver/Src/stm32f1xx_hal_cortex.o
 .text.NVIC_EncodePriority
                0x00000000080090cc       0x64 ./Drivers/STM32F1xx_HAL_Driver/Src/stm32f1xx_hal_cortex.o
 .text.__NVIC_SystemReset
                0x0000000008009130       0x2c ./Drivers/STM32F1xx_HAL_Driver/Src/stm32f1xx_hal_cortex.o
 .text.SysTick_Config
                0x000000000800915c       0x44 ./Drivers/STM32F1xx_HAL_Driver/Src/stm32f1xx_hal_cortex.o
 .text.HAL_NVIC_SetPriorityGrouping
                0x00000000080091a0       0x16 ./Drivers/STM32F1xx_HAL_Driver/Src/stm32f1xx_hal_cortex.o
                0x00000000080091a0                HAL_NVIC_SetPriorityGrouping
 .text.HAL_NVIC_SetPriority
                0x00000000080091b6       0x38 ./Drivers/STM32F1xx_HAL_Driver/Src/stm32f1xx_hal_cortex.o
                0x00000000080091b6                HAL_NVIC_SetPriority
 .text.HAL_NVIC_EnableIRQ
                0x00000000080091ee       0x1c ./Drivers/STM32F1xx_HAL_Driver/Src/stm32f1xx_hal_cortex.o
                0x00000000080091ee                HAL_NVIC_EnableIRQ
 .text.HAL_NVIC_SystemReset
                0x000000000800920a        0x8 ./Drivers/STM32F1xx_HAL_Driver/Src/stm32f1xx_hal_cortex.o
                0x000000000800920a                HAL_NVIC_SystemReset
 .text.HAL_SYSTICK_Config
                0x0000000008009212       0x18 ./Drivers/STM32F1xx_HAL_Driver/Src/stm32f1xx_hal_cortex.o
                0x0000000008009212                HAL_SYSTICK_Config
 *fill*         0x000000000800922a        0x2 
 .text.HAL_DMA_Init
                0x000000000800922c       0xb4 ./Drivers/STM32F1xx_HAL_Driver/Src/stm32f1xx_hal_dma.o
                0x000000000800922c                HAL_DMA_Init
 .text.HAL_DMA_Start_IT
                0x00000000080092e0       0xbe ./Drivers/STM32F1xx_HAL_Driver/Src/stm32f1xx_hal_dma.o
                0x00000000080092e0                HAL_DMA_Start_IT
 *fill*         0x000000000800939e        0x2 
 .text.HAL_DMA_IRQHandler
                0x00000000080093a0      0x20c ./Drivers/STM32F1xx_HAL_Driver/Src/stm32f1xx_hal_dma.o
                0x00000000080093a0                HAL_DMA_IRQHandler
 .text.DMA_SetConfig
                0x00000000080095ac       0x5a ./Drivers/STM32F1xx_HAL_Driver/Src/stm32f1xx_hal_dma.o
 *fill*         0x0000000008009606        0x2 
 .text.HAL_GPIO_Init
                0x0000000008009608      0x308 ./Drivers/STM32F1xx_HAL_Driver/Src/stm32f1xx_hal_gpio.o
                0x0000000008009608                HAL_GPIO_Init
 .text.HAL_GPIO_WritePin
                0x0000000008009910       0x30 ./Drivers/STM32F1xx_HAL_Driver/Src/stm32f1xx_hal_gpio.o
                0x0000000008009910                HAL_GPIO_WritePin
 .text.HAL_GPIO_EXTI_IRQHandler
                0x0000000008009940       0x30 ./Drivers/STM32F1xx_HAL_Driver/Src/stm32f1xx_hal_gpio.o
                0x0000000008009940                HAL_GPIO_EXTI_IRQHandler
 .text.HAL_I2C_Init
                0x0000000008009970      0x288 ./Drivers/STM32F1xx_HAL_Driver/Src/stm32f1xx_hal_i2c.o
                0x0000000008009970                HAL_I2C_Init
 .text.HAL_I2C_Mem_Write
                0x0000000008009bf8      0x1f4 ./Drivers/STM32F1xx_HAL_Driver/Src/stm32f1xx_hal_i2c.o
                0x0000000008009bf8                HAL_I2C_Mem_Write
 .text.I2C_RequestMemoryWrite
                0x0000000008009dec      0x12c ./Drivers/STM32F1xx_HAL_Driver/Src/stm32f1xx_hal_i2c.o
 .text.I2C_WaitOnFlagUntilTimeout
                0x0000000008009f18       0xae ./Drivers/STM32F1xx_HAL_Driver/Src/stm32f1xx_hal_i2c.o
 .text.I2C_WaitOnMasterAddressFlagUntilTimeout
                0x0000000008009fc6       0xfe ./Drivers/STM32F1xx_HAL_Driver/Src/stm32f1xx_hal_i2c.o
 .text.I2C_WaitOnTXEFlagUntilTimeout
                0x000000000800a0c4       0x82 ./Drivers/STM32F1xx_HAL_Driver/Src/stm32f1xx_hal_i2c.o
 .text.I2C_WaitOnBTFFlagUntilTimeout
                0x000000000800a146       0x82 ./Drivers/STM32F1xx_HAL_Driver/Src/stm32f1xx_hal_i2c.o
 .text.I2C_IsAcknowledgeFailed
                0x000000000800a1c8       0x5c ./Drivers/STM32F1xx_HAL_Driver/Src/stm32f1xx_hal_i2c.o
 .text.HAL_RCC_OscConfig
                0x000000000800a224      0x504 ./Drivers/STM32F1xx_HAL_Driver/Src/stm32f1xx_hal_rcc.o
                0x000000000800a224                HAL_RCC_OscConfig
 .text.HAL_RCC_ClockConfig
                0x000000000800a728      0x1d4 ./Drivers/STM32F1xx_HAL_Driver/Src/stm32f1xx_hal_rcc.o
                0x000000000800a728                HAL_RCC_ClockConfig
 .text.HAL_RCC_GetSysClockFreq
                0x000000000800a8fc       0xbc ./Drivers/STM32F1xx_HAL_Driver/Src/stm32f1xx_hal_rcc.o
                0x000000000800a8fc                HAL_RCC_GetSysClockFreq
 .text.HAL_RCC_GetHCLKFreq
                0x000000000800a9b8       0x14 ./Drivers/STM32F1xx_HAL_Driver/Src/stm32f1xx_hal_rcc.o
                0x000000000800a9b8                HAL_RCC_GetHCLKFreq
 .text.HAL_RCC_GetPCLK1Freq
                0x000000000800a9cc       0x28 ./Drivers/STM32F1xx_HAL_Driver/Src/stm32f1xx_hal_rcc.o
                0x000000000800a9cc                HAL_RCC_GetPCLK1Freq
 .text.HAL_RCC_GetPCLK2Freq
                0x000000000800a9f4       0x28 ./Drivers/STM32F1xx_HAL_Driver/Src/stm32f1xx_hal_rcc.o
                0x000000000800a9f4                HAL_RCC_GetPCLK2Freq
 .text.RCC_Delay
                0x000000000800aa1c       0x3c ./Drivers/STM32F1xx_HAL_Driver/Src/stm32f1xx_hal_rcc.o
 .text.HAL_RCCEx_PeriphCLKConfig
                0x000000000800aa58      0x16c ./Drivers/STM32F1xx_HAL_Driver/Src/stm32f1xx_hal_rcc_ex.o
                0x000000000800aa58                HAL_RCCEx_PeriphCLKConfig
 .text.HAL_SPI_Init
                0x000000000800abc4      0x108 ./Drivers/STM32F1xx_HAL_Driver/Src/stm32f1xx_hal_spi.o
                0x000000000800abc4                HAL_SPI_Init
 .text.HAL_SPI_TransmitReceive
                0x000000000800accc      0x344 ./Drivers/STM32F1xx_HAL_Driver/Src/stm32f1xx_hal_spi.o
                0x000000000800accc                HAL_SPI_TransmitReceive
 .text.SPI_WaitFlagStateUntilTimeout
                0x000000000800b010      0x110 ./Drivers/STM32F1xx_HAL_Driver/Src/stm32f1xx_hal_spi.o
 .text.SPI_EndRxTxTransaction
                0x000000000800b120       0x3c ./Drivers/STM32F1xx_HAL_Driver/Src/stm32f1xx_hal_spi.o
 .text.HAL_TIM_Base_Init
                0x000000000800b15c       0x9e ./Drivers/STM32F1xx_HAL_Driver/Src/stm32f1xx_hal_tim.o
                0x000000000800b15c                HAL_TIM_Base_Init
 .text.HAL_TIM_OC_Init
                0x000000000800b1fa       0x9e ./Drivers/STM32F1xx_HAL_Driver/Src/stm32f1xx_hal_tim.o
                0x000000000800b1fa                HAL_TIM_OC_Init
 .text.HAL_TIM_OC_MspInit
                0x000000000800b298       0x12 ./Drivers/STM32F1xx_HAL_Driver/Src/stm32f1xx_hal_tim.o
                0x000000000800b298                HAL_TIM_OC_MspInit
 *fill*         0x000000000800b2aa        0x2 
 .text.HAL_TIM_OC_Start
                0x000000000800b2ac      0x144 ./Drivers/STM32F1xx_HAL_Driver/Src/stm32f1xx_hal_tim.o
                0x000000000800b2ac                HAL_TIM_OC_Start
 .text.HAL_TIM_PWM_Init
                0x000000000800b3f0       0x9e ./Drivers/STM32F1xx_HAL_Driver/Src/stm32f1xx_hal_tim.o
                0x000000000800b3f0                HAL_TIM_PWM_Init
 .text.HAL_TIM_PWM_MspInit
                0x000000000800b48e       0x12 ./Drivers/STM32F1xx_HAL_Driver/Src/stm32f1xx_hal_tim.o
                0x000000000800b48e                HAL_TIM_PWM_MspInit
 .text.HAL_TIM_OnePulse_Init
                0x000000000800b4a0       0xa0 ./Drivers/STM32F1xx_HAL_Driver/Src/stm32f1xx_hal_tim.o
                0x000000000800b4a0                HAL_TIM_OnePulse_Init
 .text.HAL_TIM_OnePulse_MspInit
                0x000000000800b540       0x12 ./Drivers/STM32F1xx_HAL_Driver/Src/stm32f1xx_hal_tim.o
                0x000000000800b540                HAL_TIM_OnePulse_MspInit
 *fill*         0x000000000800b552        0x2 
 .text.HAL_TIM_OC_ConfigChannel
                0x000000000800b554       0xb0 ./Drivers/STM32F1xx_HAL_Driver/Src/stm32f1xx_hal_tim.o
                0x000000000800b554                HAL_TIM_OC_ConfigChannel
 .text.HAL_TIM_PWM_ConfigChannel
                0x000000000800b604      0x17c ./Drivers/STM32F1xx_HAL_Driver/Src/stm32f1xx_hal_tim.o
                0x000000000800b604                HAL_TIM_PWM_ConfigChannel
 .text.HAL_TIM_ConfigClockSource
                0x000000000800b780      0x188 ./Drivers/STM32F1xx_HAL_Driver/Src/stm32f1xx_hal_tim.o
                0x000000000800b780                HAL_TIM_ConfigClockSource
 .text.HAL_TIM_SlaveConfigSynchro
                0x000000000800b908       0x84 ./Drivers/STM32F1xx_HAL_Driver/Src/stm32f1xx_hal_tim.o
                0x000000000800b908                HAL_TIM_SlaveConfigSynchro
 .text.TIM_Base_SetConfig
                0x000000000800b98c       0xc4 ./Drivers/STM32F1xx_HAL_Driver/Src/stm32f1xx_hal_tim.o
                0x000000000800b98c                TIM_Base_SetConfig
 .text.TIM_OC1_SetConfig
                0x000000000800ba50       0xcc ./Drivers/STM32F1xx_HAL_Driver/Src/stm32f1xx_hal_tim.o
 .text.TIM_OC2_SetConfig
                0x000000000800bb1c       0xd4 ./Drivers/STM32F1xx_HAL_Driver/Src/stm32f1xx_hal_tim.o
                0x000000000800bb1c                TIM_OC2_SetConfig
 .text.TIM_OC3_SetConfig
                0x000000000800bbf0       0xd4 ./Drivers/STM32F1xx_HAL_Driver/Src/stm32f1xx_hal_tim.o
 .text.TIM_OC4_SetConfig
                0x000000000800bcc4       0x9c ./Drivers/STM32F1xx_HAL_Driver/Src/stm32f1xx_hal_tim.o
 .text.TIM_SlaveTimer_SetConfig
                0x000000000800bd60      0x11c ./Drivers/STM32F1xx_HAL_Driver/Src/stm32f1xx_hal_tim.o
 .text.TIM_TI1_ConfigInputStage
                0x000000000800be7c       0x5c ./Drivers/STM32F1xx_HAL_Driver/Src/stm32f1xx_hal_tim.o
 .text.TIM_TI2_ConfigInputStage
                0x000000000800bed8       0x5e ./Drivers/STM32F1xx_HAL_Driver/Src/stm32f1xx_hal_tim.o
 .text.TIM_ITRx_SetConfig
                0x000000000800bf36       0x34 ./Drivers/STM32F1xx_HAL_Driver/Src/stm32f1xx_hal_tim.o
 .text.TIM_ETR_SetConfig
                0x000000000800bf6a       0x3e ./Drivers/STM32F1xx_HAL_Driver/Src/stm32f1xx_hal_tim.o
                0x000000000800bf6a                TIM_ETR_SetConfig
 .text.TIM_CCxChannelCmd
                0x000000000800bfa8       0x48 ./Drivers/STM32F1xx_HAL_Driver/Src/stm32f1xx_hal_tim.o
                0x000000000800bfa8                TIM_CCxChannelCmd
 .text.HAL_TIMEx_MasterConfigSynchronization
                0x000000000800bff0       0xbc ./Drivers/STM32F1xx_HAL_Driver/Src/stm32f1xx_hal_tim_ex.o
                0x000000000800bff0                HAL_TIMEx_MasterConfigSynchronization
 .text.HAL_TIMEx_ConfigBreakDeadTime
                0x000000000800c0ac       0xa2 ./Drivers/STM32F1xx_HAL_Driver/Src/stm32f1xx_hal_tim_ex.o
                0x000000000800c0ac                HAL_TIMEx_ConfigBreakDeadTime
 .text.HAL_UART_Init
                0x000000000800c14e       0x9a ./Drivers/STM32F1xx_HAL_Driver/Src/stm32f1xx_hal_uart.o
                0x000000000800c14e                HAL_UART_Init
 .text.HAL_UART_Transmit
                0x000000000800c1e8      0x124 ./Drivers/STM32F1xx_HAL_Driver/Src/stm32f1xx_hal_uart.o
                0x000000000800c1e8                HAL_UART_Transmit
 .text.UART_WaitOnFlagUntilTimeout
                0x000000000800c30c       0x94 ./Drivers/STM32F1xx_HAL_Driver/Src/stm32f1xx_hal_uart.o
 .text.UART_SetConfig
                0x000000000800c3a0      0x11c ./Drivers/STM32F1xx_HAL_Driver/Src/stm32f1xx_hal_uart.o
 .text.atoi     0x000000000800c4bc        0x8 d:/programfiles/st/stm32cubeide_1.4.0/stm32cubeide/plugins/com.st.stm32cube.ide.mcu.externaltools.gnu-tools-for-stm32.10.3-2021.10.win32_1.0.0.202111181127/tools/bin/../lib/gcc/arm-none-eabi/10.3.1/../../../../arm-none-eabi/lib/thumb/v7-m/nofp\libc_nano.a(lib_a-atoi.o)
                0x000000000800c4bc                atoi
 .text.__errno  0x000000000800c4c4        0xc d:/programfiles/st/stm32cubeide_1.4.0/stm32cubeide/plugins/com.st.stm32cube.ide.mcu.externaltools.gnu-tools-for-stm32.10.3-2021.10.win32_1.0.0.202111181127/tools/bin/../lib/gcc/arm-none-eabi/10.3.1/../../../../arm-none-eabi/lib/thumb/v7-m/nofp\libc_nano.a(lib_a-errno.o)
                0x000000000800c4c4                __errno
 .text.__libc_init_array
                0x000000000800c4d0       0x48 d:/programfiles/st/stm32cubeide_1.4.0/stm32cubeide/plugins/com.st.stm32cube.ide.mcu.externaltools.gnu-tools-for-stm32.10.3-2021.10.win32_1.0.0.202111181127/tools/bin/../lib/gcc/arm-none-eabi/10.3.1/../../../../arm-none-eabi/lib/thumb/v7-m/nofp\libc_nano.a(lib_a-init.o)
                0x000000000800c4d0                __libc_init_array
 .text.malloc   0x000000000800c518       0x10 d:/programfiles/st/stm32cubeide_1.4.0/stm32cubeide/plugins/com.st.stm32cube.ide.mcu.externaltools.gnu-tools-for-stm32.10.3-2021.10.win32_1.0.0.202111181127/tools/bin/../lib/gcc/arm-none-eabi/10.3.1/../../../../arm-none-eabi/lib/thumb/v7-m/nofp\libc_nano.a(lib_a-malloc.o)
                0x000000000800c518                malloc
 .text.free     0x000000000800c528       0x10 d:/programfiles/st/stm32cubeide_1.4.0/stm32cubeide/plugins/com.st.stm32cube.ide.mcu.externaltools.gnu-tools-for-stm32.10.3-2021.10.win32_1.0.0.202111181127/tools/bin/../lib/gcc/arm-none-eabi/10.3.1/../../../../arm-none-eabi/lib/thumb/v7-m/nofp\libc_nano.a(lib_a-malloc.o)
                0x000000000800c528                free
 .text.memcpy   0x000000000800c538       0x1c d:/programfiles/st/stm32cubeide_1.4.0/stm32cubeide/plugins/com.st.stm32cube.ide.mcu.externaltools.gnu-tools-for-stm32.10.3-2021.10.win32_1.0.0.202111181127/tools/bin/../lib/gcc/arm-none-eabi/10.3.1/../../../../arm-none-eabi/lib/thumb/v7-m/nofp\libc_nano.a(lib_a-memcpy-stub.o)
                0x000000000800c538                memcpy
 .text.memset   0x000000000800c554       0x10 d:/programfiles/st/stm32cubeide_1.4.0/stm32cubeide/plugins/com.st.stm32cube.ide.mcu.externaltools.gnu-tools-for-stm32.10.3-2021.10.win32_1.0.0.202111181127/tools/bin/../lib/gcc/arm-none-eabi/10.3.1/../../../../arm-none-eabi/lib/thumb/v7-m/nofp\libc_nano.a(lib_a-memset.o)
                0x000000000800c554                memset
 .text._free_r  0x000000000800c564       0x90 d:/programfiles/st/stm32cubeide_1.4.0/stm32cubeide/plugins/com.st.stm32cube.ide.mcu.externaltools.gnu-tools-for-stm32.10.3-2021.10.win32_1.0.0.202111181127/tools/bin/../lib/gcc/arm-none-eabi/10.3.1/../../../../arm-none-eabi/lib/thumb/v7-m/nofp\libc_nano.a(lib_a-nano-freer.o)
                0x000000000800c564                _free_r
 .text.sbrk_aligned
                0x000000000800c5f4       0x40 d:/programfiles/st/stm32cubeide_1.4.0/stm32cubeide/plugins/com.st.stm32cube.ide.mcu.externaltools.gnu-tools-for-stm32.10.3-2021.10.win32_1.0.0.202111181127/tools/bin/../lib/gcc/arm-none-eabi/10.3.1/../../../../arm-none-eabi/lib/thumb/v7-m/nofp\libc_nano.a(lib_a-nano-mallocr.o)
 .text._malloc_r
                0x000000000800c634       0xe8 d:/programfiles/st/stm32cubeide_1.4.0/stm32cubeide/plugins/com.st.stm32cube.ide.mcu.externaltools.gnu-tools-for-stm32.10.3-2021.10.win32_1.0.0.202111181127/tools/bin/../lib/gcc/arm-none-eabi/10.3.1/../../../../arm-none-eabi/lib/thumb/v7-m/nofp\libc_nano.a(lib_a-nano-mallocr.o)
                0x000000000800c634                _malloc_r
 .text.__cvt    0x000000000800c71c       0xbe d:/programfiles/st/stm32cubeide_1.4.0/stm32cubeide/plugins/com.st.stm32cube.ide.mcu.externaltools.gnu-tools-for-stm32.10.3-2021.10.win32_1.0.0.202111181127/tools/bin/../lib/gcc/arm-none-eabi/10.3.1/../../../../arm-none-eabi/lib/thumb/v7-m/nofp\libc_nano.a(lib_a-nano-vfprintf_float.o)
                0x000000000800c71c                __cvt
 .text.__exponent
                0x000000000800c7da       0x7c d:/programfiles/st/stm32cubeide_1.4.0/stm32cubeide/plugins/com.st.stm32cube.ide.mcu.externaltools.gnu-tools-for-stm32.10.3-2021.10.win32_1.0.0.202111181127/tools/bin/../lib/gcc/arm-none-eabi/10.3.1/../../../../arm-none-eabi/lib/thumb/v7-m/nofp\libc_nano.a(lib_a-nano-vfprintf_float.o)
                0x000000000800c7da                __exponent
 *fill*         0x000000000800c856        0x2 
 .text._printf_float
                0x000000000800c858      0x458 d:/programfiles/st/stm32cubeide_1.4.0/stm32cubeide/plugins/com.st.stm32cube.ide.mcu.externaltools.gnu-tools-for-stm32.10.3-2021.10.win32_1.0.0.202111181127/tools/bin/../lib/gcc/arm-none-eabi/10.3.1/../../../../arm-none-eabi/lib/thumb/v7-m/nofp\libc_nano.a(lib_a-nano-vfprintf_float.o)
                0x000000000800c858                _printf_float
 .text._printf_common
                0x000000000800ccb0       0xde d:/programfiles/st/stm32cubeide_1.4.0/stm32cubeide/plugins/com.st.stm32cube.ide.mcu.externaltools.gnu-tools-for-stm32.10.3-2021.10.win32_1.0.0.202111181127/tools/bin/../lib/gcc/arm-none-eabi/10.3.1/../../../../arm-none-eabi/lib/thumb/v7-m/nofp\libc_nano.a(lib_a-nano-vfprintf_i.o)
                0x000000000800ccb0                _printf_common
 *fill*         0x000000000800cd8e        0x2 
 .text._printf_i
                0x000000000800cd90      0x24c d:/programfiles/st/stm32cubeide_1.4.0/stm32cubeide/plugins/com.st.stm32cube.ide.mcu.externaltools.gnu-tools-for-stm32.10.3-2021.10.win32_1.0.0.202111181127/tools/bin/../lib/gcc/arm-none-eabi/10.3.1/../../../../arm-none-eabi/lib/thumb/v7-m/nofp\libc_nano.a(lib_a-nano-vfprintf_i.o)
                0x000000000800cd90                _printf_i
 .text._sbrk_r  0x000000000800cfdc       0x20 d:/programfiles/st/stm32cubeide_1.4.0/stm32cubeide/plugins/com.st.stm32cube.ide.mcu.externaltools.gnu-tools-for-stm32.10.3-2021.10.win32_1.0.0.202111181127/tools/bin/../lib/gcc/arm-none-eabi/10.3.1/../../../../arm-none-eabi/lib/thumb/v7-m/nofp\libc_nano.a(lib_a-sbrkr.o)
                0x000000000800cfdc                _sbrk_r
 .text.snprintf
                0x000000000800cffc       0x68 d:/programfiles/st/stm32cubeide_1.4.0/stm32cubeide/plugins/com.st.stm32cube.ide.mcu.externaltools.gnu-tools-for-stm32.10.3-2021.10.win32_1.0.0.202111181127/tools/bin/../lib/gcc/arm-none-eabi/10.3.1/../../../../arm-none-eabi/lib/thumb/v7-m/nofp\libc_nano.a(lib_a-snprintf.o)
                0x000000000800cffc                sniprintf
                0x000000000800cffc                snprintf
 .text.sprintf  0x000000000800d064       0x40 d:/programfiles/st/stm32cubeide_1.4.0/stm32cubeide/plugins/com.st.stm32cube.ide.mcu.externaltools.gnu-tools-for-stm32.10.3-2021.10.win32_1.0.0.202111181127/tools/bin/../lib/gcc/arm-none-eabi/10.3.1/../../../../arm-none-eabi/lib/thumb/v7-m/nofp\libc_nano.a(lib_a-sprintf.o)
                0x000000000800d064                siprintf
                0x000000000800d064                sprintf
 .text.strchr   0x000000000800d0a4       0x1a d:/programfiles/st/stm32cubeide_1.4.0/stm32cubeide/plugins/com.st.stm32cube.ide.mcu.externaltools.gnu-tools-for-stm32.10.3-2021.10.win32_1.0.0.202111181127/tools/bin/../lib/gcc/arm-none-eabi/10.3.1/../../../../arm-none-eabi/lib/thumb/v7-m/nofp\libc_nano.a(lib_a-strchr.o)
                0x000000000800d0a4                strchr
 .text.strcpy   0x000000000800d0be       0x10 d:/programfiles/st/stm32cubeide_1.4.0/stm32cubeide/plugins/com.st.stm32cube.ide.mcu.externaltools.gnu-tools-for-stm32.10.3-2021.10.win32_1.0.0.202111181127/tools/bin/../lib/gcc/arm-none-eabi/10.3.1/../../../../arm-none-eabi/lib/thumb/v7-m/nofp\libc_nano.a(lib_a-strcpy.o)
                0x000000000800d0be                strcpy
 .text.strncmp  0x000000000800d0ce       0x28 d:/programfiles/st/stm32cubeide_1.4.0/stm32cubeide/plugins/com.st.stm32cube.ide.mcu.externaltools.gnu-tools-for-stm32.10.3-2021.10.win32_1.0.0.202111181127/tools/bin/../lib/gcc/arm-none-eabi/10.3.1/../../../../arm-none-eabi/lib/thumb/v7-m/nofp\libc_nano.a(lib_a-strncmp.o)
                0x000000000800d0ce                strncmp
 .text.strstr   0x000000000800d0f6       0x2c d:/programfiles/st/stm32cubeide_1.4.0/stm32cubeide/plugins/com.st.stm32cube.ide.mcu.externaltools.gnu-tools-for-stm32.10.3-2021.10.win32_1.0.0.202111181127/tools/bin/../lib/gcc/arm-none-eabi/10.3.1/../../../../arm-none-eabi/lib/thumb/v7-m/nofp\libc_nano.a(lib_a-strstr.o)
                0x000000000800d0f6                strstr
 *fill*         0x000000000800d122        0x2 
 .text._strtol_l.constprop.0
                0x000000000800d124       0xf8 d:/programfiles/st/stm32cubeide_1.4.0/stm32cubeide/plugins/com.st.stm32cube.ide.mcu.externaltools.gnu-tools-for-stm32.10.3-2021.10.win32_1.0.0.202111181127/tools/bin/../lib/gcc/arm-none-eabi/10.3.1/../../../../arm-none-eabi/lib/thumb/v7-m/nofp\libc_nano.a(lib_a-strtol.o)
 .text.strtol   0x000000000800d21c       0x14 d:/programfiles/st/stm32cubeide_1.4.0/stm32cubeide/plugins/com.st.stm32cube.ide.mcu.externaltools.gnu-tools-for-stm32.10.3-2021.10.win32_1.0.0.202111181127/tools/bin/../lib/gcc/arm-none-eabi/10.3.1/../../../../arm-none-eabi/lib/thumb/v7-m/nofp\libc_nano.a(lib_a-strtol.o)
                0x000000000800d21c                strtol
 .text.quorem   0x000000000800d230      0x118 d:/programfiles/st/stm32cubeide_1.4.0/stm32cubeide/plugins/com.st.stm32cube.ide.mcu.externaltools.gnu-tools-for-stm32.10.3-2021.10.win32_1.0.0.202111181127/tools/bin/../lib/gcc/arm-none-eabi/10.3.1/../../../../arm-none-eabi/lib/thumb/v7-m/nofp\libc_nano.a(lib_a-dtoa.o)
 .text._dtoa_r  0x000000000800d348      0xbdc d:/programfiles/st/stm32cubeide_1.4.0/stm32cubeide/plugins/com.st.stm32cube.ide.mcu.externaltools.gnu-tools-for-stm32.10.3-2021.10.win32_1.0.0.202111181127/tools/bin/../lib/gcc/arm-none-eabi/10.3.1/../../../../arm-none-eabi/lib/thumb/v7-m/nofp\libc_nano.a(lib_a-dtoa.o)
                0x000000000800d348                _dtoa_r
 .text._localeconv_r
                0x000000000800df24        0x8 d:/programfiles/st/stm32cubeide_1.4.0/stm32cubeide/plugins/com.st.stm32cube.ide.mcu.externaltools.gnu-tools-for-stm32.10.3-2021.10.win32_1.0.0.202111181127/tools/bin/../lib/gcc/arm-none-eabi/10.3.1/../../../../arm-none-eabi/lib/thumb/v7-m/nofp\libc_nano.a(lib_a-localeconv.o)
                0x000000000800df24                _localeconv_r
 .text.memchr   0x000000000800df2c       0x1c d:/programfiles/st/stm32cubeide_1.4.0/stm32cubeide/plugins/com.st.stm32cube.ide.mcu.externaltools.gnu-tools-for-stm32.10.3-2021.10.win32_1.0.0.202111181127/tools/bin/../lib/gcc/arm-none-eabi/10.3.1/../../../../arm-none-eabi/lib/thumb/v7-m/nofp\libc_nano.a(lib_a-memchr-stub.o)
                0x000000000800df2c                memchr
 .text.__malloc_lock
                0x000000000800df48        0xc d:/programfiles/st/stm32cubeide_1.4.0/stm32cubeide/plugins/com.st.stm32cube.ide.mcu.externaltools.gnu-tools-for-stm32.10.3-2021.10.win32_1.0.0.202111181127/tools/bin/../lib/gcc/arm-none-eabi/10.3.1/../../../../arm-none-eabi/lib/thumb/v7-m/nofp\libc_nano.a(lib_a-mlock.o)
                0x000000000800df48                __malloc_lock
 .text.__malloc_unlock
                0x000000000800df54        0xc d:/programfiles/st/stm32cubeide_1.4.0/stm32cubeide/plugins/com.st.stm32cube.ide.mcu.externaltools.gnu-tools-for-stm32.10.3-2021.10.win32_1.0.0.202111181127/tools/bin/../lib/gcc/arm-none-eabi/10.3.1/../../../../arm-none-eabi/lib/thumb/v7-m/nofp\libc_nano.a(lib_a-mlock.o)
                0x000000000800df54                __malloc_unlock
 .text._Balloc  0x000000000800df60       0x80 d:/programfiles/st/stm32cubeide_1.4.0/stm32cubeide/plugins/com.st.stm32cube.ide.mcu.externaltools.gnu-tools-for-stm32.10.3-2021.10.win32_1.0.0.202111181127/tools/bin/../lib/gcc/arm-none-eabi/10.3.1/../../../../arm-none-eabi/lib/thumb/v7-m/nofp\libc_nano.a(lib_a-mprec.o)
                0x000000000800df60                _Balloc
 .text._Bfree   0x000000000800dfe0       0x44 d:/programfiles/st/stm32cubeide_1.4.0/stm32cubeide/plugins/com.st.stm32cube.ide.mcu.externaltools.gnu-tools-for-stm32.10.3-2021.10.win32_1.0.0.202111181127/tools/bin/../lib/gcc/arm-none-eabi/10.3.1/../../../../arm-none-eabi/lib/thumb/v7-m/nofp\libc_nano.a(lib_a-mprec.o)
                0x000000000800dfe0                _Bfree
 .text.__multadd
                0x000000000800e024       0x8c d:/programfiles/st/stm32cubeide_1.4.0/stm32cubeide/plugins/com.st.stm32cube.ide.mcu.externaltools.gnu-tools-for-stm32.10.3-2021.10.win32_1.0.0.202111181127/tools/bin/../lib/gcc/arm-none-eabi/10.3.1/../../../../arm-none-eabi/lib/thumb/v7-m/nofp\libc_nano.a(lib_a-mprec.o)
                0x000000000800e024                __multadd
 .text.__hi0bits
                0x000000000800e0b0       0x40 d:/programfiles/st/stm32cubeide_1.4.0/stm32cubeide/plugins/com.st.stm32cube.ide.mcu.externaltools.gnu-tools-for-stm32.10.3-2021.10.win32_1.0.0.202111181127/tools/bin/../lib/gcc/arm-none-eabi/10.3.1/../../../../arm-none-eabi/lib/thumb/v7-m/nofp\libc_nano.a(lib_a-mprec.o)
                0x000000000800e0b0                __hi0bits
 .text.__lo0bits
                0x000000000800e0f0       0x5a d:/programfiles/st/stm32cubeide_1.4.0/stm32cubeide/plugins/com.st.stm32cube.ide.mcu.externaltools.gnu-tools-for-stm32.10.3-2021.10.win32_1.0.0.202111181127/tools/bin/../lib/gcc/arm-none-eabi/10.3.1/../../../../arm-none-eabi/lib/thumb/v7-m/nofp\libc_nano.a(lib_a-mprec.o)
                0x000000000800e0f0                __lo0bits
 *fill*         0x000000000800e14a        0x2 
 .text.__i2b    0x000000000800e14c       0x2c d:/programfiles/st/stm32cubeide_1.4.0/stm32cubeide/plugins/com.st.stm32cube.ide.mcu.externaltools.gnu-tools-for-stm32.10.3-2021.10.win32_1.0.0.202111181127/tools/bin/../lib/gcc/arm-none-eabi/10.3.1/../../../../arm-none-eabi/lib/thumb/v7-m/nofp\libc_nano.a(lib_a-mprec.o)
                0x000000000800e14c                __i2b
 .text.__multiply
                0x000000000800e178      0x150 d:/programfiles/st/stm32cubeide_1.4.0/stm32cubeide/plugins/com.st.stm32cube.ide.mcu.externaltools.gnu-tools-for-stm32.10.3-2021.10.win32_1.0.0.202111181127/tools/bin/../lib/gcc/arm-none-eabi/10.3.1/../../../../arm-none-eabi/lib/thumb/v7-m/nofp\libc_nano.a(lib_a-mprec.o)
                0x000000000800e178                __multiply
 .text.__pow5mult
                0x000000000800e2c8       0xb4 d:/programfiles/st/stm32cubeide_1.4.0/stm32cubeide/plugins/com.st.stm32cube.ide.mcu.externaltools.gnu-tools-for-stm32.10.3-2021.10.win32_1.0.0.202111181127/tools/bin/../lib/gcc/arm-none-eabi/10.3.1/../../../../arm-none-eabi/lib/thumb/v7-m/nofp\libc_nano.a(lib_a-mprec.o)
                0x000000000800e2c8                __pow5mult
 .text.__lshift
                0x000000000800e37c       0xe0 d:/programfiles/st/stm32cubeide_1.4.0/stm32cubeide/plugins/com.st.stm32cube.ide.mcu.externaltools.gnu-tools-for-stm32.10.3-2021.10.win32_1.0.0.202111181127/tools/bin/../lib/gcc/arm-none-eabi/10.3.1/../../../../arm-none-eabi/lib/thumb/v7-m/nofp\libc_nano.a(lib_a-mprec.o)
                0x000000000800e37c                __lshift
 .text.__mcmp   0x000000000800e45c       0x36 d:/programfiles/st/stm32cubeide_1.4.0/stm32cubeide/plugins/com.st.stm32cube.ide.mcu.externaltools.gnu-tools-for-stm32.10.3-2021.10.win32_1.0.0.202111181127/tools/bin/../lib/gcc/arm-none-eabi/10.3.1/../../../../arm-none-eabi/lib/thumb/v7-m/nofp\libc_nano.a(lib_a-mprec.o)
                0x000000000800e45c                __mcmp
 *fill*         0x000000000800e492        0x2 
 .text.__mdiff  0x000000000800e494      0x118 d:/programfiles/st/stm32cubeide_1.4.0/stm32cubeide/plugins/com.st.stm32cube.ide.mcu.externaltools.gnu-tools-for-stm32.10.3-2021.10.win32_1.0.0.202111181127/tools/bin/../lib/gcc/arm-none-eabi/10.3.1/../../../../arm-none-eabi/lib/thumb/v7-m/nofp\libc_nano.a(lib_a-mprec.o)
                0x000000000800e494                __mdiff
 .text.__d2b    0x000000000800e5ac       0xb8 d:/programfiles/st/stm32cubeide_1.4.0/stm32cubeide/plugins/com.st.stm32cube.ide.mcu.externaltools.gnu-tools-for-stm32.10.3-2021.10.win32_1.0.0.202111181127/tools/bin/../lib/gcc/arm-none-eabi/10.3.1/../../../../arm-none-eabi/lib/thumb/v7-m/nofp\libc_nano.a(lib_a-mprec.o)
                0x000000000800e5ac                __d2b
 .text._calloc_r
                0x000000000800e664       0x28 d:/programfiles/st/stm32cubeide_1.4.0/stm32cubeide/plugins/com.st.stm32cube.ide.mcu.externaltools.gnu-tools-for-stm32.10.3-2021.10.win32_1.0.0.202111181127/tools/bin/../lib/gcc/arm-none-eabi/10.3.1/../../../../arm-none-eabi/lib/thumb/v7-m/nofp\libc_nano.a(lib_a-nano-callocr.o)
                0x000000000800e664                _calloc_r
 .text.__ssputs_r
                0x000000000800e68c       0xb6 d:/programfiles/st/stm32cubeide_1.4.0/stm32cubeide/plugins/com.st.stm32cube.ide.mcu.externaltools.gnu-tools-for-stm32.10.3-2021.10.win32_1.0.0.202111181127/tools/bin/../lib/gcc/arm-none-eabi/10.3.1/../../../../arm-none-eabi/lib/thumb/v7-m/nofp\libc_nano.a(lib_a-nano-svfprintf.o)
                0x000000000800e68c                __ssputs_r
 *fill*         0x000000000800e742        0x2 
 .text._svfprintf_r
                0x000000000800e744      0x200 d:/programfiles/st/stm32cubeide_1.4.0/stm32cubeide/plugins/com.st.stm32cube.ide.mcu.externaltools.gnu-tools-for-stm32.10.3-2021.10.win32_1.0.0.202111181127/tools/bin/../lib/gcc/arm-none-eabi/10.3.1/../../../../arm-none-eabi/lib/thumb/v7-m/nofp\libc_nano.a(lib_a-nano-svfprintf.o)
                0x000000000800e744                _svfiprintf_r
                0x000000000800e744                _svfprintf_r
 .text.__assert_func
                0x000000000800e944       0x3c d:/programfiles/st/stm32cubeide_1.4.0/stm32cubeide/plugins/com.st.stm32cube.ide.mcu.externaltools.gnu-tools-for-stm32.10.3-2021.10.win32_1.0.0.202111181127/tools/bin/../lib/gcc/arm-none-eabi/10.3.1/../../../../arm-none-eabi/lib/thumb/v7-m/nofp\libc_nano.a(lib_a-assert.o)
                0x000000000800e944                __assert_func
 .text.fprintf  0x000000000800e980       0x24 d:/programfiles/st/stm32cubeide_1.4.0/stm32cubeide/plugins/com.st.stm32cube.ide.mcu.externaltools.gnu-tools-for-stm32.10.3-2021.10.win32_1.0.0.202111181127/tools/bin/../lib/gcc/arm-none-eabi/10.3.1/../../../../arm-none-eabi/lib/thumb/v7-m/nofp\libc_nano.a(lib_a-fprintf.o)
                0x000000000800e980                fiprintf
                0x000000000800e980                fprintf
 .text.__retarget_lock_init_recursive
                0x000000000800e9a4        0x2 d:/programfiles/st/stm32cubeide_1.4.0/stm32cubeide/plugins/com.st.stm32cube.ide.mcu.externaltools.gnu-tools-for-stm32.10.3-2021.10.win32_1.0.0.202111181127/tools/bin/../lib/gcc/arm-none-eabi/10.3.1/../../../../arm-none-eabi/lib/thumb/v7-m/nofp\libc_nano.a(lib_a-lock.o)
                0x000000000800e9a4                __retarget_lock_init_recursive
 .text.__retarget_lock_acquire_recursive
                0x000000000800e9a6        0x2 d:/programfiles/st/stm32cubeide_1.4.0/stm32cubeide/plugins/com.st.stm32cube.ide.mcu.externaltools.gnu-tools-for-stm32.10.3-2021.10.win32_1.0.0.202111181127/tools/bin/../lib/gcc/arm-none-eabi/10.3.1/../../../../arm-none-eabi/lib/thumb/v7-m/nofp\libc_nano.a(lib_a-lock.o)
                0x000000000800e9a6                __retarget_lock_acquire_recursive
 .text.__retarget_lock_release_recursive
                0x000000000800e9a8        0x2 d:/programfiles/st/stm32cubeide_1.4.0/stm32cubeide/plugins/com.st.stm32cube.ide.mcu.externaltools.gnu-tools-for-stm32.10.3-2021.10.win32_1.0.0.202111181127/tools/bin/../lib/gcc/arm-none-eabi/10.3.1/../../../../arm-none-eabi/lib/thumb/v7-m/nofp\libc_nano.a(lib_a-lock.o)
                0x000000000800e9a8                __retarget_lock_release_recursive
 .text.__ascii_mbtowc
                0x000000000800e9aa       0x24 d:/programfiles/st/stm32cubeide_1.4.0/stm32cubeide/plugins/com.st.stm32cube.ide.mcu.externaltools.gnu-tools-for-stm32.10.3-2021.10.win32_1.0.0.202111181127/tools/bin/../lib/gcc/arm-none-eabi/10.3.1/../../../../arm-none-eabi/lib/thumb/v7-m/nofp\libc_nano.a(lib_a-mbtowc_r.o)
                0x000000000800e9aa                __ascii_mbtowc
 .text.memmove  0x000000000800e9ce       0x34 d:/programfiles/st/stm32cubeide_1.4.0/stm32cubeide/plugins/com.st.stm32cube.ide.mcu.externaltools.gnu-tools-for-stm32.10.3-2021.10.win32_1.0.0.202111181127/tools/bin/../lib/gcc/arm-none-eabi/10.3.1/../../../../arm-none-eabi/lib/thumb/v7-m/nofp\libc_nano.a(lib_a-memmove.o)
                0x000000000800e9ce                memmove
 .text._realloc_r
                0x000000000800ea02       0x5e d:/programfiles/st/stm32cubeide_1.4.0/stm32cubeide/plugins/com.st.stm32cube.ide.mcu.externaltools.gnu-tools-for-stm32.10.3-2021.10.win32_1.0.0.202111181127/tools/bin/../lib/gcc/arm-none-eabi/10.3.1/../../../../arm-none-eabi/lib/thumb/v7-m/nofp\libc_nano.a(lib_a-nano-reallocr.o)
                0x000000000800ea02                _realloc_r
 .text.__sfputc_r
                0x000000000800ea60       0x2a d:/programfiles/st/stm32cubeide_1.4.0/stm32cubeide/plugins/com.st.stm32cube.ide.mcu.externaltools.gnu-tools-for-stm32.10.3-2021.10.win32_1.0.0.202111181127/tools/bin/../lib/gcc/arm-none-eabi/10.3.1/../../../../arm-none-eabi/lib/thumb/v7-m/nofp\libc_nano.a(lib_a-nano-vfprintf.o)
 .text.__sfputs_r
                0x000000000800ea8a       0x24 d:/programfiles/st/stm32cubeide_1.4.0/stm32cubeide/plugins/com.st.stm32cube.ide.mcu.externaltools.gnu-tools-for-stm32.10.3-2021.10.win32_1.0.0.202111181127/tools/bin/../lib/gcc/arm-none-eabi/10.3.1/../../../../arm-none-eabi/lib/thumb/v7-m/nofp\libc_nano.a(lib_a-nano-vfprintf.o)
                0x000000000800ea8a                __sfputs_r
 *fill*         0x000000000800eaae        0x2 
 .text._vfprintf_r
                0x000000000800eab0      0x260 d:/programfiles/st/stm32cubeide_1.4.0/stm32cubeide/plugins/com.st.stm32cube.ide.mcu.externaltools.gnu-tools-for-stm32.10.3-2021.10.win32_1.0.0.202111181127/tools/bin/../lib/gcc/arm-none-eabi/10.3.1/../../../../arm-none-eabi/lib/thumb/v7-m/nofp\libc_nano.a(lib_a-nano-vfprintf.o)
                0x000000000800eab0                _vfprintf_r
                0x000000000800eab0                _vfiprintf_r
 .text.__swbuf_r
                0x000000000800ed10       0xa4 d:/programfiles/st/stm32cubeide_1.4.0/stm32cubeide/plugins/com.st.stm32cube.ide.mcu.externaltools.gnu-tools-for-stm32.10.3-2021.10.win32_1.0.0.202111181127/tools/bin/../lib/gcc/arm-none-eabi/10.3.1/../../../../arm-none-eabi/lib/thumb/v7-m/nofp\libc_nano.a(lib_a-wbuf.o)
                0x000000000800ed10                __swbuf_r
 .text.__ascii_wctomb
                0x000000000800edb4       0x1a d:/programfiles/st/stm32cubeide_1.4.0/stm32cubeide/plugins/com.st.stm32cube.ide.mcu.externaltools.gnu-tools-for-stm32.10.3-2021.10.win32_1.0.0.202111181127/tools/bin/../lib/gcc/arm-none-eabi/10.3.1/../../../../arm-none-eabi/lib/thumb/v7-m/nofp\libc_nano.a(lib_a-wctomb_r.o)
                0x000000000800edb4                __ascii_wctomb
 *fill*         0x000000000800edce        0x2 
 .text.__swsetup_r
                0x000000000800edd0       0xdc d:/programfiles/st/stm32cubeide_1.4.0/stm32cubeide/plugins/com.st.stm32cube.ide.mcu.externaltools.gnu-tools-for-stm32.10.3-2021.10.win32_1.0.0.202111181127/tools/bin/../lib/gcc/arm-none-eabi/10.3.1/../../../../arm-none-eabi/lib/thumb/v7-m/nofp\libc_nano.a(lib_a-wsetup.o)
                0x000000000800edd0                __swsetup_r
 .text.abort    0x000000000800eeac        0xe d:/programfiles/st/stm32cubeide_1.4.0/stm32cubeide/plugins/com.st.stm32cube.ide.mcu.externaltools.gnu-tools-for-stm32.10.3-2021.10.win32_1.0.0.202111181127/tools/bin/../lib/gcc/arm-none-eabi/10.3.1/../../../../arm-none-eabi/lib/thumb/v7-m/nofp\libc_nano.a(lib_a-abort.o)
                0x000000000800eeac                abort
 *fill*         0x000000000800eeba        0x2 
 .text.__sflush_r
                0x000000000800eebc      0x104 d:/programfiles/st/stm32cubeide_1.4.0/stm32cubeide/plugins/com.st.stm32cube.ide.mcu.externaltools.gnu-tools-for-stm32.10.3-2021.10.win32_1.0.0.202111181127/tools/bin/../lib/gcc/arm-none-eabi/10.3.1/../../../../arm-none-eabi/lib/thumb/v7-m/nofp\libc_nano.a(lib_a-fflush.o)
                0x000000000800eebc                __sflush_r
 .text._fflush_r
                0x000000000800efc0       0x78 d:/programfiles/st/stm32cubeide_1.4.0/stm32cubeide/plugins/com.st.stm32cube.ide.mcu.externaltools.gnu-tools-for-stm32.10.3-2021.10.win32_1.0.0.202111181127/tools/bin/../lib/gcc/arm-none-eabi/10.3.1/../../../../arm-none-eabi/lib/thumb/v7-m/nofp\libc_nano.a(lib_a-fflush.o)
                0x000000000800efc0                _fflush_r
 .text.std      0x000000000800f038       0x48 d:/programfiles/st/stm32cubeide_1.4.0/stm32cubeide/plugins/com.st.stm32cube.ide.mcu.externaltools.gnu-tools-for-stm32.10.3-2021.10.win32_1.0.0.202111181127/tools/bin/../lib/gcc/arm-none-eabi/10.3.1/../../../../arm-none-eabi/lib/thumb/v7-m/nofp\libc_nano.a(lib_a-findfp.o)
 .text._cleanup_r
                0x000000000800f080        0xc d:/programfiles/st/stm32cubeide_1.4.0/stm32cubeide/plugins/com.st.stm32cube.ide.mcu.externaltools.gnu-tools-for-stm32.10.3-2021.10.win32_1.0.0.202111181127/tools/bin/../lib/gcc/arm-none-eabi/10.3.1/../../../../arm-none-eabi/lib/thumb/v7-m/nofp\libc_nano.a(lib_a-findfp.o)
                0x000000000800f080                _cleanup_r
 .text.__sfmoreglue
                0x000000000800f08c       0x2c d:/programfiles/st/stm32cubeide_1.4.0/stm32cubeide/plugins/com.st.stm32cube.ide.mcu.externaltools.gnu-tools-for-stm32.10.3-2021.10.win32_1.0.0.202111181127/tools/bin/../lib/gcc/arm-none-eabi/10.3.1/../../../../arm-none-eabi/lib/thumb/v7-m/nofp\libc_nano.a(lib_a-findfp.o)
                0x000000000800f08c                __sfmoreglue
 .text.__sfp_lock_acquire
                0x000000000800f0b8        0xc d:/programfiles/st/stm32cubeide_1.4.0/stm32cubeide/plugins/com.st.stm32cube.ide.mcu.externaltools.gnu-tools-for-stm32.10.3-2021.10.win32_1.0.0.202111181127/tools/bin/../lib/gcc/arm-none-eabi/10.3.1/../../../../arm-none-eabi/lib/thumb/v7-m/nofp\libc_nano.a(lib_a-findfp.o)
                0x000000000800f0b8                __sfp_lock_acquire
 .text.__sfp_lock_release
                0x000000000800f0c4        0xc d:/programfiles/st/stm32cubeide_1.4.0/stm32cubeide/plugins/com.st.stm32cube.ide.mcu.externaltools.gnu-tools-for-stm32.10.3-2021.10.win32_1.0.0.202111181127/tools/bin/../lib/gcc/arm-none-eabi/10.3.1/../../../../arm-none-eabi/lib/thumb/v7-m/nofp\libc_nano.a(lib_a-findfp.o)
                0x000000000800f0c4                __sfp_lock_release
 .text.__sinit_lock_acquire
                0x000000000800f0d0        0xc d:/programfiles/st/stm32cubeide_1.4.0/stm32cubeide/plugins/com.st.stm32cube.ide.mcu.externaltools.gnu-tools-for-stm32.10.3-2021.10.win32_1.0.0.202111181127/tools/bin/../lib/gcc/arm-none-eabi/10.3.1/../../../../arm-none-eabi/lib/thumb/v7-m/nofp\libc_nano.a(lib_a-findfp.o)
                0x000000000800f0d0                __sinit_lock_acquire
 .text.__sinit_lock_release
                0x000000000800f0dc        0xc d:/programfiles/st/stm32cubeide_1.4.0/stm32cubeide/plugins/com.st.stm32cube.ide.mcu.externaltools.gnu-tools-for-stm32.10.3-2021.10.win32_1.0.0.202111181127/tools/bin/../lib/gcc/arm-none-eabi/10.3.1/../../../../arm-none-eabi/lib/thumb/v7-m/nofp\libc_nano.a(lib_a-findfp.o)
                0x000000000800f0dc                __sinit_lock_release
 .text.__sinit  0x000000000800f0e8       0x70 d:/programfiles/st/stm32cubeide_1.4.0/stm32cubeide/plugins/com.st.stm32cube.ide.mcu.externaltools.gnu-tools-for-stm32.10.3-2021.10.win32_1.0.0.202111181127/tools/bin/../lib/gcc/arm-none-eabi/10.3.1/../../../../arm-none-eabi/lib/thumb/v7-m/nofp\libc_nano.a(lib_a-findfp.o)
                0x000000000800f0e8                __sinit
 .text.__sfp    0x000000000800f158       0x8c d:/programfiles/st/stm32cubeide_1.4.0/stm32cubeide/plugins/com.st.stm32cube.ide.mcu.externaltools.gnu-tools-for-stm32.10.3-2021.10.win32_1.0.0.202111181127/tools/bin/../lib/gcc/arm-none-eabi/10.3.1/../../../../arm-none-eabi/lib/thumb/v7-m/nofp\libc_nano.a(lib_a-findfp.o)
                0x000000000800f158                __sfp
 .text._fwalk_reent
                0x000000000800f1e4       0x3e d:/programfiles/st/stm32cubeide_1.4.0/stm32cubeide/plugins/com.st.stm32cube.ide.mcu.externaltools.gnu-tools-for-stm32.10.3-2021.10.win32_1.0.0.202111181127/tools/bin/../lib/gcc/arm-none-eabi/10.3.1/../../../../arm-none-eabi/lib/thumb/v7-m/nofp\libc_nano.a(lib_a-fwalk.o)
                0x000000000800f1e4                _fwalk_reent
 .text.__swhatbuf_r
                0x000000000800f222       0x4a d:/programfiles/st/stm32cubeide_1.4.0/stm32cubeide/plugins/com.st.stm32cube.ide.mcu.externaltools.gnu-tools-for-stm32.10.3-2021.10.win32_1.0.0.202111181127/tools/bin/../lib/gcc/arm-none-eabi/10.3.1/../../../../arm-none-eabi/lib/thumb/v7-m/nofp\libc_nano.a(lib_a-makebuf.o)
                0x000000000800f222                __swhatbuf_r
 .text.__smakebuf_r
                0x000000000800f26c       0x80 d:/programfiles/st/stm32cubeide_1.4.0/stm32cubeide/plugins/com.st.stm32cube.ide.mcu.externaltools.gnu-tools-for-stm32.10.3-2021.10.win32_1.0.0.202111181127/tools/bin/../lib/gcc/arm-none-eabi/10.3.1/../../../../arm-none-eabi/lib/thumb/v7-m/nofp\libc_nano.a(lib_a-makebuf.o)
                0x000000000800f26c                __smakebuf_r
 .text._malloc_usable_size_r
                0x000000000800f2ec       0x10 d:/programfiles/st/stm32cubeide_1.4.0/stm32cubeide/plugins/com.st.stm32cube.ide.mcu.externaltools.gnu-tools-for-stm32.10.3-2021.10.win32_1.0.0.202111181127/tools/bin/../lib/gcc/arm-none-eabi/10.3.1/../../../../arm-none-eabi/lib/thumb/v7-m/nofp\libc_nano.a(lib_a-nano-msizer.o)
                0x000000000800f2ec                _malloc_usable_size_r
 .text._raise_r
                0x000000000800f2fc       0x50 d:/programfiles/st/stm32cubeide_1.4.0/stm32cubeide/plugins/com.st.stm32cube.ide.mcu.externaltools.gnu-tools-for-stm32.10.3-2021.10.win32_1.0.0.202111181127/tools/bin/../lib/gcc/arm-none-eabi/10.3.1/../../../../arm-none-eabi/lib/thumb/v7-m/nofp\libc_nano.a(lib_a-signal.o)
                0x000000000800f2fc                _raise_r
 .text.raise    0x000000000800f34c       0x10 d:/programfiles/st/stm32cubeide_1.4.0/stm32cubeide/plugins/com.st.stm32cube.ide.mcu.externaltools.gnu-tools-for-stm32.10.3-2021.10.win32_1.0.0.202111181127/tools/bin/../lib/gcc/arm-none-eabi/10.3.1/../../../../arm-none-eabi/lib/thumb/v7-m/nofp\libc_nano.a(lib_a-signal.o)
                0x000000000800f34c                raise
 .text._kill_r  0x000000000800f35c       0x24 d:/programfiles/st/stm32cubeide_1.4.0/stm32cubeide/plugins/com.st.stm32cube.ide.mcu.externaltools.gnu-tools-for-stm32.10.3-2021.10.win32_1.0.0.202111181127/tools/bin/../lib/gcc/arm-none-eabi/10.3.1/../../../../arm-none-eabi/lib/thumb/v7-m/nofp\libc_nano.a(lib_a-signalr.o)
                0x000000000800f35c                _kill_r
 .text._getpid_r
                0x000000000800f380        0x4 d:/programfiles/st/stm32cubeide_1.4.0/stm32cubeide/plugins/com.st.stm32cube.ide.mcu.externaltools.gnu-tools-for-stm32.10.3-2021.10.win32_1.0.0.202111181127/tools/bin/../lib/gcc/arm-none-eabi/10.3.1/../../../../arm-none-eabi/lib/thumb/v7-m/nofp\libc_nano.a(lib_a-signalr.o)
                0x000000000800f380                _getpid_r
 .text.__sread  0x000000000800f384       0x22 d:/programfiles/st/stm32cubeide_1.4.0/stm32cubeide/plugins/com.st.stm32cube.ide.mcu.externaltools.gnu-tools-for-stm32.10.3-2021.10.win32_1.0.0.202111181127/tools/bin/../lib/gcc/arm-none-eabi/10.3.1/../../../../arm-none-eabi/lib/thumb/v7-m/nofp\libc_nano.a(lib_a-stdio.o)
                0x000000000800f384                __sread
 .text.__swrite
                0x000000000800f3a6       0x38 d:/programfiles/st/stm32cubeide_1.4.0/stm32cubeide/plugins/com.st.stm32cube.ide.mcu.externaltools.gnu-tools-for-stm32.10.3-2021.10.win32_1.0.0.202111181127/tools/bin/../lib/gcc/arm-none-eabi/10.3.1/../../../../arm-none-eabi/lib/thumb/v7-m/nofp\libc_nano.a(lib_a-stdio.o)
                0x000000000800f3a6                __swrite
 .text.__sseek  0x000000000800f3de       0x24 d:/programfiles/st/stm32cubeide_1.4.0/stm32cubeide/plugins/com.st.stm32cube.ide.mcu.externaltools.gnu-tools-for-stm32.10.3-2021.10.win32_1.0.0.202111181127/tools/bin/../lib/gcc/arm-none-eabi/10.3.1/../../../../arm-none-eabi/lib/thumb/v7-m/nofp\libc_nano.a(lib_a-stdio.o)
                0x000000000800f3de                __sseek
 .text.__sclose
                0x000000000800f402        0x8 d:/programfiles/st/stm32cubeide_1.4.0/stm32cubeide/plugins/com.st.stm32cube.ide.mcu.externaltools.gnu-tools-for-stm32.10.3-2021.10.win32_1.0.0.202111181127/tools/bin/../lib/gcc/arm-none-eabi/10.3.1/../../../../arm-none-eabi/lib/thumb/v7-m/nofp\libc_nano.a(lib_a-stdio.o)
                0x000000000800f402                __sclose
 *fill*         0x000000000800f40a        0x2 
 .text._write_r
                0x000000000800f40c       0x24 d:/programfiles/st/stm32cubeide_1.4.0/stm32cubeide/plugins/com.st.stm32cube.ide.mcu.externaltools.gnu-tools-for-stm32.10.3-2021.10.win32_1.0.0.202111181127/tools/bin/../lib/gcc/arm-none-eabi/10.3.1/../../../../arm-none-eabi/lib/thumb/v7-m/nofp\libc_nano.a(lib_a-writer.o)
                0x000000000800f40c                _write_r
 .text._close_r
                0x000000000800f430       0x20 d:/programfiles/st/stm32cubeide_1.4.0/stm32cubeide/plugins/com.st.stm32cube.ide.mcu.externaltools.gnu-tools-for-stm32.10.3-2021.10.win32_1.0.0.202111181127/tools/bin/../lib/gcc/arm-none-eabi/10.3.1/../../../../arm-none-eabi/lib/thumb/v7-m/nofp\libc_nano.a(lib_a-closer.o)
                0x000000000800f430                _close_r
 .text._fstat_r
                0x000000000800f450       0x24 d:/programfiles/st/stm32cubeide_1.4.0/stm32cubeide/plugins/com.st.stm32cube.ide.mcu.externaltools.gnu-tools-for-stm32.10.3-2021.10.win32_1.0.0.202111181127/tools/bin/../lib/gcc/arm-none-eabi/10.3.1/../../../../arm-none-eabi/lib/thumb/v7-m/nofp\libc_nano.a(lib_a-fstatr.o)
                0x000000000800f450                _fstat_r
 .text._isatty_r
                0x000000000800f474       0x20 d:/programfiles/st/stm32cubeide_1.4.0/stm32cubeide/plugins/com.st.stm32cube.ide.mcu.externaltools.gnu-tools-for-stm32.10.3-2021.10.win32_1.0.0.202111181127/tools/bin/../lib/gcc/arm-none-eabi/10.3.1/../../../../arm-none-eabi/lib/thumb/v7-m/nofp\libc_nano.a(lib_a-isattyr.o)
                0x000000000800f474                _isatty_r
 .text._lseek_r
                0x000000000800f494       0x24 d:/programfiles/st/stm32cubeide_1.4.0/stm32cubeide/plugins/com.st.stm32cube.ide.mcu.externaltools.gnu-tools-for-stm32.10.3-2021.10.win32_1.0.0.202111181127/tools/bin/../lib/gcc/arm-none-eabi/10.3.1/../../../../arm-none-eabi/lib/thumb/v7-m/nofp\libc_nano.a(lib_a-lseekr.o)
                0x000000000800f494                _lseek_r
 .text._read_r  0x000000000800f4b8       0x24 d:/programfiles/st/stm32cubeide_1.4.0/stm32cubeide/plugins/com.st.stm32cube.ide.mcu.externaltools.gnu-tools-for-stm32.10.3-2021.10.win32_1.0.0.202111181127/tools/bin/../lib/gcc/arm-none-eabi/10.3.1/../../../../arm-none-eabi/lib/thumb/v7-m/nofp\libc_nano.a(lib_a-readr.o)
                0x000000000800f4b8                _read_r
 *fill*         0x000000000800f4dc        0x4 
 .text.floor    0x000000000800f4e0      0x100 d:/programfiles/st/stm32cubeide_1.4.0/stm32cubeide/plugins/com.st.stm32cube.ide.mcu.externaltools.gnu-tools-for-stm32.10.3-2021.10.win32_1.0.0.202111181127/tools/bin/../lib/gcc/arm-none-eabi/10.3.1/../../../../arm-none-eabi/lib/thumb/v7-m/nofp\libm.a(lib_a-s_floor.o)
                0x000000000800f4e0                floor
 .text.pow      0x000000000800f5e0       0xd0 d:/programfiles/st/stm32cubeide_1.4.0/stm32cubeide/plugins/com.st.stm32cube.ide.mcu.externaltools.gnu-tools-for-stm32.10.3-2021.10.win32_1.0.0.202111181127/tools/bin/../lib/gcc/arm-none-eabi/10.3.1/../../../../arm-none-eabi/lib/thumb/v7-m/nofp\libm.a(lib_a-w_pow.o)
                0x000000000800f5e0                pow
 .text.__ieee754_pow
                0x000000000800f6b0      0xa2c d:/programfiles/st/stm32cubeide_1.4.0/stm32cubeide/plugins/com.st.stm32cube.ide.mcu.externaltools.gnu-tools-for-stm32.10.3-2021.10.win32_1.0.0.202111181127/tools/bin/../lib/gcc/arm-none-eabi/10.3.1/../../../../arm-none-eabi/lib/thumb/v7-m/nofp\libm.a(lib_a-e_pow.o)
                0x000000000800f6b0                __ieee754_pow
 .text.__ieee754_sqrt
                0x00000000080100dc      0x160 d:/programfiles/st/stm32cubeide_1.4.0/stm32cubeide/plugins/com.st.stm32cube.ide.mcu.externaltools.gnu-tools-for-stm32.10.3-2021.10.win32_1.0.0.202111181127/tools/bin/../lib/gcc/arm-none-eabi/10.3.1/../../../../arm-none-eabi/lib/thumb/v7-m/nofp\libm.a(lib_a-e_sqrt.o)
                0x00000000080100dc                __ieee754_sqrt
 .text.with_errno
                0x000000000801023c       0x14 d:/programfiles/st/stm32cubeide_1.4.0/stm32cubeide/plugins/com.st.stm32cube.ide.mcu.externaltools.gnu-tools-for-stm32.10.3-2021.10.win32_1.0.0.202111181127/tools/bin/../lib/gcc/arm-none-eabi/10.3.1/../../../../arm-none-eabi/lib/thumb/v7-m/nofp\libm.a(lib_a-math_err.o)
 .text.xflow    0x0000000008010250       0x30 d:/programfiles/st/stm32cubeide_1.4.0/stm32cubeide/plugins/com.st.stm32cube.ide.mcu.externaltools.gnu-tools-for-stm32.10.3-2021.10.win32_1.0.0.202111181127/tools/bin/../lib/gcc/arm-none-eabi/10.3.1/../../../../arm-none-eabi/lib/thumb/v7-m/nofp\libm.a(lib_a-math_err.o)
 .text.__math_uflow
                0x0000000008010280        0xa d:/programfiles/st/stm32cubeide_1.4.0/stm32cubeide/plugins/com.st.stm32cube.ide.mcu.externaltools.gnu-tools-for-stm32.10.3-2021.10.win32_1.0.0.202111181127/tools/bin/../lib/gcc/arm-none-eabi/10.3.1/../../../../arm-none-eabi/lib/thumb/v7-m/nofp\libm.a(lib_a-math_err.o)
                0x0000000008010280                __math_uflow
 .text.__math_oflow
                0x000000000801028a        0xa d:/programfiles/st/stm32cubeide_1.4.0/stm32cubeide/plugins/com.st.stm32cube.ide.mcu.externaltools.gnu-tools-for-stm32.10.3-2021.10.win32_1.0.0.202111181127/tools/bin/../lib/gcc/arm-none-eabi/10.3.1/../../../../arm-none-eabi/lib/thumb/v7-m/nofp\libm.a(lib_a-math_err.o)
                0x000000000801028a                __math_oflow
 .text.fabs     0x0000000008010294        0x6 d:/programfiles/st/stm32cubeide_1.4.0/stm32cubeide/plugins/com.st.stm32cube.ide.mcu.externaltools.gnu-tools-for-stm32.10.3-2021.10.win32_1.0.0.202111181127/tools/bin/../lib/gcc/arm-none-eabi/10.3.1/../../../../arm-none-eabi/lib/thumb/v7-m/nofp\libm.a(lib_a-s_fabs.o)
                0x0000000008010294                fabs
 .text.finite   0x000000000801029a        0xc d:/programfiles/st/stm32cubeide_1.4.0/stm32cubeide/plugins/com.st.stm32cube.ide.mcu.externaltools.gnu-tools-for-stm32.10.3-2021.10.win32_1.0.0.202111181127/tools/bin/../lib/gcc/arm-none-eabi/10.3.1/../../../../arm-none-eabi/lib/thumb/v7-m/nofp\libm.a(lib_a-s_finite.o)
                0x000000000801029a                finite
 *fill*         0x00000000080102a6        0x2 
 .text.scalbn   0x00000000080102a8       0xfc d:/programfiles/st/stm32cubeide_1.4.0/stm32cubeide/plugins/com.st.stm32cube.ide.mcu.externaltools.gnu-tools-for-stm32.10.3-2021.10.win32_1.0.0.202111181127/tools/bin/../lib/gcc/arm-none-eabi/10.3.1/../../../../arm-none-eabi/lib/thumb/v7-m/nofp\libm.a(lib_a-s_scalbn.o)
                0x00000000080102a8                scalbn
 *(.glue_7)
 .glue_7        0x00000000080103a4        0x0 linker stubs
 *(.glue_7t)
 .glue_7t       0x00000000080103a4        0x0 linker stubs
 *(.eh_frame)
 .eh_frame      0x00000000080103a4        0x0 d:/programfiles/st/stm32cubeide_1.4.0/stm32cubeide/plugins/com.st.stm32cube.ide.mcu.externaltools.gnu-tools-for-stm32.10.3-2021.10.win32_1.0.0.202111181127/tools/bin/../lib/gcc/arm-none-eabi/10.3.1/thumb/v7-m/nofp/crtbegin.o
 *(.init)
 .init          0x00000000080103a4        0x4 d:/programfiles/st/stm32cubeide_1.4.0/stm32cubeide/plugins/com.st.stm32cube.ide.mcu.externaltools.gnu-tools-for-stm32.10.3-2021.10.win32_1.0.0.202111181127/tools/bin/../lib/gcc/arm-none-eabi/10.3.1/thumb/v7-m/nofp/crti.o
                0x00000000080103a4                _init
 .init          0x00000000080103a8        0x8 d:/programfiles/st/stm32cubeide_1.4.0/stm32cubeide/plugins/com.st.stm32cube.ide.mcu.externaltools.gnu-tools-for-stm32.10.3-2021.10.win32_1.0.0.202111181127/tools/bin/../lib/gcc/arm-none-eabi/10.3.1/thumb/v7-m/nofp/crtn.o
 *(.fini)
 .fini          0x00000000080103b0        0x4 d:/programfiles/st/stm32cubeide_1.4.0/stm32cubeide/plugins/com.st.stm32cube.ide.mcu.externaltools.gnu-tools-for-stm32.10.3-2021.10.win32_1.0.0.202111181127/tools/bin/../lib/gcc/arm-none-eabi/10.3.1/thumb/v7-m/nofp/crti.o
                0x00000000080103b0                _fini
 .fini          0x00000000080103b4        0x8 d:/programfiles/st/stm32cubeide_1.4.0/stm32cubeide/plugins/com.st.stm32cube.ide.mcu.externaltools.gnu-tools-for-stm32.10.3-2021.10.win32_1.0.0.202111181127/tools/bin/../lib/gcc/arm-none-eabi/10.3.1/thumb/v7-m/nofp/crtn.o
                0x00000000080103bc                . = ALIGN (0x4)
                0x00000000080103bc                _etext = .

.vfp11_veneer   0x00000000080103bc        0x0
 .vfp11_veneer  0x00000000080103bc        0x0 linker stubs

.v4_bx          0x00000000080103bc        0x0
 .v4_bx         0x00000000080103bc        0x0 linker stubs

.iplt           0x00000000080103bc        0x0
 .iplt          0x00000000080103bc        0x0 d:/programfiles/st/stm32cubeide_1.4.0/stm32cubeide/plugins/com.st.stm32cube.ide.mcu.externaltools.gnu-tools-for-stm32.10.3-2021.10.win32_1.0.0.202111181127/tools/bin/../lib/gcc/arm-none-eabi/10.3.1/thumb/v7-m/nofp/crtbegin.o

.rodata         0x00000000080103c0     0x1b50
                0x00000000080103c0                . = ALIGN (0x4)
 *(.rodata)
 .rodata        0x00000000080103c0       0x47 ./Core/JSON/Src/cJSON.o
 *fill*         0x0000000008010407        0x1 
 .rodata        0x0000000008010408       0xaa ./Core/JSON/Src/create_JSON.o
 *fill*         0x00000000080104b2        0x2 
 .rodata        0x00000000080104b4       0xa2 ./Core/JSON/Src/input_JSON.o
 *fill*         0x0000000008010556        0x2 
 .rodata        0x0000000008010558      0x130 ./Core/Src/com.o
 .rodata        0x0000000008010688       0x19 ./Core/Src/main.o
 *fill*         0x00000000080106a1        0x3 
 .rodata        0x00000000080106a4       0x48 ./Core/fatfs/Src/ff.o
 .rodata        0x00000000080106ec       0xb0 ./Core/fatfs/Src/sd_cmd.o
 .rodata        0x000000000801079c       0x36 ./Core/fatfs/Src/sd_main.o
 *fill*         0x00000000080107d2        0x2 
 .rodata        0x00000000080107d4       0x4d ./Core/led/Src/led.o
 *fill*         0x0000000008010821        0x3 
 .rodata        0x0000000008010824       0x10 ./Drivers/STM32F1xx_HAL_Driver/Src/stm32f1xx_hal_rcc.o
 *(.rodata*)
 .rodata.firstByteMark
                0x0000000008010834        0x7 ./Core/JSON/Src/cJSON.o
 *fill*         0x000000000801083b        0x1 
 .rodata.AHBPrescTable
                0x000000000801083c       0x10 ./Core/Src/system_stm32f1xx.o
                0x000000000801083c                AHBPrescTable
 .rodata.APBPrescTable
                0x000000000801084c        0x8 ./Core/Src/system_stm32f1xx.o
                0x000000000801084c                APBPrescTable
 .rodata.Tbl    0x0000000008010854      0x100 ./Core/fatfs/Src/ccsbcs.o
 .rodata.tbl_lower.1
                0x0000000008010954      0x1e0 ./Core/fatfs/Src/ccsbcs.o
 .rodata.tbl_upper.0
                0x0000000008010b34      0x1e0 ./Core/fatfs/Src/ccsbcs.o
 .rodata.ExCvt  0x0000000008010d14       0x80 ./Core/fatfs/Src/ff.o
 .rodata.LfnOfs
                0x0000000008010d94        0xd ./Core/fatfs/Src/ff.o
 *fill*         0x0000000008010da1        0x3 
 .rodata.Font11x18
                0x0000000008010da4      0xd5c ./Core/led/Src/fonts.o
 .rodata._ctype_
                0x0000000008011b00      0x101 d:/programfiles/st/stm32cubeide_1.4.0/stm32cubeide/plugins/com.st.stm32cube.ide.mcu.externaltools.gnu-tools-for-stm32.10.3-2021.10.win32_1.0.0.202111181127/tools/bin/../lib/gcc/arm-none-eabi/10.3.1/../../../../arm-none-eabi/lib/thumb/v7-m/nofp\libc_nano.a(lib_a-ctype_.o)