../Core/JSON/Src/cJSON.c:37:13:cJSON_GetErrorPtr	4	static
../Core/JSON/Src/cJSON.c:39:12:cJSON_strcasecmp	24	static
../Core/JSON/Src/cJSON.c:54:14:cJSON_strdup	24	static
../Core/JSON/Src/cJSON.c:65:6:cJSON_InitHooks	16	static
../Core/JSON/Src/cJSON.c:78:15:cJSON_New_Item	16	static
../Core/JSON/Src/cJSON.c:86:6:cJSON_Delete	24	static
../Core/JSON/Src/cJSON.c:101:20:parse_number	56	static
../Core/JSON/Src/cJSON.c:122:12:pow2gt	16	static
../Core/JSON/Src/cJSON.c:126:14:ensure	24	static
../Core/JSON/Src/cJSON.c:143:12:update	32	static
../Core/JSON/Src/cJSON.c:152:14:print_number	72	static
../Core/JSON/Src/cJSON.c:182:17:parse_hex4	24	static
../Core/JSON/Src/cJSON.c:197:20:parse_string	40	static
../Core/JSON/Src/cJSON.c:257:14:print_string_ptr	40	static
../Core/JSON/Src/cJSON.c:314:14:print_string	16	static
../Core/JSON/Src/cJSON.c:325:20:skip	16	static
../Core/JSON/Src/cJSON.c:328:8:cJSON_ParseWithOpts	32	static
../Core/JSON/Src/cJSON.c:344:8:cJSON_Parse	16	static
../Core/JSON/Src/cJSON.c:347:7:cJSON_Print	16	static
../Core/JSON/Src/cJSON.c:348:7:cJSON_PrintUnformatted	16	static
../Core/JSON/Src/cJSON.c:350:7:cJSON_PrintBuffered	40	static
../Core/JSON/Src/cJSON.c:362:20:parse_value	16	static
../Core/JSON/Src/cJSON.c:377:14:print_value	32	static
../Core/JSON/Src/cJSON.c:411:20:parse_array	24	static
../Core/JSON/Src/cJSON.c:439:14:print_array	64	static
../Core/JSON/Src/cJSON.c:519:20:parse_object	24	static
../Core/JSON/Src/cJSON.c:555:14:print_object	88	static
../Core/JSON/Src/cJSON.c:671:8:cJSON_GetArraySize	24	static
../Core/JSON/Src/cJSON.c:672:8:cJSON_GetArrayItem	24	static
../Core/JSON/Src/cJSON.c:673:8:cJSON_GetObjectItem	24	static
../Core/JSON/Src/cJSON.c:676:13:suffix_object	16	static
../Core/JSON/Src/cJSON.c:678:15:create_reference	24	static
../Core/JSON/Src/cJSON.c:681:8:cJSON_AddItemToArray	24	static
../Core/JSON/Src/cJSON.c:682:8:cJSON_AddItemToObject	24	static
../Core/JSON/Src/cJSON.c:683:8:cJSON_AddItemToObjectCS	24	static
../Core/JSON/Src/cJSON.c:684:6:cJSON_AddItemReferenceToArray	16	static
../Core/JSON/Src/cJSON.c:685:6:cJSON_AddItemReferenceToObject	24	static
../Core/JSON/Src/cJSON.c:687:8:cJSON_DetachItemFromArray	24	static
../Core/JSON/Src/cJSON.c:701:8:cJSON_DeleteItemFromArray	16	static
../Core/JSON/Src/cJSON.c:702:8:cJSON_DetachItemFromObject	24	static
../Core/JSON/Src/cJSON.c:703:8:cJSON_DeleteItemFromObject	16	static
../Core/JSON/Src/cJSON.c:706:8:cJSON_InsertItemInArray	32	static
../Core/JSON/Src/cJSON.c:708:8:cJSON_ReplaceItemInArray	32	static
../Core/JSON/Src/cJSON.c:711:8:cJSON_ReplaceItemInObject	32	static
../Core/JSON/Src/cJSON.c:714:8:cJSON_CreateNull	16	static
../Core/JSON/Src/cJSON.c:715:8:cJSON_CreateTrue	16	static
../Core/JSON/Src/cJSON.c:716:8:cJSON_CreateFalse	16	static
../Core/JSON/Src/cJSON.c:717:8:cJSON_CreateBool	24	static
../Core/JSON/Src/cJSON.c:718:8:cJSON_CreateNumber	24	static
../Core/JSON/Src/cJSON.c:719:8:cJSON_CreateString	24	static
../Core/JSON/Src/cJSON.c:720:8:cJSON_CreateArray	16	static
../Core/JSON/Src/cJSON.c:721:8:cJSON_CreateObject	16	static
../Core/JSON/Src/cJSON.c:724:8:cJSON_CreateIntArray	32	static
../Core/JSON/Src/cJSON.c:725:8:cJSON_CreateFloatArray	32	static
../Core/JSON/Src/cJSON.c:726:8:cJSON_CreateDoubleArray	32	static
../Core/JSON/Src/cJSON.c:727:8:cJSON_CreateStringArray	32	static
../Core/JSON/Src/cJSON.c:730:8:cJSON_Duplicate	32	static
../Core/JSON/Src/cJSON.c:757:6:cJSON_Minify	24	static
