../Core/fatfs/Src/spi_sd.c:55:13:FCLK_SLOW	16	static
../Core/fatfs/Src/spi_sd.c:71:13:FCLK_FAST	16	static
../Core/fatfs/Src/spi_sd.c:142:23:xmit_spi	16	static
../Core/fatfs/Src/spi_sd.c:163:23:rcvr_spi	8	static
../Core/fatfs/Src/spi_sd.c:177:12:wait_ready	16	static
../Core/fatfs/Src/spi_sd.c:197:20:deselect	8	static
../Core/fatfs/Src/spi_sd.c:210:19:selecting	8	static
../Core/fatfs/Src/spi_sd.c:230:12:power_status	4	static
../Core/fatfs/Src/spi_sd.c:242:13:power_on	16	static
../Core/fatfs/Src/spi_sd.c:263:13:power_off	4	static
../Core/fatfs/Src/spi_sd.c:275:12:rcvr_datablock	32	static
../Core/fatfs/Src/spi_sd.c:310:12:xmit_datablock	24	static
../Core/fatfs/Src/spi_sd.c:345:16:send_cmd	24	static
../Core/fatfs/Src/spi_sd.c:397:9:disk_initialize	32	static
../Core/fatfs/Src/spi_sd.c:459:9:disk_status	16	static
../Core/fatfs/Src/spi_sd.c:474:9:disk_read	24	static
../Core/fatfs/Src/spi_sd.c:512:9:disk_write	24	static
../Core/fatfs/Src/spi_sd.c:553:9:disk_ioctl	48	static
../Core/fatfs/Src/spi_sd.c:698:6:disk_timerproc	16	static
../Core/fatfs/Src/spi_sd.c:715:10:get_fattime	4	static
